Archive member included to satisfy reference by file (symbol)

c:/progra~1/raspbe~1/picosd~1.1/gcc-ar~1/bin/../lib/gcc/arm-none-eabi/10.3.1/thumb/v6-m/nofp\libgcc.a(_dvmd_tls.o)
                              CMakeFiles/pico_to_zero.dir/C_/Users/zjxu/Pico-v1.5.1/pico-sdk/src/rp2_common/pico_divider/divider.S.obj (__aeabi_idiv0)
c:/progra~1/raspbe~1/picosd~1.1/gcc-ar~1/bin/../lib/gcc/arm-none-eabi/10.3.1/../../../../arm-none-eabi/lib/thumb/v6-m/nofp\libg.a(lib_a-calloc.o)
                              CMakeFiles/pico_to_zero.dir/C_/Users/zjxu/Pico-v1.5.1/pico-sdk/src/rp2_common/pico_malloc/pico_malloc.c.obj (calloc)
c:/progra~1/raspbe~1/picosd~1.1/gcc-ar~1/bin/../lib/gcc/arm-none-eabi/10.3.1/../../../../arm-none-eabi/lib/thumb/v6-m/nofp\libg.a(lib_a-callocr.o)
                              c:/progra~1/raspbe~1/picosd~1.1/gcc-ar~1/bin/../lib/gcc/arm-none-eabi/10.3.1/../../../../arm-none-eabi/lib/thumb/v6-m/nofp\libg.a(lib_a-calloc.o) (_calloc_r)
c:/progra~1/raspbe~1/picosd~1.1/gcc-ar~1/bin/../lib/gcc/arm-none-eabi/10.3.1/../../../../arm-none-eabi/lib/thumb/v6-m/nofp\libg.a(lib_a-errno.o)
                              c:/progra~1/raspbe~1/picosd~1.1/gcc-ar~1/bin/../lib/gcc/arm-none-eabi/10.3.1/../../../../arm-none-eabi/lib/thumb/v6-m/nofp\libg.a(lib_a-callocr.o) (__errno)
c:/progra~1/raspbe~1/picosd~1.1/gcc-ar~1/bin/../lib/gcc/arm-none-eabi/10.3.1/../../../../arm-none-eabi/lib/thumb/v6-m/nofp\libg.a(lib_a-impure.o)
                              c:/progra~1/raspbe~1/picosd~1.1/gcc-ar~1/bin/../lib/gcc/arm-none-eabi/10.3.1/../../../../arm-none-eabi/lib/thumb/v6-m/nofp\libg.a(lib_a-calloc.o) (_impure_ptr)
c:/progra~1/raspbe~1/picosd~1.1/gcc-ar~1/bin/../lib/gcc/arm-none-eabi/10.3.1/../../../../arm-none-eabi/lib/thumb/v6-m/nofp\libg.a(lib_a-init.o)
                              c:/progra~1/raspbe~1/picosd~1.1/gcc-ar~1/bin/../lib/gcc/arm-none-eabi/10.3.1/../../../../arm-none-eabi/lib/thumb/v6-m/nofp/crt0.o (__libc_init_array)
c:/progra~1/raspbe~1/picosd~1.1/gcc-ar~1/bin/../lib/gcc/arm-none-eabi/10.3.1/../../../../arm-none-eabi/lib/thumb/v6-m/nofp\libg.a(lib_a-malloc.o)
                              CMakeFiles/pico_to_zero.dir/C_/Users/zjxu/Pico-v1.5.1/pico-sdk/src/rp2_common/pico_malloc/pico_malloc.c.obj (malloc)
c:/progra~1/raspbe~1/picosd~1.1/gcc-ar~1/bin/../lib/gcc/arm-none-eabi/10.3.1/../../../../arm-none-eabi/lib/thumb/v6-m/nofp\libg.a(lib_a-mallocr.o)
                              c:/progra~1/raspbe~1/picosd~1.1/gcc-ar~1/bin/../lib/gcc/arm-none-eabi/10.3.1/../../../../arm-none-eabi/lib/thumb/v6-m/nofp\libg.a(lib_a-callocr.o) (_malloc_r)
c:/progra~1/raspbe~1/picosd~1.1/gcc-ar~1/bin/../lib/gcc/arm-none-eabi/10.3.1/../../../../arm-none-eabi/lib/thumb/v6-m/nofp\libg.a(lib_a-mlock.o)
                              c:/progra~1/raspbe~1/picosd~1.1/gcc-ar~1/bin/../lib/gcc/arm-none-eabi/10.3.1/../../../../arm-none-eabi/lib/thumb/v6-m/nofp\libg.a(lib_a-mallocr.o) (__malloc_lock)
c:/progra~1/raspbe~1/picosd~1.1/gcc-ar~1/bin/../lib/gcc/arm-none-eabi/10.3.1/../../../../arm-none-eabi/lib/thumb/v6-m/nofp\libg.a(lib_a-realloc.o)
                              CMakeFiles/pico_to_zero.dir/C_/Users/zjxu/Pico-v1.5.1/pico-sdk/src/rp2_common/pico_malloc/pico_malloc.c.obj (realloc)
c:/progra~1/raspbe~1/picosd~1.1/gcc-ar~1/bin/../lib/gcc/arm-none-eabi/10.3.1/../../../../arm-none-eabi/lib/thumb/v6-m/nofp\libg.a(lib_a-reallocr.o)
                              c:/progra~1/raspbe~1/picosd~1.1/gcc-ar~1/bin/../lib/gcc/arm-none-eabi/10.3.1/../../../../arm-none-eabi/lib/thumb/v6-m/nofp\libg.a(lib_a-realloc.o) (_realloc_r)
c:/progra~1/raspbe~1/picosd~1.1/gcc-ar~1/bin/../lib/gcc/arm-none-eabi/10.3.1/../../../../arm-none-eabi/lib/thumb/v6-m/nofp\libg.a(lib_a-sbrkr.o)
                              c:/progra~1/raspbe~1/picosd~1.1/gcc-ar~1/bin/../lib/gcc/arm-none-eabi/10.3.1/../../../../arm-none-eabi/lib/thumb/v6-m/nofp\libg.a(lib_a-mallocr.o) (_sbrk_r)
c:/progra~1/raspbe~1/picosd~1.1/gcc-ar~1/bin/../lib/gcc/arm-none-eabi/10.3.1/../../../../arm-none-eabi/lib/thumb/v6-m/nofp\libg.a(lib_a-scanf.o)
                              CMakeFiles/pico_to_zero.dir/pico_to_zero.c.obj (scanf)
c:/progra~1/raspbe~1/picosd~1.1/gcc-ar~1/bin/../lib/gcc/arm-none-eabi/10.3.1/../../../../arm-none-eabi/lib/thumb/v6-m/nofp\libg.a(lib_a-strlen-stub.o)
                              CMakeFiles/pico_to_zero.dir/C_/Users/zjxu/Pico-v1.5.1/pico-sdk/src/rp2_common/pico_stdio/stdio.c.obj (strlen)
c:/progra~1/raspbe~1/picosd~1.1/gcc-ar~1/bin/../lib/gcc/arm-none-eabi/10.3.1/../../../../arm-none-eabi/lib/thumb/v6-m/nofp\libg.a(lib_a-vfscanf.o)
                              c:/progra~1/raspbe~1/picosd~1.1/gcc-ar~1/bin/../lib/gcc/arm-none-eabi/10.3.1/../../../../arm-none-eabi/lib/thumb/v6-m/nofp\libg.a(lib_a-scanf.o) (_vfscanf_r)
c:/progra~1/raspbe~1/picosd~1.1/gcc-ar~1/bin/../lib/gcc/arm-none-eabi/10.3.1/../../../../arm-none-eabi/lib/thumb/v6-m/nofp\libg.a(lib_a-ctype_.o)
[...]
Memory Configuration

Name             Origin             Length             Attributes
FLASH            0x10000000         0x00200000         xr
RAM              0x20000000         0x00040000         xrw
SCRATCH_X        0x20040000         0x00001000         xrw
SCRATCH_Y        0x20041000         0x00001000         xrw
*default*        0x00000000         0xffffffff

Linker script and memory map

LOAD c:/progra~1/raspbe~1/picosd~1.1/gcc-ar~1/bin/../lib/gcc/arm-none-eabi/10.3.1/thumb/v6-m/nofp/crti.o
LOAD c:/progra~1/raspbe~1/picosd~1.1/gcc-ar~1/bin/../lib/gcc/arm-none-eabi/10.3.1/thumb/v6-m/nofp/crtbegin.o
LOAD c:/progra~1/raspbe~1/picosd~1.1/gcc-ar~1/bin/../lib/gcc/arm-none-eabi/10.3.1/../../../../arm-none-eabi/lib/thumb/v6-m/nofp/crt0.o

.flash_begin    0x10000000        0x0
                0x10000000                __flash_binary_start = .

.boot2          0x10000000      0x100
                0x10000000                __boot2_start__ = .
 *(.boot2)
 .boot2         0x10000000      0x100 C:\Users\zjxu\AppData\Local\Temp\ccS7e1UQ.o
                0x10000100                __boot2_end__ = .
                0x00000001                ASSERT (((__boot2_end__ - __boot2_start__) == 0x100), ERROR: Pico second stage bootloader must be 256 bytes in size)

.text           0x10000100     0xcf20
                0x10000100                __logical_binary_start = .
 *(.vectors)
 .vectors       0x10000100       0xd4 CMakeFiles/pico_to_zero.dir/C_/Users/zjxu/Pico-v1.5.1/pico-sdk/src/rp2_common/pico_standard_link/crt0.S.obj
                0x10000100                __VECTOR_TABLE
                0x10000100                __vectors
                0x100001c0                isr_invalid
                0x100001c0                __default_isrs_start
                0x100001c2                isr_nmi
                0x100001c4                isr_hardfault
                0x100001c6                isr_svcall
                0x100001c8                isr_pendsv
                0x100001ca                isr_systick
                0x100001cc                isr_irq23
                0x100001cc                isr_irq18
                0x100001cc                isr_irq11
                0x100001cc                isr_irq28
                0x100001cc                isr_irq19
                0x100001cc                isr_irq0
                0x100001cc                isr_irq6
                0x100001cc                isr_irq5
                0x100001cc                isr_irq12
                0x100001cc                isr_irq22
                0x100001cc                isr_irq31
                0x100001cc                isr_irq17
                0x100001cc                isr_irq27
                0x100001cc                isr_irq30
                0x100001cc                isr_irq2
                0x100001cc                isr_irq10
                0x100001cc                isr_irq8
                0x100001cc                isr_irq24
                0x100001cc                isr_irq1
                0x100001cc                isr_irq7
                0x100001cc                isr_irq21
                0x100001cc                isr_irq20
                0x100001cc                isr_irq15
                0x100001cc                isr_irq25
                0x100001cc                isr_irq13
                0x100001cc                __unhandled_user_irq
                0x100001cc                isr_irq4
                0x100001cc                isr_irq16
                0x100001cc                isr_irq29
                0x100001cc                isr_irq26
                0x100001cc                __default_isrs_end
                0x100001cc                isr_irq3
                0x100001cc                isr_irq14
                0x100001cc                isr_irq9
                0x100001d2                unhandled_user_irq_num_in_r0
 *(.binary_info_header)
 .binary_info_header
                0x100001d4       0x14 CMakeFiles/pico_to_zero.dir/C_/Users/zjxu/Pico-v1.5.1/pico-sdk/src/rp2_common/pico_standard_link/crt0.S.obj
                0x100001e8                __binary_info_header_end = .
 *(.reset)
 .reset         0x100001e8       0xa0 CMakeFiles/pico_to_zero.dir/C_/Users/zjxu/Pico-v1.5.1/pico-sdk/src/rp2_common/pico_standard_link/crt0.S.obj
                0x100001e8                _entry_point
 .reset         0x10000288       0x30 CMakeFiles/pico_to_zero.dir/C_/Users/zjxu/Pico-v1.5.1/pico-sdk/src/rp2_common/pico_standard_link/binary_info.c.obj
 *(.init)
 .init          0x100002b8        0x4 c:/progra~1/raspbe~1/picosd~1.1/gcc-ar~1/bin/../lib/gcc/arm-none-eabi/10.3.1/thumb/v6-m/nofp/crti.o
                0x100002b8                _init
 *(EXCLUDE_FILE(*libm.a: *libc.a:*lib_a-mem*.o *libgcc.a:) .text*)
 .text          0x100002bc       0x48 c:/progra~1/raspbe~1/picosd~1.1/gcc-ar~1/bin/../lib/gcc/arm-none-eabi/10.3.1/thumb/v6-m/nofp/crtbegin.o
 .text.get_chars
                0x10000304       0x70 CMakeFiles/pico_to_zero.dir/pico_to_zero.c.obj
                0x10000304                get_chars
 .text.main     0x10000374      0x140 CMakeFiles/pico_to_zero.dir/pico_to_zero.c.obj
                0x10000374                main
 .text.gpio_set_function
                0x100004b4       0x30 CMakeFiles/pico_to_zero.dir/C_/Users/zjxu/Pico-v1.5.1/pico-sdk/src/rp2_common/hardware_gpio/gpio.c.obj
                0x100004b4                gpio_set_function
 .text.running_on_fpga
                0x100004e4       0x14 CMakeFiles/pico_to_zero.dir/C_/Users/zjxu/Pico-v1.5.1/pico-sdk/src/rp2_common/pico_platform/platform.c.obj
                0x100004e4                running_on_fpga
 .text.hw_claim_lock
                0x100004f8       0x18 CMakeFiles/pico_to_zero.dir/C_/Users/zjxu/Pico-v1.5.1/pico-sdk/src/rp2_common/hardware_claim/claim.c.obj
                0x100004f8                hw_claim_lock
 .text.hw_claim_unlock
                0x10000510       0x14 CMakeFiles/pico_to_zero.dir/C_/Users/zjxu/Pico-v1.5.1/pico-sdk/src/rp2_common/hardware_claim/claim.c.obj
                0x10000510                hw_claim_unlock
 .text.hw_claim_or_assert
                0x10000524       0x32 CMakeFiles/pico_to_zero.dir/C_/Users/zjxu/Pico-v1.5.1/pico-sdk/src/rp2_common/hardware_claim/claim.c.obj
                0x10000524                hw_claim_or_assert
 .text.hw_claim_unused_from_range
                0x10000556       0x50 CMakeFiles/pico_to_zero.dir/C_/Users/zjxu/Pico-v1.5.1/pico-sdk/src/rp2_common/hardware_claim/claim.c.obj
                0x10000556                hw_claim_unused_from_range
 *fill*         0x100005a6        0x2 
 .text.spin_locks_reset
                0x100005a8       0x20 CMakeFiles/pico_to_zero.dir/C_/Users/zjxu/Pico-v1.5.1/pico-sdk/src/rp2_common/hardware_sync/sync.c.obj
                0x100005a8                spin_locks_reset
 .text.next_striped_spin_lock_num
                0x100005c8       0x1c CMakeFiles/pico_to_zero.dir/C_/Users/zjxu/Pico-v1.5.1/pico-sdk/src/rp2_common/hardware_sync/sync.c.obj
                0x100005c8                next_striped_spin_lock_num
 .text.spin_lock_claim_unused
                0x100005e4       0x20 CMakeFiles/pico_to_zero.dir/C_/Users/zjxu/Pico-v1.5.1/pico-sdk/src/rp2_common/hardware_sync/sync.c.obj
                0x100005e4                spin_lock_claim_unused
 .text.set_raw_irq_handler_and_unlock
                0x10000604       0x28 CMakeFiles/pico_to_zero.dir/C_/Users/zjxu/Pico-v1.5.1/pico-sdk/src/rp2_common/hardware_irq/irq.c.obj
 .text.make_branch
                0x1000062c       0x48 CMakeFiles/pico_to_zero.dir/C_/Users/zjxu/Pico-v1.5.1/pico-sdk/src/rp2_common/hardware_irq/irq.c.obj
 .text.insert_branch_and_link
                0x10000674       0x40 CMakeFiles/pico_to_zero.dir/C_/Users/zjxu/Pico-v1.5.1/pico-sdk/src/rp2_common/hardware_irq/irq.c.obj
 .text.irq_is_enabled
                0x100006b4       0x18 CMakeFiles/pico_to_zero.dir/C_/Users/zjxu/Pico-v1.5.1/pico-sdk/src/rp2_common/hardware_irq/irq.c.obj
                0x100006b4                irq_is_enabled
 .text.irq_set_mask_enabled
                0x100006cc       0x20 CMakeFiles/pico_to_zero.dir/C_/Users/zjxu/Pico-v1.5.1/pico-sdk/src/rp2_common/hardware_irq/irq.c.obj
                0x100006cc                irq_set_mask_enabled
 .text.irq_set_enabled
                0x100006ec        0xe CMakeFiles/pico_to_zero.dir/C_/Users/zjxu/Pico-v1.5.1/pico-sdk/src/rp2_common/hardware_irq/irq.c.obj
                0x100006ec                irq_set_enabled
 *fill*         0x100006fa        0x2 
 .text.irq_set_pending
                0x100006fc       0x10 CMakeFiles/pico_to_zero.dir/C_/Users/zjxu/Pico-v1.5.1/pico-sdk/src/rp2_common/hardware_irq/irq.c.obj
                0x100006fc                irq_set_pending
 .text.irq_get_vtable_handler
                0x1000070c       0x10 CMakeFiles/pico_to_zero.dir/C_/Users/zjxu/Pico-v1.5.1/pico-sdk/src/rp2_common/hardware_irq/irq.c.obj
                0x1000070c                irq_get_vtable_handler
 .text.irq_has_shared_handler
                0x1000071c       0x24 CMakeFiles/pico_to_zero.dir/C_/Users/zjxu/Pico-v1.5.1/pico-sdk/src/rp2_common/hardware_irq/irq.c.obj
                0x1000071c                irq_has_shared_handler
 .text.irq_set_exclusive_handler
                0x10000740       0x54 CMakeFiles/pico_to_zero.dir/C_/Users/zjxu/Pico-v1.5.1/pico-sdk/src/rp2_common/hardware_irq/irq.c.obj
                0x10000740                irq_set_exclusive_handler
 .text.irq_add_shared_handler
                0x10000794      0x234 CMakeFiles/pico_to_zero.dir/C_/Users/zjxu/Pico-v1.5.1/pico-sdk/src/rp2_common/hardware_irq/irq.c.obj
                0x10000794                irq_add_shared_handler
 .text.irq_remove_handler
                0x100009c8      0x1ac CMakeFiles/pico_to_zero.dir/C_/Users/zjxu/Pico-v1.5.1/pico-sdk/src/rp2_common/hardware_irq/irq.c.obj
                0x100009c8                irq_remove_handler
 .text.irq_add_tail_to_free_list
                0x10000b74       0xf0 CMakeFiles/pico_to_zero.dir/C_/Users/zjxu/Pico-v1.5.1/pico-sdk/src/rp2_common/hardware_irq/irq.c.obj
                0x10000b74                irq_add_tail_to_free_list
 .text.irq_init_priorities
                0x10000c64       0x1c CMakeFiles/pico_to_zero.dir/C_/Users/zjxu/Pico-v1.5.1/pico-sdk/src/rp2_common/hardware_irq/irq.c.obj
                0x10000c64                irq_init_priorities
 .text.user_irq_claim_unused
                0x10000c80       0x28 CMakeFiles/pico_to_zero.dir/C_/Users/zjxu/Pico-v1.5.1/pico-sdk/src/rp2_common/hardware_irq/irq.c.obj
                0x10000c80                user_irq_claim_unused
 .text.lock_init
                0x10000ca8       0x10 CMakeFiles/pico_to_zero.dir/C_/Users/zjxu/Pico-v1.5.1/pico-sdk/src/common/pico_sync/lock_core.c.obj
                0x10000ca8                lock_init
 .text.mutex_init
                0x10000cb8       0x1a CMakeFiles/pico_to_zero.dir/C_/Users/zjxu/Pico-v1.5.1/pico-sdk/src/common/pico_sync/mutex.c.obj
                0x10000cb8                mutex_init
 .text.recursive_mutex_init
                0x10000cd2       0x1e CMakeFiles/pico_to_zero.dir/C_/Users/zjxu/Pico-v1.5.1/pico-sdk/src/common/pico_sync/mutex.c.obj
                0x10000cd2                recursive_mutex_init
 .text.critical_section_init_with_lock_num
                0x10000cf0       0x14 CMakeFiles/pico_to_zero.dir/C_/Users/zjxu/Pico-v1.5.1/pico-sdk/src/common/pico_sync/critical_section.c.obj
                0x10000cf0                critical_section_init_with_lock_num
 .text.critical_section_init
                0x10000d04       0x14 CMakeFiles/pico_to_zero.dir/C_/Users/zjxu/Pico-v1.5.1/pico-sdk/src/common/pico_sync/critical_section.c.obj
                0x10000d04                critical_section_init
 .text.alarm_pool_post_alloc_init
                0x10000d18       0x40 CMakeFiles/pico_to_zero.dir/C_/Users/zjxu/Pico-v1.5.1/pico-sdk/src/common/pico_time/time.c.obj
 .text.sleep_until_callback
                0x10000d58       0x30 CMakeFiles/pico_to_zero.dir/C_/Users/zjxu/Pico-v1.5.1/pico-sdk/src/common/pico_time/time.c.obj
 .text.timer_pool_entry_comparator
                0x10000d88       0x7c CMakeFiles/pico_to_zero.dir/C_/Users/zjxu/Pico-v1.5.1/pico-sdk/src/common/pico_time/time.c.obj
                0x10000d88                timer_pool_entry_comparator
 .text.ph_add_child_node
                0x10000e04       0xa4 CMakeFiles/pico_to_zero.dir/C_/Users/zjxu/Pico-v1.5.1/pico-sdk/src/common/pico_time/time.c.obj
 .text.ph_merge_nodes
                0x10000ea8       0x3e CMakeFiles/pico_to_zero.dir/C_/Users/zjxu/Pico-v1.5.1/pico-sdk/src/common/pico_time/time.c.obj
 *fill*         0x10000ee6        0x2 
 .text.add_alarm_under_lock
                0x10000ee8      0x174 CMakeFiles/pico_to_zero.dir/C_/Users/zjxu/Pico-v1.5.1/pico-sdk/src/common/pico_time/time.c.obj
 .text.alarm_pool_alarm_callback
                0x1000105c      0x33c CMakeFiles/pico_to_zero.dir/C_/Users/zjxu/Pico-v1.5.1/pico-sdk/src/common/pico_time/time.c.obj
 .text.alarm_pool_init_default
                0x10001398       0x40 CMakeFiles/pico_to_zero.dir/C_/Users/zjxu/Pico-v1.5.1/pico-sdk/src/common/pico_time/time.c.obj
                0x10001398                alarm_pool_init_default
 .text.alarm_pool_get_default
                0x100013d8       0x2c CMakeFiles/pico_to_zero.dir/C_/Users/zjxu/Pico-v1.5.1/pico-sdk/src/common/pico_time/time.c.obj
                0x100013d8                alarm_pool_get_default
 .text.alarm_pool_add_alarm_at
                0x10001404      0x168 CMakeFiles/pico_to_zero.dir/C_/Users/zjxu/Pico-v1.5.1/pico-sdk/src/common/pico_time/time.c.obj
                0x10001404                alarm_pool_add_alarm_at
 .text.alarm_pool_cancel_alarm
                0x1000156c       0xf8 CMakeFiles/pico_to_zero.dir/C_/Users/zjxu/Pico-v1.5.1/pico-sdk/src/common/pico_time/time.c.obj
                0x1000156c                alarm_pool_cancel_alarm
 .text.alarm_pool_core_num
                0x10001664        0x4 CMakeFiles/pico_to_zero.dir/C_/Users/zjxu/Pico-v1.5.1/pico-sdk/src/common/pico_time/time.c.obj
                0x10001664                alarm_pool_core_num
 .text.sleep_until
                0x10001668       0xfc CMakeFiles/pico_to_zero.dir/C_/Users/zjxu/Pico-v1.5.1/pico-sdk/src/common/pico_time/time.c.obj
                0x10001668                sleep_until
 .text.sleep_us
                0x10001764       0x58 CMakeFiles/pico_to_zero.dir/C_/Users/zjxu/Pico-v1.5.1/pico-sdk/src/common/pico_time/time.c.obj
                0x10001764                sleep_us
 .text.sleep_ms
                0x100017bc       0x14 CMakeFiles/pico_to_zero.dir/C_/Users/zjxu/Pico-v1.5.1/pico-sdk/src/common/pico_time/time.c.obj
                0x100017bc                sleep_ms
 .text.best_effort_wfe_or_timeout
                0x100017d0       0xac CMakeFiles/pico_to_zero.dir/C_/Users/zjxu/Pico-v1.5.1/pico-sdk/src/common/pico_time/time.c.obj
                0x100017d0                best_effort_wfe_or_timeout
 .text.hardware_alarm_irq_handler
                0x1000187c       0x90 CMakeFiles/pico_to_zero.dir/C_/Users/zjxu/Pico-v1.5.1/pico-sdk/src/rp2_common/hardware_timer/timer.c.obj
 .text.hardware_alarm_claim
                0x1000190c       0x18 CMakeFiles/pico_to_zero.dir/C_/Users/zjxu/Pico-v1.5.1/pico-sdk/src/rp2_common/hardware_timer/timer.c.obj
                0x1000190c                hardware_alarm_claim
 .text.time_us_64
                0x10001924       0x18 CMakeFiles/pico_to_zero.dir/C_/Users/zjxu/Pico-v1.5.1/pico-sdk/src/rp2_common/hardware_timer/timer.c.obj
                0x10001924                time_us_64
 .text.busy_wait_until
                0x1000193c       0x28 CMakeFiles/pico_to_zero.dir/C_/Users/zjxu/Pico-v1.5.1/pico-sdk/src/rp2_common/hardware_timer/timer.c.obj
                0x1000193c                busy_wait_until
 .text.busy_wait_us
                0x10001964       0x48 CMakeFiles/pico_to_zero.dir/C_/Users/zjxu/Pico-v1.5.1/pico-sdk/src/rp2_common/hardware_timer/timer.c.obj
                0x10001964                busy_wait_us
 .text.hardware_alarm_set_callback
                0x100019ac       0x90 CMakeFiles/pico_to_zero.dir/C_/Users/zjxu/Pico-v1.5.1/pico-sdk/src/rp2_common/hardware_timer/timer.c.obj
                0x100019ac                hardware_alarm_set_callback
 .text.hardware_alarm_set_target
                0x10001a3c       0xe8 CMakeFiles/pico_to_zero.dir/C_/Users/zjxu/Pico-v1.5.1/pico-sdk/src/rp2_common/hardware_timer/timer.c.obj
                0x10001a3c                hardware_alarm_set_target
 .text.hardware_alarm_cancel
                0x10001b24       0x40 CMakeFiles/pico_to_zero.dir/C_/Users/zjxu/Pico-v1.5.1/pico-sdk/src/rp2_common/hardware_timer/timer.c.obj
                0x10001b24                hardware_alarm_cancel
 .text.ph_add_child_node
                0x10001b64       0xa4 CMakeFiles/pico_to_zero.dir/C_/Users/zjxu/Pico-v1.5.1/pico-sdk/src/common/pico_util/pheap.c.obj
 .text.ph_merge_nodes
                0x10001c08       0x3e CMakeFiles/pico_to_zero.dir/C_/Users/zjxu/Pico-v1.5.1/pico-sdk/src/common/pico_util/pheap.c.obj
 *fill*         0x10001c46        0x2 
 .text.ph_clear
                0x10001c48       0x70 CMakeFiles/pico_to_zero.dir/C_/Users/zjxu/Pico-v1.5.1/pico-sdk/src/common/pico_util/pheap.c.obj
                0x10001c48                ph_clear
 .text.ph_post_alloc_init
                0x10001cb8        0xe CMakeFiles/pico_to_zero.dir/C_/Users/zjxu/Pico-v1.5.1/pico-sdk/src/common/pico_util/pheap.c.obj
                0x10001cb8                ph_post_alloc_init
 *fill*         0x10001cc6        0x2 
 .text.ph_merge_two_pass
                0x10001cc8       0xa8 CMakeFiles/pico_to_zero.dir/C_/Users/zjxu/Pico-v1.5.1/pico-sdk/src/common/pico_util/pheap.c.obj
                0x10001cc8                ph_merge_two_pass
 .text.ph_remove_any_head
                0x10001d70      0x128 CMakeFiles/pico_to_zero.dir/C_/Users/zjxu/Pico-v1.5.1/pico-sdk/src/common/pico_util/pheap.c.obj
 .text.ph_remove_head
                0x10001e98       0x14 CMakeFiles/pico_to_zero.dir/C_/Users/zjxu/Pico-v1.5.1/pico-sdk/src/common/pico_util/pheap.c.obj
                0x10001e98                ph_remove_head
 .text.ph_remove_and_free_node
                0x10001eac       0xf8 CMakeFiles/pico_to_zero.dir/C_/Users/zjxu/Pico-v1.5.1/pico-sdk/src/common/pico_util/pheap.c.obj
                0x10001eac                ph_remove_and_free_node
 .text.uart_disable_before_lcr_write
                0x10001fa4       0x48 CMakeFiles/pico_to_zero.dir/C_/Users/zjxu/Pico-v1.5.1/pico-sdk/src/rp2_common/hardware_uart/uart.c.obj
 .text.uart_write_lcr_bits_masked
                0x10001fec       0x22 CMakeFiles/pico_to_zero.dir/C_/Users/zjxu/Pico-v1.5.1/pico-sdk/src/rp2_common/hardware_uart/uart.c.obj
 *fill*         0x1000200e        0x2 
 .text.uart_set_baudrate
                0x10002010       0x5c CMakeFiles/pico_to_zero.dir/C_/Users/zjxu/Pico-v1.5.1/pico-sdk/src/rp2_common/hardware_uart/uart.c.obj
                0x10002010                uart_set_baudrate
 .text.uart_set_format
                0x1000206c       0x2c CMakeFiles/pico_to_zero.dir/C_/Users/zjxu/Pico-v1.5.1/pico-sdk/src/rp2_common/hardware_uart/uart.c.obj
                0x1000206c                uart_set_format
 .text.uart_set_fifo_enabled
                0x10002098       0x10 CMakeFiles/pico_to_zero.dir/C_/Users/zjxu/Pico-v1.5.1/pico-sdk/src/rp2_common/hardware_uart/uart.c.obj
                0x10002098                uart_set_fifo_enabled
 .text.uart_set_translate_crlf
                0x100020a8       0x28 CMakeFiles/pico_to_zero.dir/C_/Users/zjxu/Pico-v1.5.1/pico-sdk/src/rp2_common/hardware_uart/uart.c.obj
                0x100020a8                uart_set_translate_crlf
 .text.uart_init
                0x100020d0       0x80 CMakeFiles/pico_to_zero.dir/C_/Users/zjxu/Pico-v1.5.1/pico-sdk/src/rp2_common/hardware_uart/uart.c.obj
                0x100020d0                uart_init
 .text.clock_configure
                0x10002150      0x108 CMakeFiles/pico_to_zero.dir/C_/Users/zjxu/Pico-v1.5.1/pico-sdk/src/rp2_common/hardware_clocks/clocks.c.obj
                0x10002150                clock_configure
 .text.clocks_init
                0x10002258      0x100 CMakeFiles/pico_to_zero.dir/C_/Users/zjxu/Pico-v1.5.1/pico-sdk/src/rp2_common/hardware_clocks/clocks.c.obj
                0x10002258                clocks_init
 .text.clock_get_hz
                0x10002358        0xc CMakeFiles/pico_to_zero.dir/C_/Users/zjxu/Pico-v1.5.1/pico-sdk/src/rp2_common/hardware_clocks/clocks.c.obj
                0x10002358                clock_get_hz
 .text.pll_init
                0x10002364      0x120 CMakeFiles/pico_to_zero.dir/C_/Users/zjxu/Pico-v1.5.1/pico-sdk/src/rp2_common/hardware_pll/pll.c.obj
                0x10002364                pll_init
 .text.watchdog_start_tick
                0x10002484       0x10 CMakeFiles/pico_to_zero.dir/C_/Users/zjxu/Pico-v1.5.1/pico-sdk/src/rp2_common/hardware_watchdog/watchdog.c.obj
                0x10002484                watchdog_start_tick
 .text.watchdog_update
                0x10002494       0x14 CMakeFiles/pico_to_zero.dir/C_/Users/zjxu/Pico-v1.5.1/pico-sdk/src/rp2_common/hardware_watchdog/watchdog.c.obj
                0x10002494                watchdog_update
 .text._watchdog_enable
                0x100024a8       0x78 CMakeFiles/pico_to_zero.dir/C_/Users/zjxu/Pico-v1.5.1/pico-sdk/src/rp2_common/hardware_watchdog/watchdog.c.obj
                0x100024a8                _watchdog_enable
 .text.watchdog_reboot
                0x10002520       0x48 CMakeFiles/pico_to_zero.dir/C_/Users/zjxu/Pico-v1.5.1/pico-sdk/src/rp2_common/hardware_watchdog/watchdog.c.obj
                0x10002520                watchdog_reboot
 .text.xosc_init
                0x10002568       0x28 CMakeFiles/pico_to_zero.dir/C_/Users/zjxu/Pico-v1.5.1/pico-sdk/src/rp2_common/hardware_xosc/xosc.c.obj
                0x10002568                xosc_init
 .text._exit    0x10002590        0x4 CMakeFiles/pico_to_zero.dir/C_/Users/zjxu/Pico-v1.5.1/pico-sdk/src/rp2_common/pico_runtime/runtime.c.obj
                0x10002590                _exit
 .text._sbrk    0x10002594       0x38 CMakeFiles/pico_to_zero.dir/C_/Users/zjxu/Pico-v1.5.1/pico-sdk/src/rp2_common/pico_runtime/runtime.c.obj
                0x10002594                _sbrk
 .text.exit     0x100025cc        0x6 CMakeFiles/pico_to_zero.dir/C_/Users/zjxu/Pico-v1.5.1/pico-sdk/src/rp2_common/pico_runtime/runtime.c.obj
                0x100025cc                exit
 *fill*         0x100025d2        0x2 
 .text.__assert_func
                0x100025d4       0x3c CMakeFiles/pico_to_zero.dir/C_/Users/zjxu/Pico-v1.5.1/pico-sdk/src/rp2_common/pico_runtime/runtime.c.obj
                0x100025d4                __assert_func
 .text.runtime_init
                0x10002610       0xf8 CMakeFiles/pico_to_zero.dir/C_/Users/zjxu/Pico-v1.5.1/pico-sdk/src/rp2_common/pico_runtime/runtime.c.obj
                0x10002610                runtime_init
 .text.panic    0x10002708       0x30 CMakeFiles/pico_to_zero.dir/C_/Users/zjxu/Pico-v1.5.1/pico-sdk/src/rp2_common/pico_runtime/runtime.c.obj
                0x10002708                panic
 .text._out_buffer
                0x10002738        0x8 CMakeFiles/pico_to_zero.dir/C_/Users/zjxu/Pico-v1.5.1/pico-sdk/src/rp2_common/pico_printf/printf.c.obj
 .text._out_null
                0x10002740        0x2 CMakeFiles/pico_to_zero.dir/C_/Users/zjxu/Pico-v1.5.1/pico-sdk/src/rp2_common/pico_printf/printf.c.obj
 .text._out_fct
                0x10002742        0xe CMakeFiles/pico_to_zero.dir/C_/Users/zjxu/Pico-v1.5.1/pico-sdk/src/rp2_common/pico_printf/printf.c.obj
 .text._atoi    0x10002750       0x24 CMakeFiles/pico_to_zero.dir/C_/Users/zjxu/Pico-v1.5.1/pico-sdk/src/rp2_common/pico_printf/printf.c.obj
 .text._out_rev
                0x10002774       0xae CMakeFiles/pico_to_zero.dir/C_/Users/zjxu/Pico-v1.5.1/pico-sdk/src/rp2_common/pico_printf/printf.c.obj
 .text._ntoa_format
                0x10002822      0x112 CMakeFiles/pico_to_zero.dir/C_/Users/zjxu/Pico-v1.5.1/pico-sdk/src/rp2_common/pico_printf/printf.c.obj
 .text._ntoa_long
                0x10002934       0xbc CMakeFiles/pico_to_zero.dir/C_/Users/zjxu/Pico-v1.5.1/pico-sdk/src/rp2_common/pico_printf/printf.c.obj
 .text._ntoa_long_long
                0x100029f0       0xe2 CMakeFiles/pico_to_zero.dir/C_/Users/zjxu/Pico-v1.5.1/pico-sdk/src/rp2_common/pico_printf/printf.c.obj
 *fill*         0x10002ad2        0x2 
 .text._etoa    0x10002ad4      0x414 CMakeFiles/pico_to_zero.dir/C_/Users/zjxu/Pico-v1.5.1/pico-sdk/src/rp2_common/pico_printf/printf.c.obj
 .text._ftoa    0x10002ee8      0x354 CMakeFiles/pico_to_zero.dir/C_/Users/zjxu/Pico-v1.5.1/pico-sdk/src/rp2_common/pico_printf/printf.c.obj
 .text._vsnprintf
                0x1000323c      0x624 CMakeFiles/pico_to_zero.dir/C_/Users/zjxu/Pico-v1.5.1/pico-sdk/src/rp2_common/pico_printf/printf.c.obj
 .text.__wrap_sprintf
                0x10003860       0x28 CMakeFiles/pico_to_zero.dir/C_/Users/zjxu/Pico-v1.5.1/pico-sdk/src/rp2_common/pico_printf/printf.c.obj
                0x10003860                __wrap_sprintf
 .text.vfctprintf
                0x10003888       0x20 CMakeFiles/pico_to_zero.dir/C_/Users/zjxu/Pico-v1.5.1/pico-sdk/src/rp2_common/pico_printf/printf.c.obj
                0x10003888                vfctprintf
 .text          0x100038a8       0x10 CMakeFiles/pico_to_zero.dir/C_/Users/zjxu/Pico-v1.5.1/pico-sdk/src/rp2_common/pico_bit_ops/bit_ops_aeabi.S.obj
 .text.rom_func_lookup
                0x100038b8       0x10 CMakeFiles/pico_to_zero.dir/C_/Users/zjxu/Pico-v1.5.1/pico-sdk/src/rp2_common/pico_bootrom/bootrom.c.obj
                0x100038b8                rom_func_lookup
 .text.rom_data_lookup
                0x100038c8       0x10 CMakeFiles/pico_to_zero.dir/C_/Users/zjxu/Pico-v1.5.1/pico-sdk/src/rp2_common/pico_bootrom/bootrom.c.obj
                0x100038c8                rom_data_lookup
 .text.rom_funcs_lookup
                0x100038d8       0x36 CMakeFiles/pico_to_zero.dir/C_/Users/zjxu/Pico-v1.5.1/pico-sdk/src/rp2_common/pico_bootrom/bootrom.c.obj
                0x100038d8                rom_funcs_lookup
 *fill*         0x1000390e        0x2 
 .text.__wrap___aeabi_idiv
                0x10003910       0x50 CMakeFiles/pico_to_zero.dir/C_/Users/zjxu/Pico-v1.5.1/pico-sdk/src/rp2_common/pico_divider/divider.S.obj
                0x10003910                __wrap___aeabi_idivmod
                0x10003910                divmod_s32s32
                0x10003910                div_s32s32
                0x10003910                __wrap___aeabi_idiv
                0x10003918                divmod_s32s32_unsafe
                0x10003944                divmod_s32s32_savestate
 .text.__wrap___aeabi_uidiv
                0x10003960       0x4c CMakeFiles/pico_to_zero.dir/C_/Users/zjxu/Pico-v1.5.1/pico-sdk/src/rp2_common/pico_divider/divider.S.obj
                0x10003960                __wrap___aeabi_uidiv
                0x10003960                __wrap___aeabi_uidivmod
                0x10003960                div_u32u32
                0x10003960                divmod_u32u32
                0x10003968                divmod_u32u32_unsafe
                0x10003990                divmod_u32u32_savestate
 .text.__wrap___aeabi_ldiv
                0x100039ac      0x424 CMakeFiles/pico_to_zero.dir/C_/Users/zjxu/Pico-v1.5.1/pico-sdk/src/rp2_common/pico_divider/divider.S.obj
                0x100039ac                div_s64s64
                0x100039ac                divmod_s64s64
                0x100039ac                __wrap___aeabi_ldivmod
                0x100039dc                divmod_u64u64
                0x100039dc                div_u64u64
                0x100039dc                __wrap___aeabi_uldivmod
                0x100039ec                divmod_u64u64_savestate
                0x10003a0c                divmod_s64s64_unsafe
                0x10003a94                divmod_u64u64_unsafe
 .text.__wrap___aeabi_darithmetic
                0x10003dd0       0x80 CMakeFiles/pico_to_zero.dir/C_/Users/zjxu/Pico-v1.5.1/pico-sdk/src/rp2_common/pico_double/double_aeabi.S.obj
                0x10003dd0                __wrap___aeabi_drsub
                0x10003dd6                __wrap___aeabi_dsub
                0x10003de8                __wrap___aeabi_dadd
                0x10003dfa                __wrap___aeabi_ddiv
                0x10003e36                __wrap___aeabi_dmul
 .text.__wrap___aeabi_cdcmple
                0x10003e50       0x6c CMakeFiles/pico_to_zero.dir/C_/Users/zjxu/Pico-v1.5.1/pico-sdk/src/rp2_common/pico_double/double_aeabi.S.obj
                0x10003e50                __wrap___aeabi_cdrcmple
                0x10003e60                __wrap___aeabi_cdcmpeq
                0x10003e60                __wrap___aeabi_cdcmple
 .text.__wrap___aeabi_dcmpeq
                0x10003ebc       0x10 CMakeFiles/pico_to_zero.dir/C_/Users/zjxu/Pico-v1.5.1/pico-sdk/src/rp2_common/pico_double/double_aeabi.S.obj
                0x10003ebc                __wrap___aeabi_dcmpeq
 .text.__wrap___aeabi_dcmplt
                0x10003ecc        0xc CMakeFiles/pico_to_zero.dir/C_/Users/zjxu/Pico-v1.5.1/pico-sdk/src/rp2_common/pico_double/double_aeabi.S.obj
                0x10003ecc                __wrap___aeabi_dcmplt
 .text.__wrap___aeabi_dcmple
                0x10003ed8       0x10 CMakeFiles/pico_to_zero.dir/C_/Users/zjxu/Pico-v1.5.1/pico-sdk/src/rp2_common/pico_double/double_aeabi.S.obj
                0x10003ed8                __wrap___aeabi_dcmple
 .text.__wrap___aeabi_dcmpge
                0x10003ee8       0x10 CMakeFiles/pico_to_zero.dir/C_/Users/zjxu/Pico-v1.5.1/pico-sdk/src/rp2_common/pico_double/double_aeabi.S.obj
                0x10003ee8                __wrap___aeabi_dcmpge
 .text.__wrap___aeabi_dcmpgt
                0x10003ef8        0xa CMakeFiles/pico_to_zero.dir/C_/Users/zjxu/Pico-v1.5.1/pico-sdk/src/rp2_common/pico_double/double_aeabi.S.obj
                0x10003ef8                __wrap___aeabi_dcmpgt
 .text.__wrap___aeabi_dcmpun
                0x10003f02       0x1c CMakeFiles/pico_to_zero.dir/C_/Users/zjxu/Pico-v1.5.1/pico-sdk/src/rp2_common/pico_double/double_aeabi.S.obj
                0x10003f02                __wrap___aeabi_dcmpun
 *fill*         0x10003f1e        0x2 
 .text.__wrap___aeabi_i2d
                0x10003f20       0x38 CMakeFiles/pico_to_zero.dir/C_/Users/zjxu/Pico-v1.5.1/pico-sdk/src/rp2_common/pico_double/double_aeabi.S.obj
                0x10003f20                __wrap___aeabi_ui2d
                0x10003f28                __wrap___aeabi_i2d
 .text.__wrap___aeabi_d2iz
                0x10003f58       0x48 CMakeFiles/pico_to_zero.dir/C_/Users/zjxu/Pico-v1.5.1/pico-sdk/src/rp2_common/pico_double/double_aeabi.S.obj
                0x10003f58                double2int_z
                0x10003f58                __wrap___aeabi_d2iz
 .text.__wrap___aeabi_d2uiz
                0x10003fa0       0x18 CMakeFiles/pico_to_zero.dir/C_/Users/zjxu/Pico-v1.5.1/pico-sdk/src/rp2_common/pico_double/double_aeabi.S.obj
                0x10003fa0                __wrap___aeabi_d2uiz
                0x10003fa0                double2uint
 .text.__wrap___aeabi_l2d
                0x10003fb8       0x18 CMakeFiles/pico_to_zero.dir/C_/Users/zjxu/Pico-v1.5.1/pico-sdk/src/rp2_common/pico_double/double_aeabi.S.obj
                0x10003fb8                __wrap___aeabi_l2d
 .text.__wrap___aeabi_d2lz
                0x10003fd0       0x26 CMakeFiles/pico_to_zero.dir/C_/Users/zjxu/Pico-v1.5.1/pico-sdk/src/rp2_common/pico_double/double_aeabi.S.obj
                0x10003fd0                double2int64_z
                0x10003fd0                __wrap___aeabi_d2lz
 *fill*         0x10003ff6        0x2 
 .text.double2int64
                0x10003ff8       0x18 CMakeFiles/pico_to_zero.dir/C_/Users/zjxu/Pico-v1.5.1/pico-sdk/src/rp2_common/pico_double/double_aeabi.S.obj
                0x10003ff8                double2int64
 .text.double2ufix64
                0x10004010       0x18 CMakeFiles/pico_to_zero.dir/C_/Users/zjxu/Pico-v1.5.1/pico-sdk/src/rp2_common/pico_double/double_aeabi.S.obj
                0x10004010                double2ufix64
 .text.__wrap___aeabi_d2f
                0x10004028       0x18 CMakeFiles/pico_to_zero.dir/C_/Users/zjxu/Pico-v1.5.1/pico-sdk/src/rp2_common/pico_double/double_aeabi.S.obj
                0x10004028                __wrap___aeabi_d2f
 .text.__aeabi_double_init
                0x10004040       0xc8 CMakeFiles/pico_to_zero.dir/C_/Users/zjxu/Pico-v1.5.1/pico-sdk/src/rp2_common/pico_double/double_init_rom.c.obj
                0x10004040                __aeabi_double_init
 .text.double_table_shim_on_use_helper
                0x10004108       0x34 CMakeFiles/pico_to_zero.dir/C_/Users/zjxu/Pico-v1.5.1/pico-sdk/src/rp2_common/pico_double/double_v1_rom_shim.S.obj
                0x10004108                double_table_shim_on_use_helper
 .text.__wrap___aeabi_dsub
                0x1000413c       0x10 CMakeFiles/pico_to_zero.dir/C_/Users/zjxu/Pico-v1.5.1/pico-sdk/src/rp2_common/pico_double/double_v1_rom_shim.S.obj
                0x1000413c                drsub_shim
                0x10004142                dsub_shim
 .text.dadd_shim
                0x1000414c      0x15c CMakeFiles/pico_to_zero.dir/C_/Users/zjxu/Pico-v1.5.1/pico-sdk/src/rp2_common/pico_double/double_v1_rom_shim.S.obj
                0x1000414c                dadd_shim
 .text.dmul_shim
                0x100042a8      0x15c CMakeFiles/pico_to_zero.dir/C_/Users/zjxu/Pico-v1.5.1/pico-sdk/src/rp2_common/pico_double/double_v1_rom_shim.S.obj
                0x100042a8                dmul_shim
 .text.ddiv_shim
                0x10004404      0x1b0 CMakeFiles/pico_to_zero.dir/C_/Users/zjxu/Pico-v1.5.1/pico-sdk/src/rp2_common/pico_double/double_v1_rom_shim.S.obj
                0x10004404                ddiv_shim
 .text.double2uint_shim
                0x100045b4        0xe CMakeFiles/pico_to_zero.dir/C_/Users/zjxu/Pico-v1.5.1/pico-sdk/src/rp2_common/pico_double/double_v1_rom_shim.S.obj
                0x100045b4                double2uint_shim
                0x100045b6                double2ufix_shim
 .text.double2int64_shim
                0x100045c2       0x1a CMakeFiles/pico_to_zero.dir/C_/Users/zjxu/Pico-v1.5.1/pico-sdk/src/rp2_common/pico_double/double_v1_rom_shim.S.obj
                0x100045c2                double2int64_shim
                0x100045c4                double2fix64_shim
 .text.double2uint64_shim
                0x100045dc       0x70 CMakeFiles/pico_to_zero.dir/C_/Users/zjxu/Pico-v1.5.1/pico-sdk/src/rp2_common/pico_double/double_v1_rom_shim.S.obj
                0x100045dc                double2uint64_shim
                0x100045de                double2ufix64_shim
                0x100045fe                d2fix_a
 .text.double2float_shim
                0x1000464c       0x5c CMakeFiles/pico_to_zero.dir/C_/Users/zjxu/Pico-v1.5.1/pico-sdk/src/rp2_common/pico_double/double_v1_rom_shim.S.obj
                0x1000464c                double2float_shim
 .text.x2double_shims
                0x100046a8       0x90 CMakeFiles/pico_to_zero.dir/C_/Users/zjxu/Pico-v1.5.1/pico-sdk/src/rp2_common/pico_double/double_v1_rom_shim.S.obj
                0x100046a8                uint2double_shim
                0x100046aa                ufix2double_shim
                0x100046b0                int2double_shim
                0x100046b2                fix2double_shim
                0x100046b8                uint642double_shim
                0x100046ba                ufix642double_shim
                0x100046c0                int642double_shim
                0x100046c2                fix642double_shim
 .text.dunpacks
                0x10004738       0x3c CMakeFiles/pico_to_zero.dir/C_/Users/zjxu/Pico-v1.5.1/pico-sdk/src/rp2_common/pico_double/double_v1_rom_shim.S.obj
                0x10004738                dunpacks
 .text.__aeabi_lmul
                0x10004774       0x32 CMakeFiles/pico_to_zero.dir/C_/Users/zjxu/Pico-v1.5.1/pico-sdk/src/rp2_common/pico_int64_ops/pico_int64_ops_aeabi.S.obj
                0x10004774                __wrap___aeabi_lmul
 *fill*         0x100047a6        0x2 
 .text.__aeabi_float_init
                0x100047a8       0xfc CMakeFiles/pico_to_zero.dir/C_/Users/zjxu/Pico-v1.5.1/pico-sdk/src/rp2_common/pico_float/float_init_rom.c.obj
                0x100047a8                __aeabi_float_init
 .text.float_table_shim_on_use_helper
                0x100048a4       0x34 CMakeFiles/pico_to_zero.dir/C_/Users/zjxu/Pico-v1.5.1/pico-sdk/src/rp2_common/pico_float/float_v1_rom_shim.S.obj
                0x100048a4                float_table_shim_on_use_helper
 .text.__wrap_malloc
                0x100048d8       0x24 CMakeFiles/pico_to_zero.dir/C_/Users/zjxu/Pico-v1.5.1/pico-sdk/src/rp2_common/pico_malloc/pico_malloc.c.obj
                0x100048d8                __wrap_malloc
 .text.__wrap_realloc
                0x100048fc       0x24 CMakeFiles/pico_to_zero.dir/C_/Users/zjxu/Pico-v1.5.1/pico-sdk/src/rp2_common/pico_malloc/pico_malloc.c.obj
                0x100048fc                __wrap_realloc
 .text.__wrap_free
                0x10004920        0x8 CMakeFiles/pico_to_zero.dir/C_/Users/zjxu/Pico-v1.5.1/pico-sdk/src/rp2_common/pico_malloc/pico_malloc.c.obj
                0x10004920                __wrap_free
 .text          0x10004928       0x10 CMakeFiles/pico_to_zero.dir/C_/Users/zjxu/Pico-v1.5.1/pico-sdk/src/rp2_common/pico_mem_ops/mem_ops_aeabi.S.obj
                0x10004928                __aeabi_mem_init
 .text.memset   0x10004938        0xc CMakeFiles/pico_to_zero.dir/C_/Users/zjxu/Pico-v1.5.1/pico-sdk/src/rp2_common/pico_mem_ops/mem_ops_aeabi.S.obj
                0x10004938                __wrap_memset
 .text.memcpy   0x10004944        0xc CMakeFiles/pico_to_zero.dir/C_/Users/zjxu/Pico-v1.5.1/pico-sdk/src/rp2_common/pico_mem_ops/mem_ops_aeabi.S.obj
                0x10004944                __wrap_memcpy
                0x10004944                __wrap___aeabi_memcpy
 .text.stdio_out_chars_no_crlf
                0x10004950        0xe CMakeFiles/pico_to_zero.dir/C_/Users/zjxu/Pico-v1.5.1/pico-sdk/src/rp2_common/pico_stdio/stdio.c.obj
 *fill*         0x1000495e        0x2 
 .text.stdio_out_chars_crlf
                0x10004960       0x80 CMakeFiles/pico_to_zero.dir/C_/Users/zjxu/Pico-v1.5.1/pico-sdk/src/rp2_common/pico_stdio/stdio.c.obj
 .text.stdio_stack_buffer_flush
                0x100049e0       0x44 CMakeFiles/pico_to_zero.dir/C_/Users/zjxu/Pico-v1.5.1/pico-sdk/src/rp2_common/pico_stdio/stdio.c.obj
 .text.stdio_buffered_printer
                0x10004a24       0x20 CMakeFiles/pico_to_zero.dir/C_/Users/zjxu/Pico-v1.5.1/pico-sdk/src/rp2_common/pico_stdio/stdio.c.obj
 .text.stdio_get_until
                0x10004a44       0x80 CMakeFiles/pico_to_zero.dir/C_/Users/zjxu/Pico-v1.5.1/pico-sdk/src/rp2_common/pico_stdio/stdio.c.obj
 .text.stdout_serialize_begin
                0x10004ac4       0x5c CMakeFiles/pico_to_zero.dir/C_/Users/zjxu/Pico-v1.5.1/pico-sdk/src/rp2_common/pico_stdio/stdio.c.obj
                0x10004ac4                stdout_serialize_begin
 .text.stdout_serialize_end
                0x10004b20       0x10 CMakeFiles/pico_to_zero.dir/C_/Users/zjxu/Pico-v1.5.1/pico-sdk/src/rp2_common/pico_stdio/stdio.c.obj
                0x10004b20                stdout_serialize_end
 .text.stdio_put_string
                0x10004b30       0x98 CMakeFiles/pico_to_zero.dir/C_/Users/zjxu/Pico-v1.5.1/pico-sdk/src/rp2_common/pico_stdio/stdio.c.obj
 .text._read    0x10004bc8       0x24 CMakeFiles/pico_to_zero.dir/C_/Users/zjxu/Pico-v1.5.1/pico-sdk/src/rp2_common/pico_stdio/stdio.c.obj
                0x10004bc8                _read
 .text._write   0x10004bec       0x22 CMakeFiles/pico_to_zero.dir/C_/Users/zjxu/Pico-v1.5.1/pico-sdk/src/rp2_common/pico_stdio/stdio.c.obj
                0x10004bec                _write
 .text._close   0x10004c0e        0x6 CMakeFiles/pico_to_zero.dir/C_/Users/zjxu/Pico-v1.5.1/pico-sdk/src/rp2_common/pico_stdio/stdio.c.obj
                0x10004c0e                _close
 .text._lseek   0x10004c14        0x6 CMakeFiles/pico_to_zero.dir/C_/Users/zjxu/Pico-v1.5.1/pico-sdk/src/rp2_common/pico_stdio/stdio.c.obj
                0x10004c14                _lseek
 .text._fstat   0x10004c1a        0x6 CMakeFiles/pico_to_zero.dir/C_/Users/zjxu/Pico-v1.5.1/pico-sdk/src/rp2_common/pico_stdio/stdio.c.obj
                0x10004c1a                _fstat
 .text._isatty  0x10004c20        0xc CMakeFiles/pico_to_zero.dir/C_/Users/zjxu/Pico-v1.5.1/pico-sdk/src/rp2_common/pico_stdio/stdio.c.obj
                0x10004c20                _isatty
 .text.stdio_set_driver_enabled
                0x10004c2c       0x2c CMakeFiles/pico_to_zero.dir/C_/Users/zjxu/Pico-v1.5.1/pico-sdk/src/rp2_common/pico_stdio/stdio.c.obj
                0x10004c2c                stdio_set_driver_enabled
 .text.stdio_flush
                0x10004c58       0x20 CMakeFiles/pico_to_zero.dir/C_/Users/zjxu/Pico-v1.5.1/pico-sdk/src/rp2_common/pico_stdio/stdio.c.obj
                0x10004c58                stdio_flush
 .text.__wrap_puts
                0x10004c78       0x1e CMakeFiles/pico_to_zero.dir/C_/Users/zjxu/Pico-v1.5.1/pico-sdk/src/rp2_common/pico_stdio/stdio.c.obj
                0x10004c78                __wrap_puts
 *fill*         0x10004c96        0x2 
 .text.__wrap_vprintf
                0x10004c98       0x40 CMakeFiles/pico_to_zero.dir/C_/Users/zjxu/Pico-v1.5.1/pico-sdk/src/rp2_common/pico_stdio/stdio.c.obj
                0x10004c98                __wrap_vprintf
 .text.__wrap_printf
                0x10004cd8       0x18 CMakeFiles/pico_to_zero.dir/C_/Users/zjxu/Pico-v1.5.1/pico-sdk/src/rp2_common/pico_stdio/stdio.c.obj
                0x10004cd8                __wrap_printf
 .text.stdio_init_all
                0x10004cf0        0x8 CMakeFiles/pico_to_zero.dir/C_/Users/zjxu/Pico-v1.5.1/pico-sdk/src/rp2_common/pico_stdio/stdio.c.obj
                0x10004cf0                stdio_init_all
 .text.resetd_init
                0x10004cf8        0x2 CMakeFiles/pico_to_zero.dir/C_/Users/zjxu/Pico-v1.5.1/pico-sdk/src/rp2_common/pico_stdio_usb/reset_interface.c.obj
 *fill*         0x10004cfa        0x2 
 .text.resetd_reset
                0x10004cfc        0xc CMakeFiles/pico_to_zero.dir/C_/Users/zjxu/Pico-v1.5.1/pico-sdk/src/rp2_common/pico_stdio_usb/reset_interface.c.obj
 .text.resetd_open
                0x10004d08       0x34 CMakeFiles/pico_to_zero.dir/C_/Users/zjxu/Pico-v1.5.1/pico-sdk/src/rp2_common/pico_stdio_usb/reset_interface.c.obj
 .text.resetd_xfer_cb
                0x10004d3c        0x4 CMakeFiles/pico_to_zero.dir/C_/Users/zjxu/Pico-v1.5.1/pico-sdk/src/rp2_common/pico_stdio_usb/reset_interface.c.obj
 .text.reset_usb_boot
                0x10004d40       0x18 CMakeFiles/pico_to_zero.dir/C_/Users/zjxu/Pico-v1.5.1/pico-sdk/src/rp2_common/pico_stdio_usb/reset_interface.c.obj
 .text.resetd_control_xfer_cb
                0x10004d58       0x5c CMakeFiles/pico_to_zero.dir/C_/Users/zjxu/Pico-v1.5.1/pico-sdk/src/rp2_common/pico_stdio_usb/reset_interface.c.obj
 .text.usbd_app_driver_get_cb
                0x10004db4        0xc CMakeFiles/pico_to_zero.dir/C_/Users/zjxu/Pico-v1.5.1/pico-sdk/src/rp2_common/pico_stdio_usb/reset_interface.c.obj
                0x10004db4                usbd_app_driver_get_cb
 .text.tud_cdc_line_coding_cb
                0x10004dc0       0x28 CMakeFiles/pico_to_zero.dir/C_/Users/zjxu/Pico-v1.5.1/pico-sdk/src/rp2_common/pico_stdio_usb/reset_interface.c.obj
                0x10004dc0                tud_cdc_line_coding_cb
 .text.stdio_usb_set_chars_available_callback
                0x10004de8       0x14 CMakeFiles/pico_to_zero.dir/C_/Users/zjxu/Pico-v1.5.1/pico-sdk/src/rp2_common/pico_stdio_usb/stdio_usb.c.obj
                0x10004de8                stdio_usb_set_chars_available_callback
 .text.usb_irq  0x10004dfc       0x10 CMakeFiles/pico_to_zero.dir/C_/Users/zjxu/Pico-v1.5.1/pico-sdk/src/rp2_common/pico_stdio_usb/stdio_usb.c.obj
 .text.timer_task
                0x10004e0c       0x5c CMakeFiles/pico_to_zero.dir/C_/Users/zjxu/Pico-v1.5.1/pico-sdk/src/rp2_common/pico_stdio_usb/stdio_usb.c.obj
 .text.low_priority_worker_irq
                0x10004e68       0xdc CMakeFiles/pico_to_zero.dir/C_/Users/zjxu/Pico-v1.5.1/pico-sdk/src/rp2_common/pico_stdio_usb/stdio_usb.c.obj
 .text.tud_cdc_rx_cb
                0x10004f44       0x20 CMakeFiles/pico_to_zero.dir/C_/Users/zjxu/Pico-v1.5.1/pico-sdk/src/rp2_common/pico_stdio_usb/stdio_usb.c.obj
                0x10004f44                tud_cdc_rx_cb
 .text.stdio_usb_init
                0x10004f64      0x11c CMakeFiles/pico_to_zero.dir/C_/Users/zjxu/Pico-v1.5.1/pico-sdk/src/rp2_common/pico_stdio_usb/stdio_usb.c.obj
                0x10004f64                stdio_usb_init
 .text.stdio_usb_connected
                0x10005080        0xa CMakeFiles/pico_to_zero.dir/C_/Users/zjxu/Pico-v1.5.1/pico-sdk/src/rp2_common/pico_stdio_usb/stdio_usb.c.obj
                0x10005080                stdio_usb_connected
 *fill*         0x1000508a        0x2 
 .text.stdio_usb_in_chars
                0x1000508c       0xc4 CMakeFiles/pico_to_zero.dir/C_/Users/zjxu/Pico-v1.5.1/pico-sdk/src/rp2_common/pico_stdio_usb/stdio_usb.c.obj
                0x1000508c                stdio_usb_in_chars
 .text.stdio_usb_out_chars
                0x10005150      0x114 CMakeFiles/pico_to_zero.dir/C_/Users/zjxu/Pico-v1.5.1/pico-sdk/src/rp2_common/pico_stdio_usb/stdio_usb.c.obj
 .text.tud_descriptor_device_cb
                0x10005264        0x8 CMakeFiles/pico_to_zero.dir/C_/Users/zjxu/Pico-v1.5.1/pico-sdk/src/rp2_common/pico_stdio_usb/stdio_usb_descriptors.c.obj
                0x10005264                tud_descriptor_device_cb
 .text.tud_descriptor_configuration_cb
                0x1000526c        0x8 CMakeFiles/pico_to_zero.dir/C_/Users/zjxu/Pico-v1.5.1/pico-sdk/src/rp2_common/pico_stdio_usb/stdio_usb_descriptors.c.obj
                0x1000526c                tud_descriptor_configuration_cb
 .text.tud_descriptor_string_cb
                0x10005274       0x6c CMakeFiles/pico_to_zero.dir/C_/Users/zjxu/Pico-v1.5.1/pico-sdk/src/rp2_common/pico_stdio_usb/stdio_usb_descriptors.c.obj
                0x10005274                tud_descriptor_string_cb
 .text._retrieve_unique_id_on_boot
                0x100052e0       0x10 CMakeFiles/pico_to_zero.dir/C_/Users/zjxu/Pico-v1.5.1/pico-sdk/src/rp2_common/pico_unique_id/unique_id.c.obj
 .text.pico_get_unique_board_id_string
                0x100052f0       0x60 CMakeFiles/pico_to_zero.dir/C_/Users/zjxu/Pico-v1.5.1/pico-sdk/src/rp2_common/pico_unique_id/unique_id.c.obj
                0x100052f0                pico_get_unique_board_id_string
 .text.flash_get_unique_id
                0x10005350       0x46 CMakeFiles/pico_to_zero.dir/C_/Users/zjxu/Pico-v1.5.1/pico-sdk/src/rp2_common/hardware_flash/flash.c.obj
                0x10005350                flash_get_unique_id
 *fill*         0x10005396        0x2 
 .text.hw_endpoint_get_by_addr
                0x10005398       0x18 CMakeFiles/pico_to_zero.dir/C_/Users/zjxu/Pico-v1.5.1/pico-sdk/lib/tinyusb/src/portable/raspberrypi/rp2040/dcd_rp2040.c.obj
 .text._hw_endpoint_alloc
                0x100053b0       0x70 CMakeFiles/pico_to_zero.dir/C_/Users/zjxu/Pico-v1.5.1/pico-sdk/lib/tinyusb/src/portable/raspberrypi/rp2040/dcd_rp2040.c.obj
 .text.hw_endpoint_init
                0x10005420       0x88 CMakeFiles/pico_to_zero.dir/C_/Users/zjxu/Pico-v1.5.1/pico-sdk/lib/tinyusb/src/portable/raspberrypi/rp2040/dcd_rp2040.c.obj
 .text.hw_endpoint_xfer
                0x100054a8       0x14 CMakeFiles/pico_to_zero.dir/C_/Users/zjxu/Pico-v1.5.1/pico-sdk/lib/tinyusb/src/portable/raspberrypi/rp2040/dcd_rp2040.c.obj
 .text.dcd_int_enable
                0x100054bc       0x2c CMakeFiles/pico_to_zero.dir/C_/Users/zjxu/Pico-v1.5.1/pico-sdk/lib/tinyusb/src/portable/raspberrypi/rp2040/dcd_rp2040.c.obj
                0x100054bc                dcd_int_enable
 .text.dcd_set_address
                0x100054e8       0x2c CMakeFiles/pico_to_zero.dir/C_/Users/zjxu/Pico-v1.5.1/pico-sdk/lib/tinyusb/src/portable/raspberrypi/rp2040/dcd_rp2040.c.obj
                0x100054e8                dcd_set_address
 .text.dcd_connect
                0x10005514       0x10 CMakeFiles/pico_to_zero.dir/C_/Users/zjxu/Pico-v1.5.1/pico-sdk/lib/tinyusb/src/portable/raspberrypi/rp2040/dcd_rp2040.c.obj
                0x10005514                dcd_connect
 .text.dcd_init
                0x10005524       0x80 CMakeFiles/pico_to_zero.dir/C_/Users/zjxu/Pico-v1.5.1/pico-sdk/lib/tinyusb/src/portable/raspberrypi/rp2040/dcd_rp2040.c.obj
                0x10005524                dcd_init
 .text.dcd_edpt0_status_complete
                0x100055a4       0x1c CMakeFiles/pico_to_zero.dir/C_/Users/zjxu/Pico-v1.5.1/pico-sdk/lib/tinyusb/src/portable/raspberrypi/rp2040/dcd_rp2040.c.obj
                0x100055a4                dcd_edpt0_status_complete
 .text.dcd_edpt_open
                0x100055c0       0x40 CMakeFiles/pico_to_zero.dir/C_/Users/zjxu/Pico-v1.5.1/pico-sdk/lib/tinyusb/src/portable/raspberrypi/rp2040/dcd_rp2040.c.obj
                0x100055c0                dcd_edpt_open
 .text.dcd_edpt_close_all
                0x10005600        0x8 CMakeFiles/pico_to_zero.dir/C_/Users/zjxu/Pico-v1.5.1/pico-sdk/lib/tinyusb/src/portable/raspberrypi/rp2040/dcd_rp2040.c.obj
                0x10005600                dcd_edpt_close_all
 .text.dcd_edpt_xfer
                0x10005608       0x34 CMakeFiles/pico_to_zero.dir/C_/Users/zjxu/Pico-v1.5.1/pico-sdk/lib/tinyusb/src/portable/raspberrypi/rp2040/dcd_rp2040.c.obj
                0x10005608                dcd_edpt_xfer
 .text.dcd_edpt_stall
                0x1000563c       0x2c CMakeFiles/pico_to_zero.dir/C_/Users/zjxu/Pico-v1.5.1/pico-sdk/lib/tinyusb/src/portable/raspberrypi/rp2040/dcd_rp2040.c.obj
                0x1000563c                dcd_edpt_stall
 .text.dcd_edpt_clear_stall
                0x10005668       0x20 CMakeFiles/pico_to_zero.dir/C_/Users/zjxu/Pico-v1.5.1/pico-sdk/lib/tinyusb/src/portable/raspberrypi/rp2040/dcd_rp2040.c.obj
                0x10005668                dcd_edpt_clear_stall
 .text.rp2040_usb_init
                0x10005688       0x4c CMakeFiles/pico_to_zero.dir/C_/Users/zjxu/Pico-v1.5.1/pico-sdk/lib/tinyusb/src/portable/raspberrypi/rp2040/rp2040_usb.c.obj
                0x10005688                rp2040_usb_init
 .text.hw_endpoint_xfer_start
                0x100056d4       0x50 CMakeFiles/pico_to_zero.dir/C_/Users/zjxu/Pico-v1.5.1/pico-sdk/lib/tinyusb/src/portable/raspberrypi/rp2040/rp2040_usb.c.obj
                0x100056d4                hw_endpoint_xfer_start
 .text.configuration_reset
                0x10005724       0x84 CMakeFiles/pico_to_zero.dir/C_/Users/zjxu/Pico-v1.5.1/pico-sdk/lib/tinyusb/src/device/usbd.c.obj
 .text.usbd_reset
                0x100057a8        0xc CMakeFiles/pico_to_zero.dir/C_/Users/zjxu/Pico-v1.5.1/pico-sdk/lib/tinyusb/src/device/usbd.c.obj
 .text.invoke_class_control
                0x100057b4       0x1a CMakeFiles/pico_to_zero.dir/C_/Users/zjxu/Pico-v1.5.1/pico-sdk/lib/tinyusb/src/device/usbd.c.obj
 *fill*         0x100057ce        0x2 
 .text.process_set_config
                0x100057d0      0x178 CMakeFiles/pico_to_zero.dir/C_/Users/zjxu/Pico-v1.5.1/pico-sdk/lib/tinyusb/src/device/usbd.c.obj
 .text.process_get_descriptor
                0x10005948       0xdc CMakeFiles/pico_to_zero.dir/C_/Users/zjxu/Pico-v1.5.1/pico-sdk/lib/tinyusb/src/device/usbd.c.obj
 .text.tud_mounted
                0x10005a24       0x10 CMakeFiles/pico_to_zero.dir/C_/Users/zjxu/Pico-v1.5.1/pico-sdk/lib/tinyusb/src/device/usbd.c.obj
                0x10005a24                tud_mounted
 .text.tud_suspended
                0x10005a34       0x10 CMakeFiles/pico_to_zero.dir/C_/Users/zjxu/Pico-v1.5.1/pico-sdk/lib/tinyusb/src/device/usbd.c.obj
                0x10005a34                tud_suspended
 .text.tud_inited
                0x10005a44       0x14 CMakeFiles/pico_to_zero.dir/C_/Users/zjxu/Pico-v1.5.1/pico-sdk/lib/tinyusb/src/device/usbd.c.obj
                0x10005a44                tud_inited
 .text.tud_init
                0x10005a58       0xcc CMakeFiles/pico_to_zero.dir/C_/Users/zjxu/Pico-v1.5.1/pico-sdk/lib/tinyusb/src/device/usbd.c.obj
                0x10005a58                tud_init
 .text.usbd_defer_func
                0x10005b24       0x2a CMakeFiles/pico_to_zero.dir/C_/Users/zjxu/Pico-v1.5.1/pico-sdk/lib/tinyusb/src/device/usbd.c.obj
                0x10005b24                usbd_defer_func
 *fill*         0x10005b4e        0x2 
 .text.usbd_edpt_open
                0x10005b50       0x34 CMakeFiles/pico_to_zero.dir/C_/Users/zjxu/Pico-v1.5.1/pico-sdk/lib/tinyusb/src/device/usbd.c.obj
                0x10005b50                usbd_edpt_open
 .text.usbd_open_edpt_pair
                0x10005b84       0x62 CMakeFiles/pico_to_zero.dir/C_/Users/zjxu/Pico-v1.5.1/pico-sdk/lib/tinyusb/src/device/usbd.c.obj
                0x10005b84                usbd_open_edpt_pair
 *fill*         0x10005be6        0x2 
 .text.usbd_edpt_claim
                0x10005be8       0x28 CMakeFiles/pico_to_zero.dir/C_/Users/zjxu/Pico-v1.5.1/pico-sdk/lib/tinyusb/src/device/usbd.c.obj
                0x10005be8                usbd_edpt_claim
 .text.usbd_edpt_release
                0x10005c10       0x28 CMakeFiles/pico_to_zero.dir/C_/Users/zjxu/Pico-v1.5.1/pico-sdk/lib/tinyusb/src/device/usbd.c.obj
                0x10005c10                usbd_edpt_release
 .text.usbd_edpt_xfer
                0x10005c38       0x78 CMakeFiles/pico_to_zero.dir/C_/Users/zjxu/Pico-v1.5.1/pico-sdk/lib/tinyusb/src/device/usbd.c.obj
                0x10005c38                usbd_edpt_xfer
 .text.usbd_edpt_stall
                0x10005cb0       0x48 CMakeFiles/pico_to_zero.dir/C_/Users/zjxu/Pico-v1.5.1/pico-sdk/lib/tinyusb/src/device/usbd.c.obj
                0x10005cb0                usbd_edpt_stall
 .text.usbd_edpt_clear_stall
                0x10005cf8       0x48 CMakeFiles/pico_to_zero.dir/C_/Users/zjxu/Pico-v1.5.1/pico-sdk/lib/tinyusb/src/device/usbd.c.obj
                0x10005cf8                usbd_edpt_clear_stall
 .text.usbd_edpt_stalled
                0x10005d40       0x1c CMakeFiles/pico_to_zero.dir/C_/Users/zjxu/Pico-v1.5.1/pico-sdk/lib/tinyusb/src/device/usbd.c.obj
                0x10005d40                usbd_edpt_stalled
 .text.process_control_request
                0x10005d5c      0x37c CMakeFiles/pico_to_zero.dir/C_/Users/zjxu/Pico-v1.5.1/pico-sdk/lib/tinyusb/src/device/usbd.c.obj
 .text.tud_task_ext
                0x100060d8      0x1b8 CMakeFiles/pico_to_zero.dir/C_/Users/zjxu/Pico-v1.5.1/pico-sdk/lib/tinyusb/src/device/usbd.c.obj
                0x100060d8                tud_task_ext
 .text._data_stage_xact
                0x10006290       0x58 CMakeFiles/pico_to_zero.dir/C_/Users/zjxu/Pico-v1.5.1/pico-sdk/lib/tinyusb/src/device/usbd_control.c.obj
 .text.tud_control_status
                0x100062e8       0x38 CMakeFiles/pico_to_zero.dir/C_/Users/zjxu/Pico-v1.5.1/pico-sdk/lib/tinyusb/src/device/usbd_control.c.obj
                0x100062e8                tud_control_status
 .text.tud_control_xfer
                0x10006320       0x74 CMakeFiles/pico_to_zero.dir/C_/Users/zjxu/Pico-v1.5.1/pico-sdk/lib/tinyusb/src/device/usbd_control.c.obj
                0x10006320                tud_control_xfer
 .text.usbd_control_reset
                0x10006394       0x14 CMakeFiles/pico_to_zero.dir/C_/Users/zjxu/Pico-v1.5.1/pico-sdk/lib/tinyusb/src/device/usbd_control.c.obj
                0x10006394                usbd_control_reset
 .text.usbd_control_set_complete_callback
                0x100063a8        0xc CMakeFiles/pico_to_zero.dir/C_/Users/zjxu/Pico-v1.5.1/pico-sdk/lib/tinyusb/src/device/usbd_control.c.obj
                0x100063a8                usbd_control_set_complete_callback
 .text.usbd_control_set_request
                0x100063b4       0x1c CMakeFiles/pico_to_zero.dir/C_/Users/zjxu/Pico-v1.5.1/pico-sdk/lib/tinyusb/src/device/usbd_control.c.obj
                0x100063b4                usbd_control_set_request
 .text.usbd_control_xfer_cb
                0x100063d0       0xcc CMakeFiles/pico_to_zero.dir/C_/Users/zjxu/Pico-v1.5.1/pico-sdk/lib/tinyusb/src/device/usbd_control.c.obj
                0x100063d0                usbd_control_xfer_cb
 .text._prep_out_transaction
                0x1000649c       0x4a CMakeFiles/pico_to_zero.dir/C_/Users/zjxu/Pico-v1.5.1/pico-sdk/lib/tinyusb/src/class/cdc/cdc_device.c.obj
 *fill*         0x100064e6        0x2 
 .text.tud_cdc_n_connected
                0x100064e8       0x44 CMakeFiles/pico_to_zero.dir/C_/Users/zjxu/Pico-v1.5.1/pico-sdk/lib/tinyusb/src/class/cdc/cdc_device.c.obj
                0x100064e8                tud_cdc_n_connected
 .text.tud_cdc_n_available
                0x1000652c       0x18 CMakeFiles/pico_to_zero.dir/C_/Users/zjxu/Pico-v1.5.1/pico-sdk/lib/tinyusb/src/class/cdc/cdc_device.c.obj
                0x1000652c                tud_cdc_n_available
 .text.tud_cdc_n_read
                0x10006544       0x28 CMakeFiles/pico_to_zero.dir/C_/Users/zjxu/Pico-v1.5.1/pico-sdk/lib/tinyusb/src/class/cdc/cdc_device.c.obj
                0x10006544                tud_cdc_n_read
 .text.tud_cdc_n_write_flush
                0x1000656c       0xb8 CMakeFiles/pico_to_zero.dir/C_/Users/zjxu/Pico-v1.5.1/pico-sdk/lib/tinyusb/src/class/cdc/cdc_device.c.obj
                0x1000656c                tud_cdc_n_write_flush
 .text.tud_cdc_n_write
                0x10006624       0x38 CMakeFiles/pico_to_zero.dir/C_/Users/zjxu/Pico-v1.5.1/pico-sdk/lib/tinyusb/src/class/cdc/cdc_device.c.obj
                0x10006624                tud_cdc_n_write
 .text.tud_cdc_n_write_available
                0x1000665c       0x1c CMakeFiles/pico_to_zero.dir/C_/Users/zjxu/Pico-v1.5.1/pico-sdk/lib/tinyusb/src/class/cdc/cdc_device.c.obj
                0x1000665c                tud_cdc_n_write_available
 .text.cdcd_init
                0x10006678       0xbc CMakeFiles/pico_to_zero.dir/C_/Users/zjxu/Pico-v1.5.1/pico-sdk/lib/tinyusb/src/class/cdc/cdc_device.c.obj
                0x10006678                cdcd_init
 .text.cdcd_reset
                0x10006734       0x44 CMakeFiles/pico_to_zero.dir/C_/Users/zjxu/Pico-v1.5.1/pico-sdk/lib/tinyusb/src/class/cdc/cdc_device.c.obj
                0x10006734                cdcd_reset
 .text.cdcd_open
                0x10006778       0xcc CMakeFiles/pico_to_zero.dir/C_/Users/zjxu/Pico-v1.5.1/pico-sdk/lib/tinyusb/src/class/cdc/cdc_device.c.obj
                0x10006778                cdcd_open
 .text.cdcd_control_xfer_cb
                0x10006844      0x134 CMakeFiles/pico_to_zero.dir/C_/Users/zjxu/Pico-v1.5.1/pico-sdk/lib/tinyusb/src/class/cdc/cdc_device.c.obj
                0x10006844                cdcd_control_xfer_cb
 .text.cdcd_xfer_cb
                0x10006978      0x130 CMakeFiles/pico_to_zero.dir/C_/Users/zjxu/Pico-v1.5.1/pico-sdk/lib/tinyusb/src/class/cdc/cdc_device.c.obj
                0x10006978                cdcd_xfer_cb
 .text.tusb_init
                0x10006aa8        0xa CMakeFiles/pico_to_zero.dir/C_/Users/zjxu/Pico-v1.5.1/pico-sdk/lib/tinyusb/src/tusb.c.obj
                0x10006aa8                tusb_init
 .text.tusb_inited
                0x10006ab2        0xe CMakeFiles/pico_to_zero.dir/C_/Users/zjxu/Pico-v1.5.1/pico-sdk/lib/tinyusb/src/tusb.c.obj
                0x10006ab2                tusb_inited
 .text.tu_edpt_claim
                0x10006ac0       0x50 CMakeFiles/pico_to_zero.dir/C_/Users/zjxu/Pico-v1.5.1/pico-sdk/lib/tinyusb/src/tusb.c.obj
                0x10006ac0                tu_edpt_claim
 .text.tu_edpt_release
                0x10006b10       0x3c CMakeFiles/pico_to_zero.dir/C_/Users/zjxu/Pico-v1.5.1/pico-sdk/lib/tinyusb/src/tusb.c.obj
                0x10006b10                tu_edpt_release
 .text.tu_edpt_validate
                0x10006b4c       0x78 CMakeFiles/pico_to_zero.dir/C_/Users/zjxu/Pico-v1.5.1/pico-sdk/lib/tinyusb/src/tusb.c.obj
                0x10006b4c                tu_edpt_validate
 .text.tu_edpt_bind_driver
                0x10006bc4       0x26 CMakeFiles/pico_to_zero.dir/C_/Users/zjxu/Pico-v1.5.1/pico-sdk/lib/tinyusb/src/tusb.c.obj
                0x10006bc4                tu_edpt_bind_driver
 .text.advance_index
                0x10006bea       0x1a CMakeFiles/pico_to_zero.dir/C_/Users/zjxu/Pico-v1.5.1/pico-sdk/lib/tinyusb/src/common/tusb_fifo.c.obj
 .text._tu_fifo_peek
                0x10006c04       0x56 CMakeFiles/pico_to_zero.dir/C_/Users/zjxu/Pico-v1.5.1/pico-sdk/lib/tinyusb/src/common/tusb_fifo.c.obj
 .text._ff_pull_const_addr
                0x10006c5a       0x4c CMakeFiles/pico_to_zero.dir/C_/Users/zjxu/Pico-v1.5.1/pico-sdk/lib/tinyusb/src/common/tusb_fifo.c.obj
 .text._ff_pull_n
                0x10006ca6      0x110 CMakeFiles/pico_to_zero.dir/C_/Users/zjxu/Pico-v1.5.1/pico-sdk/lib/tinyusb/src/common/tusb_fifo.c.obj
 .text._tu_fifo_peek_n
                0x10006db6       0x6a CMakeFiles/pico_to_zero.dir/C_/Users/zjxu/Pico-v1.5.1/pico-sdk/lib/tinyusb/src/common/tusb_fifo.c.obj
 .text._tu_fifo_read_n
                0x10006e20       0x4e CMakeFiles/pico_to_zero.dir/C_/Users/zjxu/Pico-v1.5.1/pico-sdk/lib/tinyusb/src/common/tusb_fifo.c.obj
 .text._ff_push_const_addr
                0x10006e6e       0x40 CMakeFiles/pico_to_zero.dir/C_/Users/zjxu/Pico-v1.5.1/pico-sdk/lib/tinyusb/src/common/tusb_fifo.c.obj
 .text._ff_push_n
                0x10006eae      0x10c CMakeFiles/pico_to_zero.dir/C_/Users/zjxu/Pico-v1.5.1/pico-sdk/lib/tinyusb/src/common/tusb_fifo.c.obj
 .text._tu_fifo_write_n
                0x10006fba       0xf0 CMakeFiles/pico_to_zero.dir/C_/Users/zjxu/Pico-v1.5.1/pico-sdk/lib/tinyusb/src/common/tusb_fifo.c.obj
 .text.tu_fifo_config
                0x100070aa       0x7c CMakeFiles/pico_to_zero.dir/C_/Users/zjxu/Pico-v1.5.1/pico-sdk/lib/tinyusb/src/common/tusb_fifo.c.obj
                0x100070aa                tu_fifo_config
 .text.tu_fifo_count
                0x10007126       0x2a CMakeFiles/pico_to_zero.dir/C_/Users/zjxu/Pico-v1.5.1/pico-sdk/lib/tinyusb/src/common/tusb_fifo.c.obj
                0x10007126                tu_fifo_count
 .text.tu_fifo_empty
                0x10007150       0x10 CMakeFiles/pico_to_zero.dir/C_/Users/zjxu/Pico-v1.5.1/pico-sdk/lib/tinyusb/src/common/tusb_fifo.c.obj
                0x10007150                tu_fifo_empty
 .text.tu_fifo_full
                0x10007160       0x28 CMakeFiles/pico_to_zero.dir/C_/Users/zjxu/Pico-v1.5.1/pico-sdk/lib/tinyusb/src/common/tusb_fifo.c.obj
                0x10007160                tu_fifo_full
 .text.tu_fifo_remaining
                0x10007188       0x2c CMakeFiles/pico_to_zero.dir/C_/Users/zjxu/Pico-v1.5.1/pico-sdk/lib/tinyusb/src/common/tusb_fifo.c.obj
                0x10007188                tu_fifo_remaining
 .text.tu_fifo_read
                0x100071b4       0x42 CMakeFiles/pico_to_zero.dir/C_/Users/zjxu/Pico-v1.5.1/pico-sdk/lib/tinyusb/src/common/tusb_fifo.c.obj
                0x100071b4                tu_fifo_read
 .text.tu_fifo_read_n
                0x100071f6        0xa CMakeFiles/pico_to_zero.dir/C_/Users/zjxu/Pico-v1.5.1/pico-sdk/lib/tinyusb/src/common/tusb_fifo.c.obj
                0x100071f6                tu_fifo_read_n
 .text.tu_fifo_write
                0x10007200       0x64 CMakeFiles/pico_to_zero.dir/C_/Users/zjxu/Pico-v1.5.1/pico-sdk/lib/tinyusb/src/common/tusb_fifo.c.obj
                0x10007200                tu_fifo_write
 .text.tu_fifo_write_n
                0x10007264        0xa CMakeFiles/pico_to_zero.dir/C_/Users/zjxu/Pico-v1.5.1/pico-sdk/lib/tinyusb/src/common/tusb_fifo.c.obj
                0x10007264                tu_fifo_write_n
 .text.tu_fifo_clear
                0x1000726e       0x3e CMakeFiles/pico_to_zero.dir/C_/Users/zjxu/Pico-v1.5.1/pico-sdk/lib/tinyusb/src/common/tusb_fifo.c.obj
                0x1000726e                tu_fifo_clear
 .text.tu_fifo_set_overwritable
                0x100072ac       0x46 CMakeFiles/pico_to_zero.dir/C_/Users/zjxu/Pico-v1.5.1/pico-sdk/lib/tinyusb/src/common/tusb_fifo.c.obj
                0x100072ac                tu_fifo_set_overwritable
 *fill*         0x100072f2        0x2 
 .text._calloc_r
                0x100072f4       0x9c c:/progra~1/raspbe~1/picosd~1.1/gcc-ar~1/bin/../lib/gcc/arm-none-eabi/10.3.1/../../../../arm-none-eabi/lib/thumb/v6-m/nofp\libg.a(lib_a-callocr.o)
                0x100072f4                _calloc_r
 .text.__errno  0x10007390        0xc c:/progra~1/raspbe~1/picosd~1.1/gcc-ar~1/bin/../lib/gcc/arm-none-eabi/10.3.1/../../../../arm-none-eabi/lib/thumb/v6-m/nofp\libg.a(lib_a-errno.o)
                0x10007390                __errno
 .text.malloc   0x1000739c       0x14 c:/progra~1/raspbe~1/picosd~1.1/gcc-ar~1/bin/../lib/gcc/arm-none-eabi/10.3.1/../../../../arm-none-eabi/lib/thumb/v6-m/nofp\libg.a(lib_a-malloc.o)
                0x1000739c                malloc
 .text.free     0x100073b0       0x14 c:/progra~1/raspbe~1/picosd~1.1/gcc-ar~1/bin/../lib/gcc/arm-none-eabi/10.3.1/../../../../arm-none-eabi/lib/thumb/v6-m/nofp\libg.a(lib_a-malloc.o)
                0x100073b0                free
 .text._malloc_r
                0x100073c4      0x584 c:/progra~1/raspbe~1/picosd~1.1/gcc-ar~1/bin/../lib/gcc/arm-none-eabi/10.3.1/../../../../arm-none-eabi/lib/thumb/v6-m/nofp\libg.a(lib_a-mallocr.o)
                0x100073c4                _malloc_r
 .text.__malloc_lock
                0x10007948       0x10 c:/progra~1/raspbe~1/picosd~1.1/gcc-ar~1/bin/../lib/gcc/arm-none-eabi/10.3.1/../../../../arm-none-eabi/lib/thumb/v6-m/nofp\libg.a(lib_a-mlock.o)
                0x10007948                __malloc_lock
 .text.__malloc_unlock
                0x10007958       0x10 c:/progra~1/raspbe~1/picosd~1.1/gcc-ar~1/bin/../lib/gcc/arm-none-eabi/10.3.1/../../../../arm-none-eabi/lib/thumb/v6-m/nofp\libg.a(lib_a-mlock.o)
                0x10007958                __malloc_unlock
 .text.realloc  0x10007968       0x18 c:/progra~1/raspbe~1/picosd~1.1/gcc-ar~1/bin/../lib/gcc/arm-none-eabi/10.3.1/../../../../arm-none-eabi/lib/thumb/v6-m/nofp\libg.a(lib_a-realloc.o)
                0x10007968                realloc
 .text._realloc_r
                0x10007980      0x354 c:/progra~1/raspbe~1/picosd~1.1/gcc-ar~1/bin/../lib/gcc/arm-none-eabi/10.3.1/../../../../arm-none-eabi/lib/thumb/v6-m/nofp\libg.a(lib_a-reallocr.o)
                0x10007980                _realloc_r
 .text._sbrk_r  0x10007cd4       0x24 c:/progra~1/raspbe~1/picosd~1.1/gcc-ar~1/bin/../lib/gcc/arm-none-eabi/10.3.1/../../../../arm-none-eabi/lib/thumb/v6-m/nofp\libg.a(lib_a-sbrkr.o)
                0x10007cd4                _sbrk_r
 .text.scanf    0x10007cf8       0x24 c:/progra~1/raspbe~1/picosd~1.1/gcc-ar~1/bin/../lib/gcc/arm-none-eabi/10.3.1/../../../../arm-none-eabi/lib/thumb/v6-m/nofp\libg.a(lib_a-scanf.o)
                0x10007cf8                scanf
 .text.strlen   0x10007d1c       0x5c c:/progra~1/raspbe~1/picosd~1.1/gcc-ar~1/bin/../lib/gcc/arm-none-eabi/10.3.1/../../../../arm-none-eabi/lib/thumb/v6-m/nofp\libg.a(lib_a-strlen-stub.o)
                0x10007d1c                strlen
 .text.__svfscanf_r
                0x10007d78     0x17d8 c:/progra~1/raspbe~1/picosd~1.1/gcc-ar~1/bin/../lib/gcc/arm-none-eabi/10.3.1/../../../../arm-none-eabi/lib/thumb/v6-m/nofp\libg.a(lib_a-vfscanf.o)
                0x10007d78                __svfscanf_r
 .text._vfscanf_r
                0x10009550       0x28 c:/progra~1/raspbe~1/picosd~1.1/gcc-ar~1/bin/../lib/gcc/arm-none-eabi/10.3.1/../../../../arm-none-eabi/lib/thumb/v6-m/nofp\libg.a(lib_a-vfscanf.o)
                0x10009550                _vfscanf_r
 .text._cleanup_r
                0x10009578       0x10 c:/progra~1/raspbe~1/picosd~1.1/gcc-ar~1/bin/../lib/gcc/arm-none-eabi/10.3.1/../../../../arm-none-eabi/lib/thumb/v6-m/nofp\libg.a(lib_a-findfp.o)
                0x10009578                _cleanup_r
 .text.__sinit  0x10009588      0x120 c:/progra~1/raspbe~1/picosd~1.1/gcc-ar~1/bin/../lib/gcc/arm-none-eabi/10.3.1/../../../../arm-none-eabi/lib/thumb/v6-m/nofp\libg.a(lib_a-findfp.o)
                0x10009588                __sinit
 .text.__sfp_lock_acquire
                0x100096a8       0x10 c:/progra~1/raspbe~1/picosd~1.1/gcc-ar~1/bin/../lib/gcc/arm-none-eabi/10.3.1/../../../../arm-none-eabi/lib/thumb/v6-m/nofp\libg.a(lib_a-findfp.o)
                0x100096a8                __sfp_lock_acquire
 .text.__sfp_lock_release
                0x100096b8       0x10 c:/progra~1/raspbe~1/picosd~1.1/gcc-ar~1/bin/../lib/gcc/arm-none-eabi/10.3.1/../../../../arm-none-eabi/lib/thumb/v6-m/nofp\libg.a(lib_a-findfp.o)
                0x100096b8                __sfp_lock_release
 .text._fread_r
                0x100096c8      0x1bc c:/progra~1/raspbe~1/picosd~1.1/gcc-ar~1/bin/../lib/gcc/arm-none-eabi/10.3.1/../../../../arm-none-eabi/lib/thumb/v6-m/nofp\libg.a(lib_a-fread.o)
                0x100096c8                _fread_r
 .text._malloc_trim_r
                0x10009884       0x9c c:/progra~1/raspbe~1/picosd~1.1/gcc-ar~1/bin/../lib/gcc/arm-none-eabi/10.3.1/../../../../arm-none-eabi/lib/thumb/v6-m/nofp\libg.a(lib_a-freer.o)
                0x10009884                _malloc_trim_r
 .text._free_r  0x10009920      0x1c4 c:/progra~1/raspbe~1/picosd~1.1/gcc-ar~1/bin/../lib/gcc/arm-none-eabi/10.3.1/../../../../arm-none-eabi/lib/thumb/v6-m/nofp\libg.a(lib_a-freer.o)
                0x10009920                _free_r
 .text._fwalk   0x10009ae4       0x40 c:/progra~1/raspbe~1/picosd~1.1/gcc-ar~1/bin/../lib/gcc/arm-none-eabi/10.3.1/../../../../arm-none-eabi/lib/thumb/v6-m/nofp\libg.a(lib_a-fwalk.o)
                0x10009ae4                _fwalk
 .text._fwalk_reent
                0x10009b24       0x48 c:/progra~1/raspbe~1/picosd~1.1/gcc-ar~1/bin/../lib/gcc/arm-none-eabi/10.3.1/../../../../arm-none-eabi/lib/thumb/v6-m/nofp\libg.a(lib_a-fwalk.o)
                0x10009b24                _fwalk_reent
 .text.iswspace
                0x10009b6c        0xc c:/progra~1/raspbe~1/picosd~1.1/gcc-ar~1/bin/../lib/gcc/arm-none-eabi/10.3.1/../../../../arm-none-eabi/lib/thumb/v6-m/nofp\libg.a(lib_a-iswspace.o)
                0x10009b6c                iswspace
 .text.iswspace_l
                0x10009b78       0x18 c:/progra~1/raspbe~1/picosd~1.1/gcc-ar~1/bin/../lib/gcc/arm-none-eabi/10.3.1/../../../../arm-none-eabi/lib/thumb/v6-m/nofp\libg.a(lib_a-iswspace_l.o)
                0x10009b78                iswspace_l
 .text.__locale_mb_cur_max
                0x10009b90       0x10 c:/progra~1/raspbe~1/picosd~1.1/gcc-ar~1/bin/../lib/gcc/arm-none-eabi/10.3.1/../../../../arm-none-eabi/lib/thumb/v6-m/nofp\libg.a(lib_a-locale.o)
                0x10009b90                __locale_mb_cur_max
 .text._localeconv_r
                0x10009ba0        0x8 c:/progra~1/raspbe~1/picosd~1.1/gcc-ar~1/bin/../lib/gcc/arm-none-eabi/10.3.1/../../../../arm-none-eabi/lib/thumb/v6-m/nofp\libg.a(lib_a-localeconv.o)
                0x10009ba0                _localeconv_r
 .text.__retarget_lock_init_recursive
                0x10009ba8        0x4 c:/progra~1/raspbe~1/picosd~1.1/gcc-ar~1/bin/../lib/gcc/arm-none-eabi/10.3.1/../../../../arm-none-eabi/lib/thumb/v6-m/nofp\libg.a(lib_a-lock.o)
                0x10009ba8                __retarget_lock_init_recursive
 .text.__retarget_lock_close_recursive
                0x10009bac        0x4 c:/progra~1/raspbe~1/picosd~1.1/gcc-ar~1/bin/../lib/gcc/arm-none-eabi/10.3.1/../../../../arm-none-eabi/lib/thumb/v6-m/nofp\libg.a(lib_a-lock.o)
                0x10009bac                __retarget_lock_close_recursive
 .text.__retarget_lock_acquire_recursive
                0x10009bb0        0x4 c:/progra~1/raspbe~1/picosd~1.1/gcc-ar~1/bin/../lib/gcc/arm-none-eabi/10.3.1/../../../../arm-none-eabi/lib/thumb/v6-m/nofp\libg.a(lib_a-lock.o)
                0x10009bb0                __retarget_lock_acquire_recursive
 .text.__retarget_lock_release_recursive
                0x10009bb4        0x4 c:/progra~1/raspbe~1/picosd~1.1/gcc-ar~1/bin/../lib/gcc/arm-none-eabi/10.3.1/../../../../arm-none-eabi/lib/thumb/v6-m/nofp\libg.a(lib_a-lock.o)
                0x10009bb4                __retarget_lock_release_recursive
 .text._mbrtowc_r
                0x10009bb8       0x4c c:/progra~1/raspbe~1/picosd~1.1/gcc-ar~1/bin/../lib/gcc/arm-none-eabi/10.3.1/../../../../arm-none-eabi/lib/thumb/v6-m/nofp\libg.a(lib_a-mbrtowc.o)
                0x10009bb8                _mbrtowc_r
 .text.__ascii_mbtowc
                0x10009c04       0x2c c:/progra~1/raspbe~1/picosd~1.1/gcc-ar~1/bin/../lib/gcc/arm-none-eabi/10.3.1/../../../../arm-none-eabi/lib/thumb/v6-m/nofp\libg.a(lib_a-mbtowc_r.o)
                0x10009c04                __ascii_mbtowc
 .text.memmove  0x10009c30       0xac c:/progra~1/raspbe~1/picosd~1.1/gcc-ar~1/bin/../lib/gcc/arm-none-eabi/10.3.1/../../../../arm-none-eabi/lib/thumb/v6-m/nofp\libg.a(lib_a-memmove.o)
                0x10009c30                memmove
 .text.lflush   0x10009cdc       0x1c c:/progra~1/raspbe~1/picosd~1.1/gcc-ar~1/bin/../lib/gcc/arm-none-eabi/10.3.1/../../../../arm-none-eabi/lib/thumb/v6-m/nofp\libg.a(lib_a-refill.o)
 .text.__srefill_r
                0x10009cf8      0x124 c:/progra~1/raspbe~1/picosd~1.1/gcc-ar~1/bin/../lib/gcc/arm-none-eabi/10.3.1/../../../../arm-none-eabi/lib/thumb/v6-m/nofp\libg.a(lib_a-refill.o)
                0x10009cf8                __srefill_r
 .text.__sccl   0x10009e1c       0x80 c:/progra~1/raspbe~1/picosd~1.1/gcc-ar~1/bin/../lib/gcc/arm-none-eabi/10.3.1/../../../../arm-none-eabi/lib/thumb/v6-m/nofp\libg.a(lib_a-sccl.o)
                0x10009e1c                __sccl
 .text.nanf     0x10009e9c        0x8 c:/progra~1/raspbe~1/picosd~1.1/gcc-ar~1/bin/../lib/gcc/arm-none-eabi/10.3.1/../../../../arm-none-eabi/lib/thumb/v6-m/nofp\libg.a(lib_a-sf_nan.o)
                0x10009e9c                nanf
 .text.__sread  0x10009ea4       0x28 c:/progra~1/raspbe~1/picosd~1.1/gcc-ar~1/bin/../lib/gcc/arm-none-eabi/10.3.1/../../../../arm-none-eabi/lib/thumb/v6-m/nofp\libg.a(lib_a-stdio.o)
                0x10009ea4                __sread
 .text.__swrite
                0x10009ecc       0x40 c:/progra~1/raspbe~1/picosd~1.1/gcc-ar~1/bin/../lib/gcc/arm-none-eabi/10.3.1/../../../../arm-none-eabi/lib/thumb/v6-m/nofp\libg.a(lib_a-stdio.o)
                0x10009ecc                __swrite
 .text.__sseek  0x10009f0c       0x2c c:/progra~1/raspbe~1/picosd~1.1/gcc-ar~1/bin/../lib/gcc/arm-none-eabi/10.3.1/../../../../arm-none-eabi/lib/thumb/v6-m/nofp\libg.a(lib_a-stdio.o)
                0x10009f0c                __sseek
 .text.__sclose
                0x10009f38        0xc c:/progra~1/raspbe~1/picosd~1.1/gcc-ar~1/bin/../lib/gcc/arm-none-eabi/10.3.1/../../../../arm-none-eabi/lib/thumb/v6-m/nofp\libg.a(lib_a-stdio.o)
                0x10009f38                __sclose
 .text._strtod_l
                0x10009f44      0xf78 c:/progra~1/raspbe~1/picosd~1.1/gcc-ar~1/bin/../lib/gcc/arm-none-eabi/10.3.1/../../../../arm-none-eabi/lib/thumb/v6-m/nofp\libg.a(lib_a-strtod.o)
                0x10009f44                _strtod_l
 .text._strtod_r
                0x1000aebc       0x10 c:/progra~1/raspbe~1/picosd~1.1/gcc-ar~1/bin/../lib/gcc/arm-none-eabi/10.3.1/../../../../arm-none-eabi/lib/thumb/v6-m/nofp\libg.a(lib_a-strtod.o)
                0x1000aebc                _strtod_r
 .text._strtol_l.part.0
                0x1000aecc      0x144 c:/progra~1/raspbe~1/picosd~1.1/gcc-ar~1/bin/../lib/gcc/arm-none-eabi/10.3.1/../../../../arm-none-eabi/lib/thumb/v6-m/nofp\libg.a(lib_a-strtol.o)
 .text._strtol_r
                0x1000b010       0x1c c:/progra~1/raspbe~1/picosd~1.1/gcc-ar~1/bin/../lib/gcc/arm-none-eabi/10.3.1/../../../../arm-none-eabi/lib/thumb/v6-m/nofp\libg.a(lib_a-strtol.o)
                0x1000b010                _strtol_r
 .text._strtoll_l.constprop.0
                0x1000b02c      0x198 c:/progra~1/raspbe~1/picosd~1.1/gcc-ar~1/bin/../lib/gcc/arm-none-eabi/10.3.1/../../../../arm-none-eabi/lib/thumb/v6-m/nofp\libg.a(lib_a-strtoll.o)
 .text._strtoll_r
                0x1000b1c4        0x8 c:/progra~1/raspbe~1/picosd~1.1/gcc-ar~1/bin/../lib/gcc/arm-none-eabi/10.3.1/../../../../arm-none-eabi/lib/thumb/v6-m/nofp\libg.a(lib_a-strtoll.o)
                0x1000b1c4                _strtoll_r
 .text._strtoul_l.constprop.0
                0x1000b1cc      0x148 c:/progra~1/raspbe~1/picosd~1.1/gcc-ar~1/bin/../lib/gcc/arm-none-eabi/10.3.1/../../../../arm-none-eabi/lib/thumb/v6-m/nofp\libg.a(lib_a-strtoul.o)
 .text._strtoul_r
                0x1000b314        0x8 c:/progra~1/raspbe~1/picosd~1.1/gcc-ar~1/bin/../lib/gcc/arm-none-eabi/10.3.1/../../../../arm-none-eabi/lib/thumb/v6-m/nofp\libg.a(lib_a-strtoul.o)
                0x1000b314                _strtoul_r
 .text._strtoull_l.constprop.0
                0x1000b31c      0x1bc c:/progra~1/raspbe~1/picosd~1.1/gcc-ar~1/bin/../lib/gcc/arm-none-eabi/10.3.1/../../../../arm-none-eabi/lib/thumb/v6-m/nofp\libg.a(lib_a-strtoull.o)
 .text._strtoull_r
                0x1000b4d8        0x8 c:/progra~1/raspbe~1/picosd~1.1/gcc-ar~1/bin/../lib/gcc/arm-none-eabi/10.3.1/../../../../arm-none-eabi/lib/thumb/v6-m/nofp\libg.a(lib_a-strtoull.o)
                0x1000b4d8                _strtoull_r
 .text.__submore
                0x1000b4e0       0x84 c:/progra~1/raspbe~1/picosd~1.1/gcc-ar~1/bin/../lib/gcc/arm-none-eabi/10.3.1/../../../../arm-none-eabi/lib/thumb/v6-m/nofp\libg.a(lib_a-ungetc.o)
                0x1000b4e0                __submore
 .text._ungetc_r
                0x1000b564      0x138 c:/progra~1/raspbe~1/picosd~1.1/gcc-ar~1/bin/../lib/gcc/arm-none-eabi/10.3.1/../../../../arm-none-eabi/lib/thumb/v6-m/nofp\libg.a(lib_a-ungetc.o)
                0x1000b564                _ungetc_r
 .text.__ascii_wctomb
                0x1000b69c       0x1c c:/progra~1/raspbe~1/picosd~1.1/gcc-ar~1/bin/../lib/gcc/arm-none-eabi/10.3.1/../../../../arm-none-eabi/lib/thumb/v6-m/nofp\libg.a(lib_a-wctomb_r.o)
                0x1000b69c                __ascii_wctomb
 .text._write_r
                0x1000b6b8       0x28 c:/progra~1/raspbe~1/picosd~1.1/gcc-ar~1/bin/../lib/gcc/arm-none-eabi/10.3.1/../../../../arm-none-eabi/lib/thumb/v6-m/nofp\libg.a(lib_a-writer.o)
                0x1000b6b8                _write_r
 .text._close_r
                0x1000b6e0       0x24 c:/progra~1/raspbe~1/picosd~1.1/gcc-ar~1/bin/../lib/gcc/arm-none-eabi/10.3.1/../../../../arm-none-eabi/lib/thumb/v6-m/nofp\libg.a(lib_a-closer.o)
                0x1000b6e0                _close_r
 .text._fclose_r
                0x1000b704       0xdc c:/progra~1/raspbe~1/picosd~1.1/gcc-ar~1/bin/../lib/gcc/arm-none-eabi/10.3.1/../../../../arm-none-eabi/lib/thumb/v6-m/nofp\libg.a(lib_a-fclose.o)
                0x1000b704                _fclose_r
 .text.__sflush_r
                0x1000b7e0      0x140 c:/progra~1/raspbe~1/picosd~1.1/gcc-ar~1/bin/../lib/gcc/arm-none-eabi/10.3.1/../../../../arm-none-eabi/lib/thumb/v6-m/nofp\libg.a(lib_a-fflush.o)
                0x1000b7e0                __sflush_r
 .text._fflush_r
                0x1000b920       0x6c c:/progra~1/raspbe~1/picosd~1.1/gcc-ar~1/bin/../lib/gcc/arm-none-eabi/10.3.1/../../../../arm-none-eabi/lib/thumb/v6-m/nofp\libg.a(lib_a-fflush.o)
                0x1000b920                _fflush_r
 .text.fflush   0x1000b98c       0x78 c:/progra~1/raspbe~1/picosd~1.1/gcc-ar~1/bin/../lib/gcc/arm-none-eabi/10.3.1/../../../../arm-none-eabi/lib/thumb/v6-m/nofp\libg.a(lib_a-fflush.o)
                0x1000b98c                fflush
 .text.rshift   0x1000ba04       0xa4 c:/progra~1/raspbe~1/picosd~1.1/gcc-ar~1/bin/../lib/gcc/arm-none-eabi/10.3.1/../../../../arm-none-eabi/lib/thumb/v6-m/nofp\libg.a(lib_a-gdtoa-gethex.o)
 .text.__gethex
                0x1000baa8      0x5cc c:/progra~1/raspbe~1/picosd~1.1/gcc-ar~1/bin/../lib/gcc/arm-none-eabi/10.3.1/../../../../arm-none-eabi/lib/thumb/v6-m/nofp\libg.a(lib_a-gdtoa-gethex.o)
                0x1000baa8                __gethex
 .text.__match  0x1000c074       0x2c c:/progra~1/raspbe~1/picosd~1.1/gcc-ar~1/bin/../lib/gcc/arm-none-eabi/10.3.1/../../../../arm-none-eabi/lib/thumb/v6-m/nofp\libg.a(lib_a-gdtoa-hexnan.o)
                0x1000c074                __match
 .text.__hexnan
                0x1000c0a0      0x1d0 c:/progra~1/raspbe~1/picosd~1.1/gcc-ar~1/bin/../lib/gcc/arm-none-eabi/10.3.1/../../../../arm-none-eabi/lib/thumb/v6-m/nofp\libg.a(lib_a-gdtoa-hexnan.o)
                0x1000c0a0                __hexnan
 .text._lseek_r
                0x1000c270       0x28 c:/progra~1/raspbe~1/picosd~1.1/gcc-ar~1/bin/../lib/gcc/arm-none-eabi/10.3.1/../../../../arm-none-eabi/lib/thumb/v6-m/nofp\libg.a(lib_a-lseekr.o)
                0x1000c270                _lseek_r
 .text.__smakebuf_r
                0x1000c298       0xe4 c:/progra~1/raspbe~1/picosd~1.1/gcc-ar~1/bin/../lib/gcc/arm-none-eabi/10.3.1/../../../../arm-none-eabi/lib/thumb/v6-m/nofp\libg.a(lib_a-makebuf.o)
                0x1000c298                __smakebuf_r
 .text._Balloc  0x1000c37c       0x50 c:/progra~1/raspbe~1/picosd~1.1/gcc-ar~1/bin/../lib/gcc/arm-none-eabi/10.3.1/../../../../arm-none-eabi/lib/thumb/v6-m/nofp\libg.a(lib_a-mprec.o)
                0x1000c37c                _Balloc
 .text._Bfree   0x1000c3cc       0x14 c:/progra~1/raspbe~1/picosd~1.1/gcc-ar~1/bin/../lib/gcc/arm-none-eabi/10.3.1/../../../../arm-none-eabi/lib/thumb/v6-m/nofp\libg.a(lib_a-mprec.o)
                0x1000c3cc                _Bfree
 .text.__multadd
                0x1000c3e0       0xa8 c:/progra~1/raspbe~1/picosd~1.1/gcc-ar~1/bin/../lib/gcc/arm-none-eabi/10.3.1/../../../../arm-none-eabi/lib/thumb/v6-m/nofp\libg.a(lib_a-mprec.o)
                0x1000c3e0                __multadd
 .text.__s2b    0x1000c488       0xb0 c:/progra~1/raspbe~1/picosd~1.1/gcc-ar~1/bin/../lib/gcc/arm-none-eabi/10.3.1/../../../../arm-none-eabi/lib/thumb/v6-m/nofp\libg.a(lib_a-mprec.o)
                0x1000c488                __s2b
 .text.__hi0bits
                0x1000c538       0x38 c:/progra~1/raspbe~1/picosd~1.1/gcc-ar~1/bin/../lib/gcc/arm-none-eabi/10.3.1/../../../../arm-none-eabi/lib/thumb/v6-m/nofp\libg.a(lib_a-mprec.o)
                0x1000c538                __hi0bits
 .text.__lo0bits
                0x1000c570       0x5c c:/progra~1/raspbe~1/picosd~1.1/gcc-ar~1/bin/../lib/gcc/arm-none-eabi/10.3.1/../../../../arm-none-eabi/lib/thumb/v6-m/nofp\libg.a(lib_a-mprec.o)
                0x1000c570                __lo0bits
 .text.__i2b    0x1000c5cc       0x60 c:/progra~1/raspbe~1/picosd~1.1/gcc-ar~1/bin/../lib/gcc/arm-none-eabi/10.3.1/../../../../arm-none-eabi/lib/thumb/v6-m/nofp\libg.a(lib_a-mprec.o)
                0x1000c5cc                __i2b
 .text.__multiply
                0x1000c62c      0x1a4 c:/progra~1/raspbe~1/picosd~1.1/gcc-ar~1/bin/../lib/gcc/arm-none-eabi/10.3.1/../../../../arm-none-eabi/lib/thumb/v6-m/nofp\libg.a(lib_a-mprec.o)
                0x1000c62c                __multiply
 .text.__pow5mult
                0x1000c7d0       0xd8 c:/progra~1/raspbe~1/picosd~1.1/gcc-ar~1/bin/../lib/gcc/arm-none-eabi/10.3.1/../../../../arm-none-eabi/lib/thumb/v6-m/nofp\libg.a(lib_a-mprec.o)
                0x1000c7d0                __pow5mult
 .text.__lshift
                0x1000c8a8       0xfc c:/progra~1/raspbe~1/picosd~1.1/gcc-ar~1/bin/../lib/gcc/arm-none-eabi/10.3.1/../../../../arm-none-eabi/lib/thumb/v6-m/nofp\libg.a(lib_a-mprec.o)
                0x1000c8a8                __lshift
 .text.__mcmp   0x1000c9a4       0x34 c:/progra~1/raspbe~1/picosd~1.1/gcc-ar~1/bin/../lib/gcc/arm-none-eabi/10.3.1/../../../../arm-none-eabi/lib/thumb/v6-m/nofp\libg.a(lib_a-mprec.o)
                0x1000c9a4                __mcmp
 .text.__mdiff  0x1000c9d8      0x18c c:/progra~1/raspbe~1/picosd~1.1/gcc-ar~1/bin/../lib/gcc/arm-none-eabi/10.3.1/../../../../arm-none-eabi/lib/thumb/v6-m/nofp\libg.a(lib_a-mprec.o)
                0x1000c9d8                __mdiff
 .text.__ulp    0x1000cb64       0x48 c:/progra~1/raspbe~1/picosd~1.1/gcc-ar~1/bin/../lib/gcc/arm-none-eabi/10.3.1/../../../../arm-none-eabi/lib/thumb/v6-m/nofp\libg.a(lib_a-mprec.o)
                0x1000cb64                __ulp
 .text.__b2d    0x1000cbac       0xc8 c:/progra~1/raspbe~1/picosd~1.1/gcc-ar~1/bin/../lib/gcc/arm-none-eabi/10.3.1/../../../../arm-none-eabi/lib/thumb/v6-m/nofp\libg.a(lib_a-mprec.o)
                0x1000cbac                __b2d
 .text.__d2b    0x1000cc74       0xd8 c:/progra~1/raspbe~1/picosd~1.1/gcc-ar~1/bin/../lib/gcc/arm-none-eabi/10.3.1/../../../../arm-none-eabi/lib/thumb/v6-m/nofp\libg.a(lib_a-mprec.o)
                0x1000cc74                __d2b
 .text.__ratio  0x1000cd4c       0x68 c:/progra~1/raspbe~1/picosd~1.1/gcc-ar~1/bin/../lib/gcc/arm-none-eabi/10.3.1/../../../../arm-none-eabi/lib/thumb/v6-m/nofp\libg.a(lib_a-mprec.o)
                0x1000cd4c                __ratio
 .text.__copybits
                0x1000cdb4       0x40 c:/progra~1/raspbe~1/picosd~1.1/gcc-ar~1/bin/../lib/gcc/arm-none-eabi/10.3.1/../../../../arm-none-eabi/lib/thumb/v6-m/nofp\libg.a(lib_a-mprec.o)
                0x1000cdb4                __copybits
 .text.__any_on
                0x1000cdf4       0x50 c:/progra~1/raspbe~1/picosd~1.1/gcc-ar~1/bin/../lib/gcc/arm-none-eabi/10.3.1/../../../../arm-none-eabi/lib/thumb/v6-m/nofp\libg.a(lib_a-mprec.o)
                0x1000cdf4                __any_on
 .text._read_r  0x1000ce44       0x28 c:/progra~1/raspbe~1/picosd~1.1/gcc-ar~1/bin/../lib/gcc/arm-none-eabi/10.3.1/../../../../arm-none-eabi/lib/thumb/v6-m/nofp\libg.a(lib_a-readr.o)
                0x1000ce44                _read_r
 .text.nan      0x1000ce6c        0xc c:/progra~1/raspbe~1/picosd~1.1/gcc-ar~1/bin/../lib/gcc/arm-none-eabi/10.3.1/../../../../arm-none-eabi/lib/thumb/v6-m/nofp\libg.a(lib_a-s_nan.o)
                0x1000ce6c                nan
 .text.strncmp  0x1000ce78       0x74 c:/progra~1/raspbe~1/picosd~1.1/gcc-ar~1/bin/../lib/gcc/arm-none-eabi/10.3.1/../../../../arm-none-eabi/lib/thumb/v6-m/nofp\libg.a(lib_a-strncmp.o)
                0x1000ce78                strncmp
 .text._fstat_r
                0x1000ceec       0x28 c:/progra~1/raspbe~1/picosd~1.1/gcc-ar~1/bin/../lib/gcc/arm-none-eabi/10.3.1/../../../../arm-none-eabi/lib/thumb/v6-m/nofp\libg.a(lib_a-fstatr.o)
                0x1000ceec                _fstat_r
 .text._isatty_r
                0x1000cf14       0x24 c:/progra~1/raspbe~1/picosd~1.1/gcc-ar~1/bin/../lib/gcc/arm-none-eabi/10.3.1/../../../../arm-none-eabi/lib/thumb/v6-m/nofp\libg.a(lib_a-isattyr.o)
                0x1000cf14                _isatty_r
 *(.fini)
 .fini          0x1000cf38        0x4 c:/progra~1/raspbe~1/picosd~1.1/gcc-ar~1/bin/../lib/gcc/arm-none-eabi/10.3.1/thumb/v6-m/nofp/crti.o
                0x1000cf38                _fini
 *fill*         0x1000cf3c        0x4 
 .fini.__stub   0x1000cf40       0xe0 linker stubs
 *crtbegin.o(.ctors)
 *crtbegin?.o(.ctors)
 *(EXCLUDE_FILE(*crtend.o *crtend?.o) .ctors)
 *(SORT_BY_NAME(.ctors.*))
 *(.ctors)
 *crtbegin.o(.dtors)
 *crtbegin?.o(.dtors)
 *(EXCLUDE_FILE(*crtend.o *crtend?.o) .dtors)
 *(SORT_BY_NAME(.dtors.*))
 *(.dtors)
 *(.eh_frame*)
 .eh_frame      0x1000d020        0x0 c:/progra~1/raspbe~1/picosd~1.1/gcc-ar~1/bin/../lib/gcc/arm-none-eabi/10.3.1/thumb/v6-m/nofp/crtbegin.o
                0x1000d020                . = ALIGN (0x4)

.glue_7         0x1000d020        0x0
 .glue_7        0x1000d020        0x0 linker stubs

.glue_7t        0x1000d020        0x0
 .glue_7t       0x1000d020        0x0 linker stubs

.vfp11_veneer   0x1000d020        0x0
 .vfp11_veneer  0x1000d020        0x0 linker stubs

.v4_bx          0x1000d020        0x0
 .v4_bx         0x1000d020        0x0 linker stubs

.iplt           0x1000d020        0x0
 .iplt          0x1000d020        0x0 c:/progra~1/raspbe~1/picosd~1.1/gcc-ar~1/bin/../lib/gcc/arm-none-eabi/10.3.1/thumb/v6-m/nofp/crtbegin.o

.rodata         0x1000d020     0x1fb4
 *(EXCLUDE_FILE(*libm.a: *libc.a:*lib_a-mem*.o *libgcc.a:) .rodata*)
 .rodata.get_chars.str1.4
                0x1000d020       0x18 CMakeFiles/pico_to_zero.dir/pico_to_zero.c.obj
 .rodata.main.str1.4
                0x1000d038       0x28 CMakeFiles/pico_to_zero.dir/pico_to_zero.c.obj
 .rodata.spin_lock_claim_unused.str1.4
                0x1000d060       0x1b CMakeFiles/pico_to_zero.dir/C_/Users/zjxu/Pico-v1.5.1/pico-sdk/src/rp2_common/hardware_sync/sync.c.obj
 *fill*         0x1000d07b        0x1 
 .rodata.make_branch.str1.4
                0x1000d07c       0x75 CMakeFiles/pico_to_zero.dir/C_/Users/zjxu/Pico-v1.5.1/pico-sdk/src/rp2_common/hardware_irq/irq.c.obj
 *fill*         0x1000d0f1        0x3 
 .rodata.insert_branch_and_link.str1.4
                0x1000d0f4       0x10 CMakeFiles/pico_to_zero.dir/C_/Users/zjxu/Pico-v1.5.1/pico-sdk/src/rp2_common/hardware_irq/irq.c.obj
 .rodata.irq_set_exclusive_handler.str1.4
                0x1000d104       0x36 CMakeFiles/pico_to_zero.dir/C_/Users/zjxu/Pico-v1.5.1/pico-sdk/src/rp2_common/hardware_irq/irq.c.obj
 *fill*         0x1000d13a        0x2 
 .rodata.irq_add_shared_handler.str1.4
                0x1000d13c       0xd9 CMakeFiles/pico_to_zero.dir/C_/Users/zjxu/Pico-v1.5.1/pico-sdk/src/rp2_common/hardware_irq/irq.c.obj
 *fill*         0x1000d215        0x3 
 .rodata.irq_remove_handler.str1.4
                0x1000d218       0x3a CMakeFiles/pico_to_zero.dir/C_/Users/zjxu/Pico-v1.5.1/pico-sdk/src/rp2_common/hardware_irq/irq.c.obj
 *fill*         0x1000d252        0x2 
 .rodata.irq_add_tail_to_free_list.str1.4
                0x1000d254       0x3a CMakeFiles/pico_to_zero.dir/C_/Users/zjxu/Pico-v1.5.1/pico-sdk/src/rp2_common/hardware_irq/irq.c.obj
 *fill*         0x1000d28e        0x2 
 .rodata.user_irq_claim_unused.str1.4
                0x1000d290       0x1b CMakeFiles/pico_to_zero.dir/C_/Users/zjxu/Pico-v1.5.1/pico-sdk/src/rp2_common/hardware_irq/irq.c.obj
 *fill*         0x1000d2ab        0x1 
 .rodata.__func__.0
                0x1000d2ac       0x1a CMakeFiles/pico_to_zero.dir/C_/Users/zjxu/Pico-v1.5.1/pico-sdk/src/rp2_common/hardware_irq/irq.c.obj
 *fill*         0x1000d2c6        0x2 
 .rodata.__func__.1
                0x1000d2c8       0x17 CMakeFiles/pico_to_zero.dir/C_/Users/zjxu/Pico-v1.5.1/pico-sdk/src/rp2_common/hardware_irq/irq.c.obj
 *fill*         0x1000d2df        0x1 
 .rodata.__func__.2
                0x1000d2e0       0x13 CMakeFiles/pico_to_zero.dir/C_/Users/zjxu/Pico-v1.5.1/pico-sdk/src/rp2_common/hardware_irq/irq.c.obj
 *fill*         0x1000d2f3        0x1 
 .rodata.__func__.3
                0x1000d2f4        0xc CMakeFiles/pico_to_zero.dir/C_/Users/zjxu/Pico-v1.5.1/pico-sdk/src/rp2_common/hardware_irq/irq.c.obj
 .rodata.__func__.4
                0x1000d300        0xf CMakeFiles/pico_to_zero.dir/C_/Users/zjxu/Pico-v1.5.1/pico-sdk/src/rp2_common/hardware_irq/irq.c.obj
 *fill*         0x1000d30f        0x1 
 .rodata.__func__.5
                0x1000d310       0x17 CMakeFiles/pico_to_zero.dir/C_/Users/zjxu/Pico-v1.5.1/pico-sdk/src/rp2_common/hardware_irq/irq.c.obj
 *fill*         0x1000d327        0x1 
 .rodata.__func__.6
                0x1000d328       0x1a CMakeFiles/pico_to_zero.dir/C_/Users/zjxu/Pico-v1.5.1/pico-sdk/src/rp2_common/hardware_irq/irq.c.obj
 *fill*         0x1000d342        0x2 
 .rodata.str1.4
                0x1000d344       0xfd CMakeFiles/pico_to_zero.dir/C_/Users/zjxu/Pico-v1.5.1/pico-sdk/src/common/pico_sync/mutex.c.obj
 *fill*         0x1000d441        0x3 
 .rodata.__func__.1
                0x1000d444        0xb CMakeFiles/pico_to_zero.dir/C_/Users/zjxu/Pico-v1.5.1/pico-sdk/src/common/pico_sync/mutex.c.obj
 *fill*         0x1000d44f        0x1 
 .rodata.__func__.3
                0x1000d450       0x18 CMakeFiles/pico_to_zero.dir/C_/Users/zjxu/Pico-v1.5.1/pico-sdk/src/common/pico_sync/mutex.c.obj
 .rodata.__func__.4
                0x1000d468       0x15 CMakeFiles/pico_to_zero.dir/C_/Users/zjxu/Pico-v1.5.1/pico-sdk/src/common/pico_sync/mutex.c.obj
 *fill*         0x1000d47d        0x3 
 .rodata.repeating_timer_callback.str1.4
                0x1000d480       0x53 CMakeFiles/pico_to_zero.dir/C_/Users/zjxu/Pico-v1.5.1/pico-sdk/src/common/pico_time/time.c.obj
 *fill*         0x1000d4d3        0x1 
 .rodata.timer_pool_entry_comparator.str1.4
                0x1000d4d4       0x22 CMakeFiles/pico_to_zero.dir/C_/Users/zjxu/Pico-v1.5.1/pico-sdk/src/common/pico_time/time.c.obj
 *fill*         0x1000d4f6        0x2 
 .rodata.ph_add_child_node.str1.4
                0x1000d4f8       0x9e CMakeFiles/pico_to_zero.dir/C_/Users/zjxu/Pico-v1.5.1/pico-sdk/src/common/pico_time/time.c.obj
 *fill*         0x1000d596        0x2 
 .rodata.add_alarm_under_lock.str1.4
                0x1000d598       0x28 CMakeFiles/pico_to_zero.dir/C_/Users/zjxu/Pico-v1.5.1/pico-sdk/src/common/pico_time/time.c.obj
                                 0x2b (size before relaxing)
 .rodata.alarm_pool_alarm_callback.str1.4
                0x1000d5c0       0x98 CMakeFiles/pico_to_zero.dir/C_/Users/zjxu/Pico-v1.5.1/pico-sdk/src/common/pico_time/time.c.obj
                                0x104 (size before relaxing)
 .rodata.alarm_pool_get_default.str1.4
                0x1000d658       0x21 CMakeFiles/pico_to_zero.dir/C_/Users/zjxu/Pico-v1.5.1/pico-sdk/src/common/pico_time/time.c.obj
 *fill*         0x1000d679        0x3 
 .rodata.alarm_pool_cancel_alarm.str1.4
                0x1000d67c       0x27 CMakeFiles/pico_to_zero.dir/C_/Users/zjxu/Pico-v1.5.1/pico-sdk/src/common/pico_time/time.c.obj
 *fill*         0x1000d6a3        0x1 
 .rodata.sleep_until.str1.4
                0x1000d6a4       0x4d CMakeFiles/pico_to_zero.dir/C_/Users/zjxu/Pico-v1.5.1/pico-sdk/src/common/pico_time/time.c.obj
 *fill*         0x1000d6f1        0x3 
 .rodata.__func__.1
                0x1000d6f4       0x18 CMakeFiles/pico_to_zero.dir/C_/Users/zjxu/Pico-v1.5.1/pico-sdk/src/common/pico_time/time.c.obj
 .rodata.__func__.10
                0x1000d70c       0x15 CMakeFiles/pico_to_zero.dir/C_/Users/zjxu/Pico-v1.5.1/pico-sdk/src/common/pico_time/time.c.obj
 *fill*         0x1000d721        0x3 
 .rodata.__func__.11
                0x1000d724       0x1a CMakeFiles/pico_to_zero.dir/C_/Users/zjxu/Pico-v1.5.1/pico-sdk/src/common/pico_time/time.c.obj
 *fill*         0x1000d73e        0x2 
 .rodata.__func__.12
                0x1000d740        0xa CMakeFiles/pico_to_zero.dir/C_/Users/zjxu/Pico-v1.5.1/pico-sdk/src/common/pico_time/time.c.obj
 *fill*         0x1000d74a        0x2 
 .rodata.__func__.3
                0x1000d74c       0x17 CMakeFiles/pico_to_zero.dir/C_/Users/zjxu/Pico-v1.5.1/pico-sdk/src/common/pico_time/time.c.obj
 *fill*         0x1000d763        0x1 
 .rodata.__func__.4
                0x1000d764       0x12 CMakeFiles/pico_to_zero.dir/C_/Users/zjxu/Pico-v1.5.1/pico-sdk/src/common/pico_time/time.c.obj
 *fill*         0x1000d776        0x2 
 .rodata.__func__.5
                0x1000d778        0xd CMakeFiles/pico_to_zero.dir/C_/Users/zjxu/Pico-v1.5.1/pico-sdk/src/common/pico_time/time.c.obj
 *fill*         0x1000d785        0x3 
 .rodata.__func__.6