Archive member included to satisfy reference by file (symbol)

c:/progra~1/raspbe~1/picosd~1.1/gcc-ar~1/bin/../lib/gcc/arm-none-eabi/10.3.1/thumb/v6-m/nofp\libgcc.a(_dvmd_tls.o)
                              CMakeFiles/I2C.dir/C_/Users/zjxu/Pico-v1.5.1/pico-sdk/src/rp2_common/pico_divider/divider.S.obj (__aeabi_idiv0)
c:/progra~1/raspbe~1/picosd~1.1/gcc-ar~1/bin/../lib/gcc/arm-none-eabi/10.3.1/../../../../arm-none-eabi/lib/thumb/v6-m/nofp\libg.a(lib_a-calloc.o)
                              CMakeFiles/I2C.dir/C_/Users/zjxu/Pico-v1.5.1/pico-sdk/src/rp2_common/pico_malloc/pico_malloc.c.obj (calloc)
c:/progra~1/raspbe~1/picosd~1.1/gcc-ar~1/bin/../lib/gcc/arm-none-eabi/10.3.1/../../../../arm-none-eabi/lib/thumb/v6-m/nofp\libg.a(lib_a-callocr.o)
                              c:/progra~1/raspbe~1/picosd~1.1/gcc-ar~1/bin/../lib/gcc/arm-none-eabi/10.3.1/../../../../arm-none-eabi/lib/thumb/v6-m/nofp\libg.a(lib_a-calloc.o) (_calloc_r)
c:/progra~1/raspbe~1/picosd~1.1/gcc-ar~1/bin/../lib/gcc/arm-none-eabi/10.3.1/../../../../arm-none-eabi/lib/thumb/v6-m/nofp\libg.a(lib_a-errno.o)
                              c:/progra~1/raspbe~1/picosd~1.1/gcc-ar~1/bin/../lib/gcc/arm-none-eabi/10.3.1/../../../../arm-none-eabi/lib/thumb/v6-m/nofp\libg.a(lib_a-callocr.o) (__errno)
c:/progra~1/raspbe~1/picosd~1.1/gcc-ar~1/bin/../lib/gcc/arm-none-eabi/10.3.1/../../../../arm-none-eabi/lib/thumb/v6-m/nofp\libg.a(lib_a-impure.o)
                              c:/progra~1/raspbe~1/picosd~1.1/gcc-ar~1/bin/../lib/gcc/arm-none-eabi/10.3.1/../../../../arm-none-eabi/lib/thumb/v6-m/nofp\libg.a(lib_a-calloc.o) (_impure_ptr)
c:/progra~1/raspbe~1/picosd~1.1/gcc-ar~1/bin/../lib/gcc/arm-none-eabi/10.3.1/../../../../arm-none-eabi/lib/thumb/v6-m/nofp\libg.a(lib_a-init.o)
                              c:/progra~1/raspbe~1/picosd~1.1/gcc-ar~1/bin/../lib/gcc/arm-none-eabi/10.3.1/../../../../arm-none-eabi/lib/thumb/v6-m/nofp/crt0.o (__libc_init_array)
c:/progra~1/raspbe~1/picosd~1.1/gcc-ar~1/bin/../lib/gcc/arm-none-eabi/10.3.1/../../../../arm-none-eabi/lib/thumb/v6-m/nofp\libg.a(lib_a-malloc.o)
                              CMakeFiles/I2C.dir/C_/Users/zjxu/Pico-v1.5.1/pico-sdk/src/rp2_common/pico_malloc/pico_malloc.c.obj (malloc)
c:/progra~1/raspbe~1/picosd~1.1/gcc-ar~1/bin/../lib/gcc/arm-none-eabi/10.3.1/../../../../arm-none-eabi/lib/thumb/v6-m/nofp\libg.a(lib_a-mallocr.o)
                              c:/progra~1/raspbe~1/picosd~1.1/gcc-ar~1/bin/../lib/gcc/arm-none-eabi/10.3.1/../../../../arm-none-eabi/lib/thumb/v6-m/nofp\libg.a(lib_a-callocr.o) (_malloc_r)
c:/progra~1/raspbe~1/picosd~1.1/gcc-ar~1/bin/../lib/gcc/arm-none-eabi/10.3.1/../../../../arm-none-eabi/lib/thumb/v6-m/nofp\libg.a(lib_a-mlock.o)
                              c:/progra~1/raspbe~1/picosd~1.1/gcc-ar~1/bin/../lib/gcc/arm-none-eabi/10.3.1/../../../../arm-none-eabi/lib/thumb/v6-m/nofp\libg.a(lib_a-mallocr.o) (__malloc_lock)
c:/progra~1/raspbe~1/picosd~1.1/gcc-ar~1/bin/../lib/gcc/arm-none-eabi/10.3.1/../../../../arm-none-eabi/lib/thumb/v6-m/nofp\libg.a(lib_a-realloc.o)
                              CMakeFiles/I2C.dir/C_/Users/zjxu/Pico-v1.5.1/pico-sdk/src/rp2_common/pico_malloc/pico_malloc.c.obj (realloc)
c:/progra~1/raspbe~1/picosd~1.1/gcc-ar~1/bin/../lib/gcc/arm-none-eabi/10.3.1/../../../../arm-none-eabi/lib/thumb/v6-m/nofp\libg.a(lib_a-reallocr.o)
                              c:/progra~1/raspbe~1/picosd~1.1/gcc-ar~1/bin/../lib/gcc/arm-none-eabi/10.3.1/../../../../arm-none-eabi/lib/thumb/v6-m/nofp\libg.a(lib_a-realloc.o) (_realloc_r)
c:/progra~1/raspbe~1/picosd~1.1/gcc-ar~1/bin/../lib/gcc/arm-none-eabi/10.3.1/../../../../arm-none-eabi/lib/thumb/v6-m/nofp\libg.a(lib_a-sbrkr.o)
                              c:/progra~1/raspbe~1/picosd~1.1/gcc-ar~1/bin/../lib/gcc/arm-none-eabi/10.3.1/../../../../arm-none-eabi/lib/thumb/v6-m/nofp\libg.a(lib_a-mallocr.o) (_sbrk_r)
c:/progra~1/raspbe~1/picosd~1.1/gcc-ar~1/bin/../lib/gcc/arm-none-eabi/10.3.1/../../../../arm-none-eabi/lib/thumb/v6-m/nofp\libg.a(lib_a-strlen-stub.o)
                              CMakeFiles/I2C.dir/C_/Users/zjxu/Pico-v1.5.1/pico-sdk/src/rp2_common/pico_stdio/stdio.c.obj (strlen)
c:/progra~1/raspbe~1/picosd~1.1/gcc-ar~1/bin/../lib/gcc/arm-none-eabi/10.3.1/../../../../arm-none-eabi/lib/thumb/v6-m/nofp\libg.a(lib_a-freer.o)
                              c:/progra~1/raspbe~1/picosd~1.1/gcc-ar~1/bin/../lib/gcc/arm-none-eabi/10.3.1/../../../../arm-none-eabi/lib/thumb/v6-m/nofp\libg.a(lib_a-malloc.o) (_free_r)
c:/progra~1/raspbe~1/picosd~1.1/gcc-ar~1/bin/../lib/gcc/arm-none-eabi/10.3.1/../../../../arm-none-eabi/lib/thumb/v6-m/nofp\libg.a(lib_a-lock.o)
                              c:/progra~1/raspbe~1/picosd~1.1/gcc-ar~1/bin/../lib/gcc/arm-none-eabi/10.3.1/../../../../arm-none-eabi/lib/thumb/v6-m/nofp\libg.a(lib_a-mlock.o) (__retarget_lock_acquire_recursive)
c:/progra~1/raspbe~1/picosd~1.1/gcc-ar~1/bin/../lib/gcc/arm-none-eabi/10.3.1/../../../../arm-none-eabi/lib/thumb/v6-m/nofp\libg.a(lib_a-memmove.o)
[...]
Memory Configuration

Name             Origin             Length             Attributes
FLASH            0x10000000         0x00200000         xr
RAM              0x20000000         0x00040000         xrw
SCRATCH_X        0x20040000         0x00001000         xrw
SCRATCH_Y        0x20041000         0x00001000         xrw
*default*        0x00000000         0xffffffff

Linker script and memory map

LOAD c:/progra~1/raspbe~1/picosd~1.1/gcc-ar~1/bin/../lib/gcc/arm-none-eabi/10.3.1/thumb/v6-m/nofp/crti.o
LOAD c:/progra~1/raspbe~1/picosd~1.1/gcc-ar~1/bin/../lib/gcc/arm-none-eabi/10.3.1/thumb/v6-m/nofp/crtbegin.o
LOAD c:/progra~1/raspbe~1/picosd~1.1/gcc-ar~1/bin/../lib/gcc/arm-none-eabi/10.3.1/../../../../arm-none-eabi/lib/thumb/v6-m/nofp/crt0.o

.flash_begin    0x10000000        0x0
                0x10000000                __flash_binary_start = .

.boot2          0x10000000      0x100
                0x10000000                __boot2_start__ = .
 *(.boot2)
 .boot2         0x10000000      0x100 C:\Users\zjxu\AppData\Local\Temp\ccKISNoe.o
                0x10000100                __boot2_end__ = .
                0x00000001                ASSERT (((__boot2_end__ - __boot2_start__) == 0x100), ERROR: Pico second stage bootloader must be 256 bytes in size)

.text           0x10000100     0x7100
                0x10000100                __logical_binary_start = .
 *(.vectors)
 .vectors       0x10000100       0xd4 CMakeFiles/I2C.dir/C_/Users/zjxu/Pico-v1.5.1/pico-sdk/src/rp2_common/pico_standard_link/crt0.S.obj
                0x10000100                __VECTOR_TABLE
                0x10000100                __vectors
                0x100001c0                isr_invalid
                0x100001c0                __default_isrs_start
                0x100001c2                isr_nmi
                0x100001c4                isr_hardfault
                0x100001c6                isr_svcall
                0x100001c8                isr_pendsv
                0x100001ca                isr_systick
                0x100001cc                isr_irq23
                0x100001cc                isr_irq18
                0x100001cc                isr_irq11
                0x100001cc                isr_irq28
                0x100001cc                isr_irq19
                0x100001cc                isr_irq0
                0x100001cc                isr_irq6
                0x100001cc                isr_irq5
                0x100001cc                isr_irq12
                0x100001cc                isr_irq22
                0x100001cc                isr_irq31
                0x100001cc                isr_irq17
                0x100001cc                isr_irq27
                0x100001cc                isr_irq30
                0x100001cc                isr_irq2
                0x100001cc                isr_irq10
                0x100001cc                isr_irq8
                0x100001cc                isr_irq24
                0x100001cc                isr_irq1
                0x100001cc                isr_irq7
                0x100001cc                isr_irq21
                0x100001cc                isr_irq20
                0x100001cc                isr_irq15
                0x100001cc                isr_irq25
                0x100001cc                isr_irq13
                0x100001cc                __unhandled_user_irq
                0x100001cc                isr_irq4
                0x100001cc                isr_irq16
                0x100001cc                isr_irq29
                0x100001cc                isr_irq26
                0x100001cc                __default_isrs_end
                0x100001cc                isr_irq3
                0x100001cc                isr_irq14
                0x100001cc                isr_irq9
                0x100001d2                unhandled_user_irq_num_in_r0
 *(.binary_info_header)
 .binary_info_header
                0x100001d4       0x14 CMakeFiles/I2C.dir/C_/Users/zjxu/Pico-v1.5.1/pico-sdk/src/rp2_common/pico_standard_link/crt0.S.obj
                0x100001e8                __binary_info_header_end = .
 *(.reset)
 .reset         0x100001e8       0xa0 CMakeFiles/I2C.dir/C_/Users/zjxu/Pico-v1.5.1/pico-sdk/src/rp2_common/pico_standard_link/crt0.S.obj
                0x100001e8                _entry_point
 .reset         0x10000288       0x30 CMakeFiles/I2C.dir/C_/Users/zjxu/Pico-v1.5.1/pico-sdk/src/rp2_common/pico_standard_link/binary_info.c.obj
 *(.init)
 .init          0x100002b8        0x4 c:/progra~1/raspbe~1/picosd~1.1/gcc-ar~1/bin/../lib/gcc/arm-none-eabi/10.3.1/thumb/v6-m/nofp/crti.o
                0x100002b8                _init
 *(EXCLUDE_FILE(*libm.a: *libc.a:*lib_a-mem*.o *libgcc.a:) .text*)
 .text          0x100002bc       0x48 c:/progra~1/raspbe~1/picosd~1.1/gcc-ar~1/bin/../lib/gcc/arm-none-eabi/10.3.1/thumb/v6-m/nofp/crtbegin.o
 .text.initialize_mcp23008
                0x10000304       0x24 CMakeFiles/I2C.dir/I2C.c.obj
                0x10000304                initialize_mcp23008
 .text.set_led  0x10000328       0x28 CMakeFiles/I2C.dir/I2C.c.obj
                0x10000328                set_led
 .text.read_button
                0x10000350       0x3c CMakeFiles/I2C.dir/I2C.c.obj
                0x10000350                read_button
 .text.main     0x1000038c       0x68 CMakeFiles/I2C.dir/I2C.c.obj
                0x1000038c                main
 .text.gpio_set_function
                0x100003f4       0x30 CMakeFiles/I2C.dir/C_/Users/zjxu/Pico-v1.5.1/pico-sdk/src/rp2_common/hardware_gpio/gpio.c.obj
                0x100003f4                gpio_set_function
 .text.gpio_init
                0x10000424       0x16 CMakeFiles/I2C.dir/C_/Users/zjxu/Pico-v1.5.1/pico-sdk/src/rp2_common/hardware_gpio/gpio.c.obj
                0x10000424                gpio_init
 *fill*         0x1000043a        0x2 
 .text.running_on_fpga
                0x1000043c       0x14 CMakeFiles/I2C.dir/C_/Users/zjxu/Pico-v1.5.1/pico-sdk/src/rp2_common/pico_platform/platform.c.obj
                0x1000043c                running_on_fpga
 .text.hw_claim_lock
                0x10000450       0x18 CMakeFiles/I2C.dir/C_/Users/zjxu/Pico-v1.5.1/pico-sdk/src/rp2_common/hardware_claim/claim.c.obj
                0x10000450                hw_claim_lock
 .text.hw_claim_unlock
                0x10000468       0x14 CMakeFiles/I2C.dir/C_/Users/zjxu/Pico-v1.5.1/pico-sdk/src/rp2_common/hardware_claim/claim.c.obj
                0x10000468                hw_claim_unlock
 .text.hw_claim_or_assert
                0x1000047c       0x32 CMakeFiles/I2C.dir/C_/Users/zjxu/Pico-v1.5.1/pico-sdk/src/rp2_common/hardware_claim/claim.c.obj
                0x1000047c                hw_claim_or_assert
 .text.hw_claim_unused_from_range
                0x100004ae       0x50 CMakeFiles/I2C.dir/C_/Users/zjxu/Pico-v1.5.1/pico-sdk/src/rp2_common/hardware_claim/claim.c.obj
                0x100004ae                hw_claim_unused_from_range
 *fill*         0x100004fe        0x2 
 .text.spin_locks_reset
                0x10000500       0x20 CMakeFiles/I2C.dir/C_/Users/zjxu/Pico-v1.5.1/pico-sdk/src/rp2_common/hardware_sync/sync.c.obj
                0x10000500                spin_locks_reset
 .text.next_striped_spin_lock_num
                0x10000520       0x1c CMakeFiles/I2C.dir/C_/Users/zjxu/Pico-v1.5.1/pico-sdk/src/rp2_common/hardware_sync/sync.c.obj
                0x10000520                next_striped_spin_lock_num
 .text.spin_lock_claim_unused
                0x1000053c       0x20 CMakeFiles/I2C.dir/C_/Users/zjxu/Pico-v1.5.1/pico-sdk/src/rp2_common/hardware_sync/sync.c.obj
                0x1000053c                spin_lock_claim_unused
 .text.set_raw_irq_handler_and_unlock
                0x1000055c       0x28 CMakeFiles/I2C.dir/C_/Users/zjxu/Pico-v1.5.1/pico-sdk/src/rp2_common/hardware_irq/irq.c.obj
 .text.make_branch
                0x10000584       0x48 CMakeFiles/I2C.dir/C_/Users/zjxu/Pico-v1.5.1/pico-sdk/src/rp2_common/hardware_irq/irq.c.obj
 .text.insert_branch_and_link
                0x100005cc       0x40 CMakeFiles/I2C.dir/C_/Users/zjxu/Pico-v1.5.1/pico-sdk/src/rp2_common/hardware_irq/irq.c.obj
 .text.irq_is_enabled
                0x1000060c       0x18 CMakeFiles/I2C.dir/C_/Users/zjxu/Pico-v1.5.1/pico-sdk/src/rp2_common/hardware_irq/irq.c.obj
                0x1000060c                irq_is_enabled
 .text.irq_set_mask_enabled
                0x10000624       0x20 CMakeFiles/I2C.dir/C_/Users/zjxu/Pico-v1.5.1/pico-sdk/src/rp2_common/hardware_irq/irq.c.obj
                0x10000624                irq_set_mask_enabled
 .text.irq_set_enabled
                0x10000644        0xe CMakeFiles/I2C.dir/C_/Users/zjxu/Pico-v1.5.1/pico-sdk/src/rp2_common/hardware_irq/irq.c.obj
                0x10000644                irq_set_enabled
 *fill*         0x10000652        0x2 
 .text.irq_set_pending
                0x10000654       0x10 CMakeFiles/I2C.dir/C_/Users/zjxu/Pico-v1.5.1/pico-sdk/src/rp2_common/hardware_irq/irq.c.obj
                0x10000654                irq_set_pending
 .text.irq_get_vtable_handler
                0x10000664       0x10 CMakeFiles/I2C.dir/C_/Users/zjxu/Pico-v1.5.1/pico-sdk/src/rp2_common/hardware_irq/irq.c.obj
                0x10000664                irq_get_vtable_handler
 .text.irq_has_shared_handler
                0x10000674       0x24 CMakeFiles/I2C.dir/C_/Users/zjxu/Pico-v1.5.1/pico-sdk/src/rp2_common/hardware_irq/irq.c.obj
                0x10000674                irq_has_shared_handler
 .text.irq_set_exclusive_handler
                0x10000698       0x54 CMakeFiles/I2C.dir/C_/Users/zjxu/Pico-v1.5.1/pico-sdk/src/rp2_common/hardware_irq/irq.c.obj
                0x10000698                irq_set_exclusive_handler
 .text.irq_add_shared_handler
                0x100006ec      0x234 CMakeFiles/I2C.dir/C_/Users/zjxu/Pico-v1.5.1/pico-sdk/src/rp2_common/hardware_irq/irq.c.obj
                0x100006ec                irq_add_shared_handler
 .text.irq_remove_handler
                0x10000920      0x1ac CMakeFiles/I2C.dir/C_/Users/zjxu/Pico-v1.5.1/pico-sdk/src/rp2_common/hardware_irq/irq.c.obj
                0x10000920                irq_remove_handler
 .text.irq_add_tail_to_free_list
                0x10000acc       0xf0 CMakeFiles/I2C.dir/C_/Users/zjxu/Pico-v1.5.1/pico-sdk/src/rp2_common/hardware_irq/irq.c.obj
                0x10000acc                irq_add_tail_to_free_list
 .text.irq_init_priorities
                0x10000bbc       0x1c CMakeFiles/I2C.dir/C_/Users/zjxu/Pico-v1.5.1/pico-sdk/src/rp2_common/hardware_irq/irq.c.obj
                0x10000bbc                irq_init_priorities
 .text.user_irq_claim_unused
                0x10000bd8       0x28 CMakeFiles/I2C.dir/C_/Users/zjxu/Pico-v1.5.1/pico-sdk/src/rp2_common/hardware_irq/irq.c.obj
                0x10000bd8                user_irq_claim_unused
 .text.lock_init
                0x10000c00       0x10 CMakeFiles/I2C.dir/C_/Users/zjxu/Pico-v1.5.1/pico-sdk/src/common/pico_sync/lock_core.c.obj
                0x10000c00                lock_init
 .text.mutex_init
                0x10000c10       0x1a CMakeFiles/I2C.dir/C_/Users/zjxu/Pico-v1.5.1/pico-sdk/src/common/pico_sync/mutex.c.obj
                0x10000c10                mutex_init
 .text.recursive_mutex_init
                0x10000c2a       0x1e CMakeFiles/I2C.dir/C_/Users/zjxu/Pico-v1.5.1/pico-sdk/src/common/pico_sync/mutex.c.obj
                0x10000c2a                recursive_mutex_init
 .text.critical_section_init_with_lock_num
                0x10000c48       0x14 CMakeFiles/I2C.dir/C_/Users/zjxu/Pico-v1.5.1/pico-sdk/src/common/pico_sync/critical_section.c.obj
                0x10000c48                critical_section_init_with_lock_num
 .text.critical_section_init
                0x10000c5c       0x14 CMakeFiles/I2C.dir/C_/Users/zjxu/Pico-v1.5.1/pico-sdk/src/common/pico_sync/critical_section.c.obj
                0x10000c5c                critical_section_init
 .text.alarm_pool_post_alloc_init
                0x10000c70       0x40 CMakeFiles/I2C.dir/C_/Users/zjxu/Pico-v1.5.1/pico-sdk/src/common/pico_time/time.c.obj
 .text.sleep_until_callback
                0x10000cb0       0x30 CMakeFiles/I2C.dir/C_/Users/zjxu/Pico-v1.5.1/pico-sdk/src/common/pico_time/time.c.obj
 .text.timer_pool_entry_comparator
                0x10000ce0       0x7c CMakeFiles/I2C.dir/C_/Users/zjxu/Pico-v1.5.1/pico-sdk/src/common/pico_time/time.c.obj
                0x10000ce0                timer_pool_entry_comparator
 .text.ph_add_child_node
                0x10000d5c       0xa4 CMakeFiles/I2C.dir/C_/Users/zjxu/Pico-v1.5.1/pico-sdk/src/common/pico_time/time.c.obj
 .text.ph_merge_nodes
                0x10000e00       0x3e CMakeFiles/I2C.dir/C_/Users/zjxu/Pico-v1.5.1/pico-sdk/src/common/pico_time/time.c.obj
 *fill*         0x10000e3e        0x2 
 .text.add_alarm_under_lock
                0x10000e40      0x174 CMakeFiles/I2C.dir/C_/Users/zjxu/Pico-v1.5.1/pico-sdk/src/common/pico_time/time.c.obj
 .text.alarm_pool_alarm_callback
                0x10000fb4      0x33c CMakeFiles/I2C.dir/C_/Users/zjxu/Pico-v1.5.1/pico-sdk/src/common/pico_time/time.c.obj
 .text.alarm_pool_init_default
                0x100012f0       0x40 CMakeFiles/I2C.dir/C_/Users/zjxu/Pico-v1.5.1/pico-sdk/src/common/pico_time/time.c.obj
                0x100012f0                alarm_pool_init_default
 .text.alarm_pool_get_default
                0x10001330       0x2c CMakeFiles/I2C.dir/C_/Users/zjxu/Pico-v1.5.1/pico-sdk/src/common/pico_time/time.c.obj
                0x10001330                alarm_pool_get_default
 .text.alarm_pool_add_alarm_at
                0x1000135c      0x168 CMakeFiles/I2C.dir/C_/Users/zjxu/Pico-v1.5.1/pico-sdk/src/common/pico_time/time.c.obj
                0x1000135c                alarm_pool_add_alarm_at
 .text.alarm_pool_cancel_alarm
                0x100014c4       0xf8 CMakeFiles/I2C.dir/C_/Users/zjxu/Pico-v1.5.1/pico-sdk/src/common/pico_time/time.c.obj
                0x100014c4                alarm_pool_cancel_alarm
 .text.alarm_pool_core_num
                0x100015bc        0x4 CMakeFiles/I2C.dir/C_/Users/zjxu/Pico-v1.5.1/pico-sdk/src/common/pico_time/time.c.obj
                0x100015bc                alarm_pool_core_num
 .text.sleep_until
                0x100015c0       0xfc CMakeFiles/I2C.dir/C_/Users/zjxu/Pico-v1.5.1/pico-sdk/src/common/pico_time/time.c.obj
                0x100015c0                sleep_until
 .text.sleep_us
                0x100016bc       0x58 CMakeFiles/I2C.dir/C_/Users/zjxu/Pico-v1.5.1/pico-sdk/src/common/pico_time/time.c.obj
                0x100016bc                sleep_us
 .text.sleep_ms
                0x10001714       0x14 CMakeFiles/I2C.dir/C_/Users/zjxu/Pico-v1.5.1/pico-sdk/src/common/pico_time/time.c.obj
                0x10001714                sleep_ms
 .text.best_effort_wfe_or_timeout
                0x10001728       0xac CMakeFiles/I2C.dir/C_/Users/zjxu/Pico-v1.5.1/pico-sdk/src/common/pico_time/time.c.obj
                0x10001728                best_effort_wfe_or_timeout
 .text.hardware_alarm_irq_handler
                0x100017d4       0x90 CMakeFiles/I2C.dir/C_/Users/zjxu/Pico-v1.5.1/pico-sdk/src/rp2_common/hardware_timer/timer.c.obj
 .text.hardware_alarm_claim
                0x10001864       0x18 CMakeFiles/I2C.dir/C_/Users/zjxu/Pico-v1.5.1/pico-sdk/src/rp2_common/hardware_timer/timer.c.obj
                0x10001864                hardware_alarm_claim
 .text.time_us_64
                0x1000187c       0x18 CMakeFiles/I2C.dir/C_/Users/zjxu/Pico-v1.5.1/pico-sdk/src/rp2_common/hardware_timer/timer.c.obj
                0x1000187c                time_us_64
 .text.busy_wait_until
                0x10001894       0x28 CMakeFiles/I2C.dir/C_/Users/zjxu/Pico-v1.5.1/pico-sdk/src/rp2_common/hardware_timer/timer.c.obj
                0x10001894                busy_wait_until
 .text.hardware_alarm_set_callback
                0x100018bc       0x90 CMakeFiles/I2C.dir/C_/Users/zjxu/Pico-v1.5.1/pico-sdk/src/rp2_common/hardware_timer/timer.c.obj
                0x100018bc                hardware_alarm_set_callback
 .text.hardware_alarm_set_target
                0x1000194c       0xe8 CMakeFiles/I2C.dir/C_/Users/zjxu/Pico-v1.5.1/pico-sdk/src/rp2_common/hardware_timer/timer.c.obj
                0x1000194c                hardware_alarm_set_target
 .text.hardware_alarm_cancel
                0x10001a34       0x40 CMakeFiles/I2C.dir/C_/Users/zjxu/Pico-v1.5.1/pico-sdk/src/rp2_common/hardware_timer/timer.c.obj
                0x10001a34                hardware_alarm_cancel
 .text.ph_add_child_node
                0x10001a74       0xa4 CMakeFiles/I2C.dir/C_/Users/zjxu/Pico-v1.5.1/pico-sdk/src/common/pico_util/pheap.c.obj
 .text.ph_merge_nodes
                0x10001b18       0x3e CMakeFiles/I2C.dir/C_/Users/zjxu/Pico-v1.5.1/pico-sdk/src/common/pico_util/pheap.c.obj
 *fill*         0x10001b56        0x2 
 .text.ph_clear
                0x10001b58       0x70 CMakeFiles/I2C.dir/C_/Users/zjxu/Pico-v1.5.1/pico-sdk/src/common/pico_util/pheap.c.obj
                0x10001b58                ph_clear
 .text.ph_post_alloc_init
                0x10001bc8        0xe CMakeFiles/I2C.dir/C_/Users/zjxu/Pico-v1.5.1/pico-sdk/src/common/pico_util/pheap.c.obj
                0x10001bc8                ph_post_alloc_init
 *fill*         0x10001bd6        0x2 
 .text.ph_merge_two_pass
                0x10001bd8       0xa8 CMakeFiles/I2C.dir/C_/Users/zjxu/Pico-v1.5.1/pico-sdk/src/common/pico_util/pheap.c.obj
                0x10001bd8                ph_merge_two_pass
 .text.ph_remove_any_head
                0x10001c80      0x128 CMakeFiles/I2C.dir/C_/Users/zjxu/Pico-v1.5.1/pico-sdk/src/common/pico_util/pheap.c.obj
 .text.ph_remove_head
                0x10001da8       0x14 CMakeFiles/I2C.dir/C_/Users/zjxu/Pico-v1.5.1/pico-sdk/src/common/pico_util/pheap.c.obj
                0x10001da8                ph_remove_head
 .text.ph_remove_and_free_node
                0x10001dbc       0xf8 CMakeFiles/I2C.dir/C_/Users/zjxu/Pico-v1.5.1/pico-sdk/src/common/pico_util/pheap.c.obj
                0x10001dbc                ph_remove_and_free_node
 .text.clock_configure
                0x10001eb4      0x108 CMakeFiles/I2C.dir/C_/Users/zjxu/Pico-v1.5.1/pico-sdk/src/rp2_common/hardware_clocks/clocks.c.obj
                0x10001eb4                clock_configure
 .text.clocks_init
                0x10001fbc      0x100 CMakeFiles/I2C.dir/C_/Users/zjxu/Pico-v1.5.1/pico-sdk/src/rp2_common/hardware_clocks/clocks.c.obj
                0x10001fbc                clocks_init
 .text.clock_get_hz
                0x100020bc        0xc CMakeFiles/I2C.dir/C_/Users/zjxu/Pico-v1.5.1/pico-sdk/src/rp2_common/hardware_clocks/clocks.c.obj
                0x100020bc                clock_get_hz
 .text.pll_init
                0x100020c8      0x120 CMakeFiles/I2C.dir/C_/Users/zjxu/Pico-v1.5.1/pico-sdk/src/rp2_common/hardware_pll/pll.c.obj
                0x100020c8                pll_init
 .text.watchdog_start_tick
                0x100021e8       0x10 CMakeFiles/I2C.dir/C_/Users/zjxu/Pico-v1.5.1/pico-sdk/src/rp2_common/hardware_watchdog/watchdog.c.obj
                0x100021e8                watchdog_start_tick
 .text.watchdog_update
                0x100021f8       0x14 CMakeFiles/I2C.dir/C_/Users/zjxu/Pico-v1.5.1/pico-sdk/src/rp2_common/hardware_watchdog/watchdog.c.obj
                0x100021f8                watchdog_update
 .text._watchdog_enable
                0x1000220c       0x78 CMakeFiles/I2C.dir/C_/Users/zjxu/Pico-v1.5.1/pico-sdk/src/rp2_common/hardware_watchdog/watchdog.c.obj
                0x1000220c                _watchdog_enable
 .text.watchdog_reboot
                0x10002284       0x48 CMakeFiles/I2C.dir/C_/Users/zjxu/Pico-v1.5.1/pico-sdk/src/rp2_common/hardware_watchdog/watchdog.c.obj
                0x10002284                watchdog_reboot
 .text.xosc_init
                0x100022cc       0x28 CMakeFiles/I2C.dir/C_/Users/zjxu/Pico-v1.5.1/pico-sdk/src/rp2_common/hardware_xosc/xosc.c.obj
                0x100022cc                xosc_init
 .text._exit    0x100022f4        0x4 CMakeFiles/I2C.dir/C_/Users/zjxu/Pico-v1.5.1/pico-sdk/src/rp2_common/pico_runtime/runtime.c.obj
                0x100022f4                _exit
 .text.exit     0x100022f8        0x6 CMakeFiles/I2C.dir/C_/Users/zjxu/Pico-v1.5.1/pico-sdk/src/rp2_common/pico_runtime/runtime.c.obj
                0x100022f8                exit
 *fill*         0x100022fe        0x2 
 .text.__assert_func
                0x10002300       0x3c CMakeFiles/I2C.dir/C_/Users/zjxu/Pico-v1.5.1/pico-sdk/src/rp2_common/pico_runtime/runtime.c.obj
                0x10002300                __assert_func
 .text.runtime_init
                0x1000233c       0xf8 CMakeFiles/I2C.dir/C_/Users/zjxu/Pico-v1.5.1/pico-sdk/src/rp2_common/pico_runtime/runtime.c.obj
                0x1000233c                runtime_init
 .text.panic    0x10002434       0x30 CMakeFiles/I2C.dir/C_/Users/zjxu/Pico-v1.5.1/pico-sdk/src/rp2_common/pico_runtime/runtime.c.obj
                0x10002434                panic
 .text._out_null
                0x10002464        0x2 CMakeFiles/I2C.dir/C_/Users/zjxu/Pico-v1.5.1/pico-sdk/src/rp2_common/pico_printf/printf.c.obj
 .text._out_fct
                0x10002466        0xe CMakeFiles/I2C.dir/C_/Users/zjxu/Pico-v1.5.1/pico-sdk/src/rp2_common/pico_printf/printf.c.obj
 .text._atoi    0x10002474       0x24 CMakeFiles/I2C.dir/C_/Users/zjxu/Pico-v1.5.1/pico-sdk/src/rp2_common/pico_printf/printf.c.obj
 .text._out_rev
                0x10002498       0xae CMakeFiles/I2C.dir/C_/Users/zjxu/Pico-v1.5.1/pico-sdk/src/rp2_common/pico_printf/printf.c.obj
 .text._ntoa_format
                0x10002546      0x112 CMakeFiles/I2C.dir/C_/Users/zjxu/Pico-v1.5.1/pico-sdk/src/rp2_common/pico_printf/printf.c.obj
 .text._ntoa_long
                0x10002658       0xbc CMakeFiles/I2C.dir/C_/Users/zjxu/Pico-v1.5.1/pico-sdk/src/rp2_common/pico_printf/printf.c.obj
 .text._ntoa_long_long
                0x10002714       0xe2 CMakeFiles/I2C.dir/C_/Users/zjxu/Pico-v1.5.1/pico-sdk/src/rp2_common/pico_printf/printf.c.obj
 *fill*         0x100027f6        0x2 
 .text._etoa    0x100027f8      0x414 CMakeFiles/I2C.dir/C_/Users/zjxu/Pico-v1.5.1/pico-sdk/src/rp2_common/pico_printf/printf.c.obj
 .text._ftoa    0x10002c0c      0x354 CMakeFiles/I2C.dir/C_/Users/zjxu/Pico-v1.5.1/pico-sdk/src/rp2_common/pico_printf/printf.c.obj
 .text._vsnprintf
                0x10002f60      0x624 CMakeFiles/I2C.dir/C_/Users/zjxu/Pico-v1.5.1/pico-sdk/src/rp2_common/pico_printf/printf.c.obj
 .text.vfctprintf
                0x10003584       0x20 CMakeFiles/I2C.dir/C_/Users/zjxu/Pico-v1.5.1/pico-sdk/src/rp2_common/pico_printf/printf.c.obj
                0x10003584                vfctprintf
 .text          0x100035a4       0x10 CMakeFiles/I2C.dir/C_/Users/zjxu/Pico-v1.5.1/pico-sdk/src/rp2_common/pico_bit_ops/bit_ops_aeabi.S.obj
 .text.rom_func_lookup
                0x100035b4       0x10 CMakeFiles/I2C.dir/C_/Users/zjxu/Pico-v1.5.1/pico-sdk/src/rp2_common/pico_bootrom/bootrom.c.obj
                0x100035b4                rom_func_lookup
 .text.rom_data_lookup
                0x100035c4       0x10 CMakeFiles/I2C.dir/C_/Users/zjxu/Pico-v1.5.1/pico-sdk/src/rp2_common/pico_bootrom/bootrom.c.obj
                0x100035c4                rom_data_lookup
 .text.rom_funcs_lookup
                0x100035d4       0x36 CMakeFiles/I2C.dir/C_/Users/zjxu/Pico-v1.5.1/pico-sdk/src/rp2_common/pico_bootrom/bootrom.c.obj
                0x100035d4                rom_funcs_lookup
 *fill*         0x1000360a        0x2 
 .text.__wrap___aeabi_idiv
                0x1000360c       0x50 CMakeFiles/I2C.dir/C_/Users/zjxu/Pico-v1.5.1/pico-sdk/src/rp2_common/pico_divider/divider.S.obj
                0x1000360c                __wrap___aeabi_idivmod
                0x1000360c                divmod_s32s32
                0x1000360c                div_s32s32
                0x1000360c                __wrap___aeabi_idiv
                0x10003614                divmod_s32s32_unsafe
                0x10003640                divmod_s32s32_savestate
 .text.__wrap___aeabi_uidiv
                0x1000365c       0x4c CMakeFiles/I2C.dir/C_/Users/zjxu/Pico-v1.5.1/pico-sdk/src/rp2_common/pico_divider/divider.S.obj
                0x1000365c                __wrap___aeabi_uidiv
                0x1000365c                __wrap___aeabi_uidivmod
                0x1000365c                div_u32u32
                0x1000365c                divmod_u32u32
                0x10003664                divmod_u32u32_unsafe
                0x1000368c                divmod_u32u32_savestate
 .text.__wrap___aeabi_ldiv
                0x100036a8      0x424 CMakeFiles/I2C.dir/C_/Users/zjxu/Pico-v1.5.1/pico-sdk/src/rp2_common/pico_divider/divider.S.obj
                0x100036a8                div_s64s64
                0x100036a8                divmod_s64s64
                0x100036a8                __wrap___aeabi_ldivmod
                0x100036d8                divmod_u64u64
                0x100036d8                div_u64u64
                0x100036d8                __wrap___aeabi_uldivmod
                0x100036e8                divmod_u64u64_savestate
                0x10003708                divmod_s64s64_unsafe
                0x10003790                divmod_u64u64_unsafe
 .text.__wrap___aeabi_darithmetic
                0x10003acc       0x80 CMakeFiles/I2C.dir/C_/Users/zjxu/Pico-v1.5.1/pico-sdk/src/rp2_common/pico_double/double_aeabi.S.obj
                0x10003acc                __wrap___aeabi_drsub
                0x10003ad2                __wrap___aeabi_dsub
                0x10003ae4                __wrap___aeabi_dadd
                0x10003af6                __wrap___aeabi_ddiv
                0x10003b32                __wrap___aeabi_dmul
 .text.__wrap___aeabi_cdcmple
                0x10003b4c       0x6c CMakeFiles/I2C.dir/C_/Users/zjxu/Pico-v1.5.1/pico-sdk/src/rp2_common/pico_double/double_aeabi.S.obj
                0x10003b4c                __wrap___aeabi_cdrcmple
                0x10003b5c                __wrap___aeabi_cdcmpeq
                0x10003b5c                __wrap___aeabi_cdcmple
 .text.__wrap___aeabi_dcmplt
                0x10003bb8        0xc CMakeFiles/I2C.dir/C_/Users/zjxu/Pico-v1.5.1/pico-sdk/src/rp2_common/pico_double/double_aeabi.S.obj
                0x10003bb8                __wrap___aeabi_dcmplt
 .text.__wrap___aeabi_dcmple
                0x10003bc4       0x10 CMakeFiles/I2C.dir/C_/Users/zjxu/Pico-v1.5.1/pico-sdk/src/rp2_common/pico_double/double_aeabi.S.obj
                0x10003bc4                __wrap___aeabi_dcmple
 .text.__wrap___aeabi_dcmpge
                0x10003bd4       0x10 CMakeFiles/I2C.dir/C_/Users/zjxu/Pico-v1.5.1/pico-sdk/src/rp2_common/pico_double/double_aeabi.S.obj
                0x10003bd4                __wrap___aeabi_dcmpge
 .text.__wrap___aeabi_dcmpgt
                0x10003be4        0xa CMakeFiles/I2C.dir/C_/Users/zjxu/Pico-v1.5.1/pico-sdk/src/rp2_common/pico_double/double_aeabi.S.obj
                0x10003be4                __wrap___aeabi_dcmpgt
 .text.__wrap___aeabi_dcmpun
                0x10003bee       0x1c CMakeFiles/I2C.dir/C_/Users/zjxu/Pico-v1.5.1/pico-sdk/src/rp2_common/pico_double/double_aeabi.S.obj
                0x10003bee                __wrap___aeabi_dcmpun
 *fill*         0x10003c0a        0x2 
 .text.__wrap___aeabi_i2d
                0x10003c0c       0x38 CMakeFiles/I2C.dir/C_/Users/zjxu/Pico-v1.5.1/pico-sdk/src/rp2_common/pico_double/double_aeabi.S.obj
                0x10003c0c                __wrap___aeabi_ui2d
                0x10003c14                __wrap___aeabi_i2d
 .text.__wrap___aeabi_d2iz
                0x10003c44       0x48 CMakeFiles/I2C.dir/C_/Users/zjxu/Pico-v1.5.1/pico-sdk/src/rp2_common/pico_double/double_aeabi.S.obj
                0x10003c44                double2int_z
                0x10003c44                __wrap___aeabi_d2iz
 .text.__wrap___aeabi_d2uiz
                0x10003c8c       0x18 CMakeFiles/I2C.dir/C_/Users/zjxu/Pico-v1.5.1/pico-sdk/src/rp2_common/pico_double/double_aeabi.S.obj
                0x10003c8c                __wrap___aeabi_d2uiz
                0x10003c8c                double2uint
 .text.__aeabi_double_init
                0x10003ca4       0xc8 CMakeFiles/I2C.dir/C_/Users/zjxu/Pico-v1.5.1/pico-sdk/src/rp2_common/pico_double/double_init_rom.c.obj
                0x10003ca4                __aeabi_double_init
 .text.double_table_shim_on_use_helper
                0x10003d6c       0x34 CMakeFiles/I2C.dir/C_/Users/zjxu/Pico-v1.5.1/pico-sdk/src/rp2_common/pico_double/double_v1_rom_shim.S.obj
                0x10003d6c                double_table_shim_on_use_helper
 .text.__wrap___aeabi_dsub
                0x10003da0       0x10 CMakeFiles/I2C.dir/C_/Users/zjxu/Pico-v1.5.1/pico-sdk/src/rp2_common/pico_double/double_v1_rom_shim.S.obj
                0x10003da0                drsub_shim
                0x10003da6                dsub_shim
 .text.dadd_shim
                0x10003db0      0x15c CMakeFiles/I2C.dir/C_/Users/zjxu/Pico-v1.5.1/pico-sdk/src/rp2_common/pico_double/double_v1_rom_shim.S.obj
                0x10003db0                dadd_shim
 .text.dmul_shim
                0x10003f0c      0x15c CMakeFiles/I2C.dir/C_/Users/zjxu/Pico-v1.5.1/pico-sdk/src/rp2_common/pico_double/double_v1_rom_shim.S.obj
                0x10003f0c                dmul_shim
 .text.ddiv_shim
                0x10004068      0x1b0 CMakeFiles/I2C.dir/C_/Users/zjxu/Pico-v1.5.1/pico-sdk/src/rp2_common/pico_double/double_v1_rom_shim.S.obj
                0x10004068                ddiv_shim
 .text.double2uint_shim
                0x10004218        0xe CMakeFiles/I2C.dir/C_/Users/zjxu/Pico-v1.5.1/pico-sdk/src/rp2_common/pico_double/double_v1_rom_shim.S.obj
                0x10004218                double2uint_shim
                0x1000421a                double2ufix_shim
 *fill*         0x10004226        0x2 
 .text.double2uint64_shim
                0x10004228       0x70 CMakeFiles/I2C.dir/C_/Users/zjxu/Pico-v1.5.1/pico-sdk/src/rp2_common/pico_double/double_v1_rom_shim.S.obj
                0x10004228                double2uint64_shim
                0x1000422a                double2ufix64_shim
                0x1000424a                d2fix_a
 .text.dunpacks
                0x10004298       0x3c CMakeFiles/I2C.dir/C_/Users/zjxu/Pico-v1.5.1/pico-sdk/src/rp2_common/pico_double/double_v1_rom_shim.S.obj
                0x10004298                dunpacks
 .text.__aeabi_lmul
                0x100042d4       0x32 CMakeFiles/I2C.dir/C_/Users/zjxu/Pico-v1.5.1/pico-sdk/src/rp2_common/pico_int64_ops/pico_int64_ops_aeabi.S.obj
                0x100042d4                __wrap___aeabi_lmul
 *fill*         0x10004306        0x2 
 .text.__aeabi_float_init
                0x10004308       0xfc CMakeFiles/I2C.dir/C_/Users/zjxu/Pico-v1.5.1/pico-sdk/src/rp2_common/pico_float/float_init_rom.c.obj
                0x10004308                __aeabi_float_init
 .text.float_table_shim_on_use_helper
                0x10004404       0x34 CMakeFiles/I2C.dir/C_/Users/zjxu/Pico-v1.5.1/pico-sdk/src/rp2_common/pico_float/float_v1_rom_shim.S.obj
                0x10004404                float_table_shim_on_use_helper
 .text          0x10004438       0x10 CMakeFiles/I2C.dir/C_/Users/zjxu/Pico-v1.5.1/pico-sdk/src/rp2_common/pico_mem_ops/mem_ops_aeabi.S.obj
                0x10004438                __aeabi_mem_init
 .text.memset   0x10004448        0xc CMakeFiles/I2C.dir/C_/Users/zjxu/Pico-v1.5.1/pico-sdk/src/rp2_common/pico_mem_ops/mem_ops_aeabi.S.obj
                0x10004448                __wrap_memset
 .text.memcpy   0x10004454        0xc CMakeFiles/I2C.dir/C_/Users/zjxu/Pico-v1.5.1/pico-sdk/src/rp2_common/pico_mem_ops/mem_ops_aeabi.S.obj
                0x10004454                __wrap_memcpy
                0x10004454                __wrap___aeabi_memcpy
 .text.stdio_out_chars_no_crlf
                0x10004460        0xe CMakeFiles/I2C.dir/C_/Users/zjxu/Pico-v1.5.1/pico-sdk/src/rp2_common/pico_stdio/stdio.c.obj
 *fill*         0x1000446e        0x2 
 .text.stdio_out_chars_crlf
                0x10004470       0x80 CMakeFiles/I2C.dir/C_/Users/zjxu/Pico-v1.5.1/pico-sdk/src/rp2_common/pico_stdio/stdio.c.obj
 .text.stdio_stack_buffer_flush
                0x100044f0       0x44 CMakeFiles/I2C.dir/C_/Users/zjxu/Pico-v1.5.1/pico-sdk/src/rp2_common/pico_stdio/stdio.c.obj
 .text.stdio_buffered_printer
                0x10004534       0x20 CMakeFiles/I2C.dir/C_/Users/zjxu/Pico-v1.5.1/pico-sdk/src/rp2_common/pico_stdio/stdio.c.obj
 .text.stdout_serialize_begin
                0x10004554       0x5c CMakeFiles/I2C.dir/C_/Users/zjxu/Pico-v1.5.1/pico-sdk/src/rp2_common/pico_stdio/stdio.c.obj
                0x10004554                stdout_serialize_begin
 .text.stdout_serialize_end
                0x100045b0       0x10 CMakeFiles/I2C.dir/C_/Users/zjxu/Pico-v1.5.1/pico-sdk/src/rp2_common/pico_stdio/stdio.c.obj
                0x100045b0                stdout_serialize_end
 .text.stdio_put_string
                0x100045c0       0x98 CMakeFiles/I2C.dir/C_/Users/zjxu/Pico-v1.5.1/pico-sdk/src/rp2_common/pico_stdio/stdio.c.obj
 .text.stdio_set_driver_enabled
                0x10004658       0x2c CMakeFiles/I2C.dir/C_/Users/zjxu/Pico-v1.5.1/pico-sdk/src/rp2_common/pico_stdio/stdio.c.obj
                0x10004658                stdio_set_driver_enabled
 .text.stdio_flush
                0x10004684       0x20 CMakeFiles/I2C.dir/C_/Users/zjxu/Pico-v1.5.1/pico-sdk/src/rp2_common/pico_stdio/stdio.c.obj
                0x10004684                stdio_flush
 .text.__wrap_puts
                0x100046a4       0x1e CMakeFiles/I2C.dir/C_/Users/zjxu/Pico-v1.5.1/pico-sdk/src/rp2_common/pico_stdio/stdio.c.obj
                0x100046a4                __wrap_puts
 *fill*         0x100046c2        0x2 
 .text.__wrap_vprintf
                0x100046c4       0x40 CMakeFiles/I2C.dir/C_/Users/zjxu/Pico-v1.5.1/pico-sdk/src/rp2_common/pico_stdio/stdio.c.obj
                0x100046c4                __wrap_vprintf
 .text.__wrap_printf
                0x10004704       0x18 CMakeFiles/I2C.dir/C_/Users/zjxu/Pico-v1.5.1/pico-sdk/src/rp2_common/pico_stdio/stdio.c.obj
                0x10004704                __wrap_printf
 .text.stdio_init_all
                0x1000471c        0x8 CMakeFiles/I2C.dir/C_/Users/zjxu/Pico-v1.5.1/pico-sdk/src/rp2_common/pico_stdio/stdio.c.obj
                0x1000471c                stdio_init_all
 .text.resetd_init
                0x10004724        0x2 CMakeFiles/I2C.dir/C_/Users/zjxu/Pico-v1.5.1/pico-sdk/src/rp2_common/pico_stdio_usb/reset_interface.c.obj
 *fill*         0x10004726        0x2 
 .text.resetd_reset
                0x10004728        0xc CMakeFiles/I2C.dir/C_/Users/zjxu/Pico-v1.5.1/pico-sdk/src/rp2_common/pico_stdio_usb/reset_interface.c.obj
 .text.resetd_open
                0x10004734       0x34 CMakeFiles/I2C.dir/C_/Users/zjxu/Pico-v1.5.1/pico-sdk/src/rp2_common/pico_stdio_usb/reset_interface.c.obj
 .text.resetd_xfer_cb
                0x10004768        0x4 CMakeFiles/I2C.dir/C_/Users/zjxu/Pico-v1.5.1/pico-sdk/src/rp2_common/pico_stdio_usb/reset_interface.c.obj
 .text.reset_usb_boot
                0x1000476c       0x18 CMakeFiles/I2C.dir/C_/Users/zjxu/Pico-v1.5.1/pico-sdk/src/rp2_common/pico_stdio_usb/reset_interface.c.obj
 .text.resetd_control_xfer_cb
                0x10004784       0x5c CMakeFiles/I2C.dir/C_/Users/zjxu/Pico-v1.5.1/pico-sdk/src/rp2_common/pico_stdio_usb/reset_interface.c.obj
 .text.usbd_app_driver_get_cb
                0x100047e0        0xc CMakeFiles/I2C.dir/C_/Users/zjxu/Pico-v1.5.1/pico-sdk/src/rp2_common/pico_stdio_usb/reset_interface.c.obj
                0x100047e0                usbd_app_driver_get_cb
 .text.tud_cdc_line_coding_cb
                0x100047ec       0x28 CMakeFiles/I2C.dir/C_/Users/zjxu/Pico-v1.5.1/pico-sdk/src/rp2_common/pico_stdio_usb/reset_interface.c.obj
                0x100047ec                tud_cdc_line_coding_cb
 .text.stdio_usb_set_chars_available_callback
                0x10004814       0x14 CMakeFiles/I2C.dir/C_/Users/zjxu/Pico-v1.5.1/pico-sdk/src/rp2_common/pico_stdio_usb/stdio_usb.c.obj
                0x10004814                stdio_usb_set_chars_available_callback
 .text.usb_irq  0x10004828       0x10 CMakeFiles/I2C.dir/C_/Users/zjxu/Pico-v1.5.1/pico-sdk/src/rp2_common/pico_stdio_usb/stdio_usb.c.obj
 .text.timer_task
                0x10004838       0x5c CMakeFiles/I2C.dir/C_/Users/zjxu/Pico-v1.5.1/pico-sdk/src/rp2_common/pico_stdio_usb/stdio_usb.c.obj
 .text.low_priority_worker_irq
                0x10004894       0xdc CMakeFiles/I2C.dir/C_/Users/zjxu/Pico-v1.5.1/pico-sdk/src/rp2_common/pico_stdio_usb/stdio_usb.c.obj
 .text.tud_cdc_rx_cb
                0x10004970       0x20 CMakeFiles/I2C.dir/C_/Users/zjxu/Pico-v1.5.1/pico-sdk/src/rp2_common/pico_stdio_usb/stdio_usb.c.obj
                0x10004970                tud_cdc_rx_cb
 .text.stdio_usb_init
                0x10004990      0x11c CMakeFiles/I2C.dir/C_/Users/zjxu/Pico-v1.5.1/pico-sdk/src/rp2_common/pico_stdio_usb/stdio_usb.c.obj
                0x10004990                stdio_usb_init
 .text.stdio_usb_connected
                0x10004aac        0xa CMakeFiles/I2C.dir/C_/Users/zjxu/Pico-v1.5.1/pico-sdk/src/rp2_common/pico_stdio_usb/stdio_usb.c.obj
                0x10004aac                stdio_usb_connected
 *fill*         0x10004ab6        0x2 
 .text.stdio_usb_in_chars
                0x10004ab8       0xc4 CMakeFiles/I2C.dir/C_/Users/zjxu/Pico-v1.5.1/pico-sdk/src/rp2_common/pico_stdio_usb/stdio_usb.c.obj
                0x10004ab8                stdio_usb_in_chars
 .text.stdio_usb_out_chars
                0x10004b7c      0x114 CMakeFiles/I2C.dir/C_/Users/zjxu/Pico-v1.5.1/pico-sdk/src/rp2_common/pico_stdio_usb/stdio_usb.c.obj
 .text.tud_descriptor_device_cb
                0x10004c90        0x8 CMakeFiles/I2C.dir/C_/Users/zjxu/Pico-v1.5.1/pico-sdk/src/rp2_common/pico_stdio_usb/stdio_usb_descriptors.c.obj
                0x10004c90                tud_descriptor_device_cb
 .text.tud_descriptor_configuration_cb
                0x10004c98        0x8 CMakeFiles/I2C.dir/C_/Users/zjxu/Pico-v1.5.1/pico-sdk/src/rp2_common/pico_stdio_usb/stdio_usb_descriptors.c.obj
                0x10004c98                tud_descriptor_configuration_cb
 .text.tud_descriptor_string_cb
                0x10004ca0       0x6c CMakeFiles/I2C.dir/C_/Users/zjxu/Pico-v1.5.1/pico-sdk/src/rp2_common/pico_stdio_usb/stdio_usb_descriptors.c.obj
                0x10004ca0                tud_descriptor_string_cb
 .text._retrieve_unique_id_on_boot
                0x10004d0c       0x10 CMakeFiles/I2C.dir/C_/Users/zjxu/Pico-v1.5.1/pico-sdk/src/rp2_common/pico_unique_id/unique_id.c.obj
 .text.pico_get_unique_board_id_string
                0x10004d1c       0x60 CMakeFiles/I2C.dir/C_/Users/zjxu/Pico-v1.5.1/pico-sdk/src/rp2_common/pico_unique_id/unique_id.c.obj
                0x10004d1c                pico_get_unique_board_id_string
 .text.flash_get_unique_id
                0x10004d7c       0x46 CMakeFiles/I2C.dir/C_/Users/zjxu/Pico-v1.5.1/pico-sdk/src/rp2_common/hardware_flash/flash.c.obj
                0x10004d7c                flash_get_unique_id
 *fill*         0x10004dc2        0x2 
 .text.hw_endpoint_get_by_addr
                0x10004dc4       0x18 CMakeFiles/I2C.dir/C_/Users/zjxu/Pico-v1.5.1/pico-sdk/lib/tinyusb/src/portable/raspberrypi/rp2040/dcd_rp2040.c.obj
 .text._hw_endpoint_alloc
                0x10004ddc       0x70 CMakeFiles/I2C.dir/C_/Users/zjxu/Pico-v1.5.1/pico-sdk/lib/tinyusb/src/portable/raspberrypi/rp2040/dcd_rp2040.c.obj
 .text.hw_endpoint_init
                0x10004e4c       0x88 CMakeFiles/I2C.dir/C_/Users/zjxu/Pico-v1.5.1/pico-sdk/lib/tinyusb/src/portable/raspberrypi/rp2040/dcd_rp2040.c.obj
 .text.hw_endpoint_xfer
                0x10004ed4       0x14 CMakeFiles/I2C.dir/C_/Users/zjxu/Pico-v1.5.1/pico-sdk/lib/tinyusb/src/portable/raspberrypi/rp2040/dcd_rp2040.c.obj
 .text.dcd_int_enable
                0x10004ee8       0x2c CMakeFiles/I2C.dir/C_/Users/zjxu/Pico-v1.5.1/pico-sdk/lib/tinyusb/src/portable/raspberrypi/rp2040/dcd_rp2040.c.obj
                0x10004ee8                dcd_int_enable
 .text.dcd_set_address
                0x10004f14       0x2c CMakeFiles/I2C.dir/C_/Users/zjxu/Pico-v1.5.1/pico-sdk/lib/tinyusb/src/portable/raspberrypi/rp2040/dcd_rp2040.c.obj
                0x10004f14                dcd_set_address
 .text.dcd_connect
                0x10004f40       0x10 CMakeFiles/I2C.dir/C_/Users/zjxu/Pico-v1.5.1/pico-sdk/lib/tinyusb/src/portable/raspberrypi/rp2040/dcd_rp2040.c.obj
                0x10004f40                dcd_connect
 .text.dcd_init
                0x10004f50       0x80 CMakeFiles/I2C.dir/C_/Users/zjxu/Pico-v1.5.1/pico-sdk/lib/tinyusb/src/portable/raspberrypi/rp2040/dcd_rp2040.c.obj
                0x10004f50                dcd_init
 .text.dcd_edpt0_status_complete
                0x10004fd0       0x1c CMakeFiles/I2C.dir/C_/Users/zjxu/Pico-v1.5.1/pico-sdk/lib/tinyusb/src/portable/raspberrypi/rp2040/dcd_rp2040.c.obj
                0x10004fd0                dcd_edpt0_status_complete
 .text.dcd_edpt_open
                0x10004fec       0x40 CMakeFiles/I2C.dir/C_/Users/zjxu/Pico-v1.5.1/pico-sdk/lib/tinyusb/src/portable/raspberrypi/rp2040/dcd_rp2040.c.obj
                0x10004fec                dcd_edpt_open
 .text.dcd_edpt_close_all
                0x1000502c        0x8 CMakeFiles/I2C.dir/C_/Users/zjxu/Pico-v1.5.1/pico-sdk/lib/tinyusb/src/portable/raspberrypi/rp2040/dcd_rp2040.c.obj
                0x1000502c                dcd_edpt_close_all
 .text.dcd_edpt_xfer
                0x10005034       0x34 CMakeFiles/I2C.dir/C_/Users/zjxu/Pico-v1.5.1/pico-sdk/lib/tinyusb/src/portable/raspberrypi/rp2040/dcd_rp2040.c.obj
                0x10005034                dcd_edpt_xfer
 .text.dcd_edpt_stall
                0x10005068       0x2c CMakeFiles/I2C.dir/C_/Users/zjxu/Pico-v1.5.1/pico-sdk/lib/tinyusb/src/portable/raspberrypi/rp2040/dcd_rp2040.c.obj
                0x10005068                dcd_edpt_stall
 .text.dcd_edpt_clear_stall
                0x10005094       0x20 CMakeFiles/I2C.dir/C_/Users/zjxu/Pico-v1.5.1/pico-sdk/lib/tinyusb/src/portable/raspberrypi/rp2040/dcd_rp2040.c.obj
                0x10005094                dcd_edpt_clear_stall
 .text.rp2040_usb_init
                0x100050b4       0x4c CMakeFiles/I2C.dir/C_/Users/zjxu/Pico-v1.5.1/pico-sdk/lib/tinyusb/src/portable/raspberrypi/rp2040/rp2040_usb.c.obj
                0x100050b4                rp2040_usb_init
 .text.hw_endpoint_xfer_start
                0x10005100       0x50 CMakeFiles/I2C.dir/C_/Users/zjxu/Pico-v1.5.1/pico-sdk/lib/tinyusb/src/portable/raspberrypi/rp2040/rp2040_usb.c.obj
                0x10005100                hw_endpoint_xfer_start
 .text.configuration_reset
                0x10005150       0x84 CMakeFiles/I2C.dir/C_/Users/zjxu/Pico-v1.5.1/pico-sdk/lib/tinyusb/src/device/usbd.c.obj
 .text.usbd_reset
                0x100051d4        0xc CMakeFiles/I2C.dir/C_/Users/zjxu/Pico-v1.5.1/pico-sdk/lib/tinyusb/src/device/usbd.c.obj
 .text.invoke_class_control
                0x100051e0       0x1a CMakeFiles/I2C.dir/C_/Users/zjxu/Pico-v1.5.1/pico-sdk/lib/tinyusb/src/device/usbd.c.obj
 *fill*         0x100051fa        0x2 
 .text.process_set_config
                0x100051fc      0x178 CMakeFiles/I2C.dir/C_/Users/zjxu/Pico-v1.5.1/pico-sdk/lib/tinyusb/src/device/usbd.c.obj
 .text.process_get_descriptor
                0x10005374       0xdc CMakeFiles/I2C.dir/C_/Users/zjxu/Pico-v1.5.1/pico-sdk/lib/tinyusb/src/device/usbd.c.obj
 .text.tud_mounted
                0x10005450       0x10 CMakeFiles/I2C.dir/C_/Users/zjxu/Pico-v1.5.1/pico-sdk/lib/tinyusb/src/device/usbd.c.obj
                0x10005450                tud_mounted
 .text.tud_suspended
                0x10005460       0x10 CMakeFiles/I2C.dir/C_/Users/zjxu/Pico-v1.5.1/pico-sdk/lib/tinyusb/src/device/usbd.c.obj
                0x10005460                tud_suspended
 .text.tud_inited
                0x10005470       0x14 CMakeFiles/I2C.dir/C_/Users/zjxu/Pico-v1.5.1/pico-sdk/lib/tinyusb/src/device/usbd.c.obj
                0x10005470                tud_inited
 .text.tud_init
                0x10005484       0xcc CMakeFiles/I2C.dir/C_/Users/zjxu/Pico-v1.5.1/pico-sdk/lib/tinyusb/src/device/usbd.c.obj
                0x10005484                tud_init
 .text.usbd_defer_func
                0x10005550       0x2a CMakeFiles/I2C.dir/C_/Users/zjxu/Pico-v1.5.1/pico-sdk/lib/tinyusb/src/device/usbd.c.obj
                0x10005550                usbd_defer_func
 *fill*         0x1000557a        0x2 
 .text.usbd_edpt_open
                0x1000557c       0x34 CMakeFiles/I2C.dir/C_/Users/zjxu/Pico-v1.5.1/pico-sdk/lib/tinyusb/src/device/usbd.c.obj
                0x1000557c                usbd_edpt_open
 .text.usbd_open_edpt_pair
                0x100055b0       0x62 CMakeFiles/I2C.dir/C_/Users/zjxu/Pico-v1.5.1/pico-sdk/lib/tinyusb/src/device/usbd.c.obj
                0x100055b0                usbd_open_edpt_pair
 *fill*         0x10005612        0x2 
 .text.usbd_edpt_claim
                0x10005614       0x28 CMakeFiles/I2C.dir/C_/Users/zjxu/Pico-v1.5.1/pico-sdk/lib/tinyusb/src/device/usbd.c.obj
                0x10005614                usbd_edpt_claim
 .text.usbd_edpt_release
                0x1000563c       0x28 CMakeFiles/I2C.dir/C_/Users/zjxu/Pico-v1.5.1/pico-sdk/lib/tinyusb/src/device/usbd.c.obj
                0x1000563c                usbd_edpt_release
 .text.usbd_edpt_xfer
                0x10005664       0x78 CMakeFiles/I2C.dir/C_/Users/zjxu/Pico-v1.5.1/pico-sdk/lib/tinyusb/src/device/usbd.c.obj
                0x10005664                usbd_edpt_xfer
 .text.usbd_edpt_stall
                0x100056dc       0x48 CMakeFiles/I2C.dir/C_/Users/zjxu/Pico-v1.5.1/pico-sdk/lib/tinyusb/src/device/usbd.c.obj
                0x100056dc                usbd_edpt_stall
 .text.usbd_edpt_clear_stall
                0x10005724       0x48 CMakeFiles/I2C.dir/C_/Users/zjxu/Pico-v1.5.1/pico-sdk/lib/tinyusb/src/device/usbd.c.obj
                0x10005724                usbd_edpt_clear_stall
 .text.usbd_edpt_stalled
                0x1000576c       0x1c CMakeFiles/I2C.dir/C_/Users/zjxu/Pico-v1.5.1/pico-sdk/lib/tinyusb/src/device/usbd.c.obj
                0x1000576c                usbd_edpt_stalled
 .text.process_control_request
                0x10005788      0x37c CMakeFiles/I2C.dir/C_/Users/zjxu/Pico-v1.5.1/pico-sdk/lib/tinyusb/src/device/usbd.c.obj
 .text.tud_task_ext
                0x10005b04      0x1b8 CMakeFiles/I2C.dir/C_/Users/zjxu/Pico-v1.5.1/pico-sdk/lib/tinyusb/src/device/usbd.c.obj
                0x10005b04                tud_task_ext
 .text._data_stage_xact
                0x10005cbc       0x58 CMakeFiles/I2C.dir/C_/Users/zjxu/Pico-v1.5.1/pico-sdk/lib/tinyusb/src/device/usbd_control.c.obj
 .text.tud_control_status
                0x10005d14       0x38 CMakeFiles/I2C.dir/C_/Users/zjxu/Pico-v1.5.1/pico-sdk/lib/tinyusb/src/device/usbd_control.c.obj
                0x10005d14                tud_control_status
 .text.tud_control_xfer
                0x10005d4c       0x74 CMakeFiles/I2C.dir/C_/Users/zjxu/Pico-v1.5.1/pico-sdk/lib/tinyusb/src/device/usbd_control.c.obj
                0x10005d4c                tud_control_xfer
 .text.usbd_control_reset
                0x10005dc0       0x14 CMakeFiles/I2C.dir/C_/Users/zjxu/Pico-v1.5.1/pico-sdk/lib/tinyusb/src/device/usbd_control.c.obj
                0x10005dc0                usbd_control_reset
 .text.usbd_control_set_complete_callback
                0x10005dd4        0xc CMakeFiles/I2C.dir/C_/Users/zjxu/Pico-v1.5.1/pico-sdk/lib/tinyusb/src/device/usbd_control.c.obj
                0x10005dd4                usbd_control_set_complete_callback
 .text.usbd_control_set_request
                0x10005de0       0x1c CMakeFiles/I2C.dir/C_/Users/zjxu/Pico-v1.5.1/pico-sdk/lib/tinyusb/src/device/usbd_control.c.obj
                0x10005de0                usbd_control_set_request
 .text.usbd_control_xfer_cb
                0x10005dfc       0xcc CMakeFiles/I2C.dir/C_/Users/zjxu/Pico-v1.5.1/pico-sdk/lib/tinyusb/src/device/usbd_control.c.obj
                0x10005dfc                usbd_control_xfer_cb
 .text._prep_out_transaction
                0x10005ec8       0x4a CMakeFiles/I2C.dir/C_/Users/zjxu/Pico-v1.5.1/pico-sdk/lib/tinyusb/src/class/cdc/cdc_device.c.obj
 *fill*         0x10005f12        0x2 
 .text.tud_cdc_n_connected
                0x10005f14       0x44 CMakeFiles/I2C.dir/C_/Users/zjxu/Pico-v1.5.1/pico-sdk/lib/tinyusb/src/class/cdc/cdc_device.c.obj
                0x10005f14                tud_cdc_n_connected
 .text.tud_cdc_n_available
                0x10005f58       0x18 CMakeFiles/I2C.dir/C_/Users/zjxu/Pico-v1.5.1/pico-sdk/lib/tinyusb/src/class/cdc/cdc_device.c.obj
                0x10005f58                tud_cdc_n_available
 .text.tud_cdc_n_read
                0x10005f70       0x28 CMakeFiles/I2C.dir/C_/Users/zjxu/Pico-v1.5.1/pico-sdk/lib/tinyusb/src/class/cdc/cdc_device.c.obj
                0x10005f70                tud_cdc_n_read
 .text.tud_cdc_n_write_flush
                0x10005f98       0xb8 CMakeFiles/I2C.dir/C_/Users/zjxu/Pico-v1.5.1/pico-sdk/lib/tinyusb/src/class/cdc/cdc_device.c.obj
                0x10005f98                tud_cdc_n_write_flush
 .text.tud_cdc_n_write
                0x10006050       0x38 CMakeFiles/I2C.dir/C_/Users/zjxu/Pico-v1.5.1/pico-sdk/lib/tinyusb/src/class/cdc/cdc_device.c.obj
                0x10006050                tud_cdc_n_write
 .text.tud_cdc_n_write_available
                0x10006088       0x1c CMakeFiles/I2C.dir/C_/Users/zjxu/Pico-v1.5.1/pico-sdk/lib/tinyusb/src/class/cdc/cdc_device.c.obj
                0x10006088                tud_cdc_n_write_available
 .text.cdcd_init
                0x100060a4       0xbc CMakeFiles/I2C.dir/C_/Users/zjxu/Pico-v1.5.1/pico-sdk/lib/tinyusb/src/class/cdc/cdc_device.c.obj
                0x100060a4                cdcd_init
 .text.cdcd_reset
                0x10006160       0x44 CMakeFiles/I2C.dir/C_/Users/zjxu/Pico-v1.5.1/pico-sdk/lib/tinyusb/src/class/cdc/cdc_device.c.obj
                0x10006160                cdcd_reset
 .text.cdcd_open
                0x100061a4       0xcc CMakeFiles/I2C.dir/C_/Users/zjxu/Pico-v1.5.1/pico-sdk/lib/tinyusb/src/class/cdc/cdc_device.c.obj
                0x100061a4                cdcd_open
 .text.cdcd_control_xfer_cb
                0x10006270      0x134 CMakeFiles/I2C.dir/C_/Users/zjxu/Pico-v1.5.1/pico-sdk/lib/tinyusb/src/class/cdc/cdc_device.c.obj
                0x10006270                cdcd_control_xfer_cb
 .text.cdcd_xfer_cb
                0x100063a4      0x130 CMakeFiles/I2C.dir/C_/Users/zjxu/Pico-v1.5.1/pico-sdk/lib/tinyusb/src/class/cdc/cdc_device.c.obj
                0x100063a4                cdcd_xfer_cb
 .text.tusb_init
                0x100064d4        0xa CMakeFiles/I2C.dir/C_/Users/zjxu/Pico-v1.5.1/pico-sdk/lib/tinyusb/src/tusb.c.obj
                0x100064d4                tusb_init
 .text.tusb_inited
                0x100064de        0xe CMakeFiles/I2C.dir/C_/Users/zjxu/Pico-v1.5.1/pico-sdk/lib/tinyusb/src/tusb.c.obj
                0x100064de                tusb_inited
 .text.tu_edpt_claim
                0x100064ec       0x50 CMakeFiles/I2C.dir/C_/Users/zjxu/Pico-v1.5.1/pico-sdk/lib/tinyusb/src/tusb.c.obj
                0x100064ec                tu_edpt_claim
 .text.tu_edpt_release
                0x1000653c       0x3c CMakeFiles/I2C.dir/C_/Users/zjxu/Pico-v1.5.1/pico-sdk/lib/tinyusb/src/tusb.c.obj
                0x1000653c                tu_edpt_release
 .text.tu_edpt_validate
                0x10006578       0x78 CMakeFiles/I2C.dir/C_/Users/zjxu/Pico-v1.5.1/pico-sdk/lib/tinyusb/src/tusb.c.obj
                0x10006578                tu_edpt_validate
 .text.tu_edpt_bind_driver
                0x100065f0       0x26 CMakeFiles/I2C.dir/C_/Users/zjxu/Pico-v1.5.1/pico-sdk/lib/tinyusb/src/tusb.c.obj
                0x100065f0                tu_edpt_bind_driver
 .text.advance_index
                0x10006616       0x1a CMakeFiles/I2C.dir/C_/Users/zjxu/Pico-v1.5.1/pico-sdk/lib/tinyusb/src/common/tusb_fifo.c.obj
 .text._tu_fifo_peek
                0x10006630       0x56 CMakeFiles/I2C.dir/C_/Users/zjxu/Pico-v1.5.1/pico-sdk/lib/tinyusb/src/common/tusb_fifo.c.obj
 .text._ff_pull_const_addr
                0x10006686       0x4c CMakeFiles/I2C.dir/C_/Users/zjxu/Pico-v1.5.1/pico-sdk/lib/tinyusb/src/common/tusb_fifo.c.obj
 .text._ff_pull_n
                0x100066d2      0x110 CMakeFiles/I2C.dir/C_/Users/zjxu/Pico-v1.5.1/pico-sdk/lib/tinyusb/src/common/tusb_fifo.c.obj
 .text._tu_fifo_peek_n
                0x100067e2       0x6a CMakeFiles/I2C.dir/C_/Users/zjxu/Pico-v1.5.1/pico-sdk/lib/tinyusb/src/common/tusb_fifo.c.obj
 .text._tu_fifo_read_n
                0x1000684c       0x4e CMakeFiles/I2C.dir/C_/Users/zjxu/Pico-v1.5.1/pico-sdk/lib/tinyusb/src/common/tusb_fifo.c.obj
 .text._ff_push_const_addr
                0x1000689a       0x40 CMakeFiles/I2C.dir/C_/Users/zjxu/Pico-v1.5.1/pico-sdk/lib/tinyusb/src/common/tusb_fifo.c.obj
 .text._ff_push_n
                0x100068da      0x10c CMakeFiles/I2C.dir/C_/Users/zjxu/Pico-v1.5.1/pico-sdk/lib/tinyusb/src/common/tusb_fifo.c.obj
 .text._tu_fifo_write_n
                0x100069e6       0xf0 CMakeFiles/I2C.dir/C_/Users/zjxu/Pico-v1.5.1/pico-sdk/lib/tinyusb/src/common/tusb_fifo.c.obj
 .text.tu_fifo_config
                0x10006ad6       0x7c CMakeFiles/I2C.dir/C_/Users/zjxu/Pico-v1.5.1/pico-sdk/lib/tinyusb/src/common/tusb_fifo.c.obj
                0x10006ad6                tu_fifo_config
 .text.tu_fifo_count
                0x10006b52       0x2a CMakeFiles/I2C.dir/C_/Users/zjxu/Pico-v1.5.1/pico-sdk/lib/tinyusb/src/common/tusb_fifo.c.obj
                0x10006b52                tu_fifo_count
 .text.tu_fifo_empty
                0x10006b7c       0x10 CMakeFiles/I2C.dir/C_/Users/zjxu/Pico-v1.5.1/pico-sdk/lib/tinyusb/src/common/tusb_fifo.c.obj
                0x10006b7c                tu_fifo_empty
 .text.tu_fifo_full
                0x10006b8c       0x28 CMakeFiles/I2C.dir/C_/Users/zjxu/Pico-v1.5.1/pico-sdk/lib/tinyusb/src/common/tusb_fifo.c.obj
                0x10006b8c                tu_fifo_full
 .text.tu_fifo_remaining
                0x10006bb4       0x2c CMakeFiles/I2C.dir/C_/Users/zjxu/Pico-v1.5.1/pico-sdk/lib/tinyusb/src/common/tusb_fifo.c.obj
                0x10006bb4                tu_fifo_remaining
 .text.tu_fifo_read
                0x10006be0       0x42 CMakeFiles/I2C.dir/C_/Users/zjxu/Pico-v1.5.1/pico-sdk/lib/tinyusb/src/common/tusb_fifo.c.obj
                0x10006be0                tu_fifo_read
 .text.tu_fifo_read_n
                0x10006c22        0xa CMakeFiles/I2C.dir/C_/Users/zjxu/Pico-v1.5.1/pico-sdk/lib/tinyusb/src/common/tusb_fifo.c.obj
                0x10006c22                tu_fifo_read_n
 .text.tu_fifo_write
                0x10006c2c       0x64 CMakeFiles/I2C.dir/C_/Users/zjxu/Pico-v1.5.1/pico-sdk/lib/tinyusb/src/common/tusb_fifo.c.obj
                0x10006c2c                tu_fifo_write
 .text.tu_fifo_write_n
                0x10006c90        0xa CMakeFiles/I2C.dir/C_/Users/zjxu/Pico-v1.5.1/pico-sdk/lib/tinyusb/src/common/tusb_fifo.c.obj
                0x10006c90                tu_fifo_write_n
 .text.tu_fifo_clear
                0x10006c9a       0x3e CMakeFiles/I2C.dir/C_/Users/zjxu/Pico-v1.5.1/pico-sdk/lib/tinyusb/src/common/tusb_fifo.c.obj
                0x10006c9a                tu_fifo_clear
 .text.tu_fifo_set_overwritable
                0x10006cd8       0x46 CMakeFiles/I2C.dir/C_/Users/zjxu/Pico-v1.5.1/pico-sdk/lib/tinyusb/src/common/tusb_fifo.c.obj
                0x10006cd8                tu_fifo_set_overwritable
 .text.i2c_write_blocking_internal
                0x10006d1e      0x140 CMakeFiles/I2C.dir/C_/Users/zjxu/Pico-v1.5.1/pico-sdk/src/rp2_common/hardware_i2c/i2c.c.obj
 .text.i2c_read_blocking_internal
                0x10006e5e       0xe6 CMakeFiles/I2C.dir/C_/Users/zjxu/Pico-v1.5.1/pico-sdk/src/rp2_common/hardware_i2c/i2c.c.obj
 .text.i2c_set_baudrate
                0x10006f44       0xf0 CMakeFiles/I2C.dir/C_/Users/zjxu/Pico-v1.5.1/pico-sdk/src/rp2_common/hardware_i2c/i2c.c.obj
                0x10006f44                i2c_set_baudrate
 .text.i2c_init
                0x10007034       0x58 CMakeFiles/I2C.dir/C_/Users/zjxu/Pico-v1.5.1/pico-sdk/src/rp2_common/hardware_i2c/i2c.c.obj
                0x10007034                i2c_init
 .text.i2c_write_blocking
                0x1000708c       0x18 CMakeFiles/I2C.dir/C_/Users/zjxu/Pico-v1.5.1/pico-sdk/src/rp2_common/hardware_i2c/i2c.c.obj
                0x1000708c                i2c_write_blocking
 .text.i2c_read_blocking
                0x100070a4       0x18 CMakeFiles/I2C.dir/C_/Users/zjxu/Pico-v1.5.1/pico-sdk/src/rp2_common/hardware_i2c/i2c.c.obj
                0x100070a4                i2c_read_blocking
 .text.strlen   0x100070bc       0x5c c:/progra~1/raspbe~1/picosd~1.1/gcc-ar~1/bin/../lib/gcc/arm-none-eabi/10.3.1/../../../../arm-none-eabi/lib/thumb/v6-m/nofp\libg.a(lib_a-strlen-stub.o)
                0x100070bc                strlen
 *(.fini)
 .fini          0x10007118        0x4 c:/progra~1/raspbe~1/picosd~1.1/gcc-ar~1/bin/../lib/gcc/arm-none-eabi/10.3.1/thumb/v6-m/nofp/crti.o
                0x10007118                _fini
 *fill*         0x1000711c        0x4 
 .fini.__stub   0x10007120       0xe0 linker stubs
 *crtbegin.o(.ctors)
 *crtbegin?.o(.ctors)
 *(EXCLUDE_FILE(*crtend.o *crtend?.o) .ctors)
 *(SORT_BY_NAME(.ctors.*))
 *(.ctors)
 *crtbegin.o(.dtors)
 *crtbegin?.o(.dtors)
 *(EXCLUDE_FILE(*crtend.o *crtend?.o) .dtors)
 *(SORT_BY_NAME(.dtors.*))
 *(.dtors)
 *(.eh_frame*)
 .eh_frame      0x10007200        0x0 c:/progra~1/raspbe~1/picosd~1.1/gcc-ar~1/bin/../lib/gcc/arm-none-eabi/10.3.1/thumb/v6-m/nofp/crtbegin.o
                0x10007200                . = ALIGN (0x4)

.glue_7         0x10007200        0x0
 .glue_7        0x10007200        0x0 linker stubs

.glue_7t        0x10007200        0x0
 .glue_7t       0x10007200        0x0 linker stubs

.vfp11_veneer   0x10007200        0x0
 .vfp11_veneer  0x10007200        0x0 linker stubs

.v4_bx          0x10007200        0x0
 .v4_bx         0x10007200        0x0 linker stubs

.iplt           0x10007200        0x0
 .iplt          0x10007200        0x0 c:/progra~1/raspbe~1/picosd~1.1/gcc-ar~1/bin/../lib/gcc/arm-none-eabi/10.3.1/thumb/v6-m/nofp/crtbegin.o

.rodata         0x10007200     0x1650
 *(EXCLUDE_FILE(*libm.a: *libc.a:*lib_a-mem*.o *libgcc.a:) .rodata*)
 .rodata.spin_lock_claim_unused.str1.4
                0x10007200       0x1b CMakeFiles/I2C.dir/C_/Users/zjxu/Pico-v1.5.1/pico-sdk/src/rp2_common/hardware_sync/sync.c.obj
 *fill*         0x1000721b        0x1 
 .rodata.make_branch.str1.4
                0x1000721c       0x75 CMakeFiles/I2C.dir/C_/Users/zjxu/Pico-v1.5.1/pico-sdk/src/rp2_common/hardware_irq/irq.c.obj
 *fill*         0x10007291        0x3 
 .rodata.insert_branch_and_link.str1.4
                0x10007294       0x10 CMakeFiles/I2C.dir/C_/Users/zjxu/Pico-v1.5.1/pico-sdk/src/rp2_common/hardware_irq/irq.c.obj
 .rodata.irq_set_exclusive_handler.str1.4
                0x100072a4       0x36 CMakeFiles/I2C.dir/C_/Users/zjxu/Pico-v1.5.1/pico-sdk/src/rp2_common/hardware_irq/irq.c.obj
 *fill*         0x100072da        0x2 
 .rodata.irq_add_shared_handler.str1.4
                0x100072dc       0xd9 CMakeFiles/I2C.dir/C_/Users/zjxu/Pico-v1.5.1/pico-sdk/src/rp2_common/hardware_irq/irq.c.obj
 *fill*         0x100073b5        0x3 
 .rodata.irq_remove_handler.str1.4
                0x100073b8       0x3a CMakeFiles/I2C.dir/C_/Users/zjxu/Pico-v1.5.1/pico-sdk/src/rp2_common/hardware_irq/irq.c.obj
 *fill*         0x100073f2        0x2 
 .rodata.irq_add_tail_to_free_list.str1.4
                0x100073f4       0x3a CMakeFiles/I2C.dir/C_/Users/zjxu/Pico-v1.5.1/pico-sdk/src/rp2_common/hardware_irq/irq.c.obj
 *fill*         0x1000742e        0x2 
 .rodata.user_irq_claim_unused.str1.4
                0x10007430       0x1b CMakeFiles/I2C.dir/C_/Users/zjxu/Pico-v1.5.1/pico-sdk/src/rp2_common/hardware_irq/irq.c.obj
 *fill*         0x1000744b        0x1 
 .rodata.__func__.0
                0x1000744c       0x1a CMakeFiles/I2C.dir/C_/Users/zjxu/Pico-v1.5.1/pico-sdk/src/rp2_common/hardware_irq/irq.c.obj
 *fill*         0x10007466        0x2 
 .rodata.__func__.1
                0x10007468       0x17 CMakeFiles/I2C.dir/C_/Users/zjxu/Pico-v1.5.1/pico-sdk/src/rp2_common/hardware_irq/irq.c.obj
 *fill*         0x1000747f        0x1 
 .rodata.__func__.2
                0x10007480       0x13 CMakeFiles/I2C.dir/C_/Users/zjxu/Pico-v1.5.1/pico-sdk/src/rp2_common/hardware_irq/irq.c.obj
 *fill*         0x10007493        0x1 
 .rodata.__func__.3
                0x10007494        0xc CMakeFiles/I2C.dir/C_/Users/zjxu/Pico-v1.5.1/pico-sdk/src/rp2_common/hardware_irq/irq.c.obj
 .rodata.__func__.4
                0x100074a0        0xf CMakeFiles/I2C.dir/C_/Users/zjxu/Pico-v1.5.1/pico-sdk/src/rp2_common/hardware_irq/irq.c.obj
 *fill*         0x100074af        0x1 
 .rodata.__func__.5
                0x100074b0       0x17 CMakeFiles/I2C.dir/C_/Users/zjxu/Pico-v1.5.1/pico-sdk/src/rp2_common/hardware_irq/irq.c.obj
 *fill*         0x100074c7        0x1 
 .rodata.__func__.6
                0x100074c8       0x1a CMakeFiles/I2C.dir/C_/Users/zjxu/Pico-v1.5.1/pico-sdk/src/rp2_common/hardware_irq/irq.c.obj
 *fill*         0x100074e2        0x2 
 .rodata.str1.4
                0x100074e4       0xfd CMakeFiles/I2C.dir/C_/Users/zjxu/Pico-v1.5.1/pico-sdk/src/common/pico_sync/mutex.c.obj
 *fill*         0x100075e1        0x3 
 .rodata.__func__.1
                0x100075e4        0xb CMakeFiles/I2C.dir/C_/Users/zjxu/Pico-v1.5.1/pico-sdk/src/common/pico_sync/mutex.c.obj
 *fill*         0x100075ef        0x1 
 .rodata.__func__.3
                0x100075f0       0x18 CMakeFiles/I2C.dir/C_/Users/zjxu/Pico-v1.5.1/pico-sdk/src/common/pico_sync/mutex.c.obj
 .rodata.__func__.4
                0x10007608       0x15 CMakeFiles/I2C.dir/C_/Users/zjxu/Pico-v1.5.1/pico-sdk/src/common/pico_sync/mutex.c.obj
 *fill*         0x1000761d        0x3 
 .rodata.repeating_timer_callback.str1.4
                0x10007620       0x53 CMakeFiles/I2C.dir/C_/Users/zjxu/Pico-v1.5.1/pico-sdk/src/common/pico_time/time.c.obj
 *fill*         0x10007673        0x1 
 .rodata.timer_pool_entry_comparator.str1.4
                0x10007674       0x22 CMakeFiles/I2C.dir/C_/Users/zjxu/Pico-v1.5.1/pico-sdk/src/common/pico_time/time.c.obj
 *fill*         0x10007696        0x2 
 .rodata.ph_add_child_node.str1.4
                0x10007698       0x9e CMakeFiles/I2C.dir/C_/Users/zjxu/Pico-v1.5.1/pico-sdk/src/common/pico_time/time.c.obj
 *fill*         0x10007736        0x2 
 .rodata.add_alarm_under_lock.str1.4
                0x10007738       0x28 CMakeFiles/I2C.dir/C_/Users/zjxu/Pico-v1.5.1/pico-sdk/src/common/pico_time/time.c.obj
                                 0x2b (size before relaxing)
 .rodata.alarm_pool_alarm_callback.str1.4
                0x10007760       0x98 CMakeFiles/I2C.dir/C_/Users/zjxu/Pico-v1.5.1/pico-sdk/src/common/pico_time/time.c.obj
                                0x104 (size before relaxing)
 .rodata.alarm_pool_get_default.str1.4
                0x100077f8       0x21 CMakeFiles/I2C.dir/C_/Users/zjxu/Pico-v1.5.1/pico-sdk/src/common/pico_time/time.c.obj
 *fill*         0x10007819        0x3 
 .rodata.alarm_pool_cancel_alarm.str1.4
                0x1000781c       0x27 CMakeFiles/I2C.dir/C_/Users/zjxu/Pico-v1.5.1/pico-sdk/src/common/pico_time/time.c.obj
 *fill*         0x10007843        0x1 
 .rodata.sleep_until.str1.4
                0x10007844       0x4d CMakeFiles/I2C.dir/C_/Users/zjxu/Pico-v1.5.1/pico-sdk/src/common/pico_time/time.c.obj
 *fill*         0x10007891        0x3 
 .rodata.__func__.1
                0x10007894       0x18 CMakeFiles/I2C.dir/C_/Users/zjxu/Pico-v1.5.1/pico-sdk/src/common/pico_time/time.c.obj
 .rodata.__func__.10
                0x100078ac       0x15 CMakeFiles/I2C.dir/C_/Users/zjxu/Pico-v1.5.1/pico-sdk/src/common/pico_time/time.c.obj
 *fill*         0x100078c1        0x3 
 .rodata.__func__.11
                0x100078c4       0x1a CMakeFiles/I2C.dir/C_/Users/zjxu/Pico-v1.5.1/pico-sdk/src/common/pico_time/time.c.obj
 *fill*         0x100078de        0x2 
 .rodata.__func__.12
                0x100078e0        0xa CMakeFiles/I2C.dir/C_/Users/zjxu/Pico-v1.5.1/pico-sdk/src/common/pico_time/time.c.obj
 *fill*         0x100078ea        0x2 
 .rodata.__func__.3
                0x100078ec       0x17 CMakeFiles/I2C.dir/C_/Users/zjxu/Pico-v1.5.1/pico-sdk/src/common/pico_time/time.c.obj
 *fill*         0x10007903        0x1 
 .rodata.__func__.4
                0x10007904       0x12 CMakeFiles/I2C.dir/C_/Users/zjxu/Pico-v1.5.1/pico-sdk/src/common/pico_time/time.c.obj
 *fill*         0x10007916        0x2 
 .rodata.__func__.5
                0x10007918        0xd CMakeFiles/I2C.dir/C_/Users/zjxu/Pico-v1.5.1/pico-sdk/src/common/pico_time/time.c.obj
 *fill*         0x10007925        0x3 
 .rodata.__func__.6
                0x10007928       0x12 CMakeFiles/I2C.dir/C_/Users/zjxu/Pico-v1.5.1/pico-sdk/src/common/pico_time/time.c.obj
 *fill*         0x1000793a        0x2 
 .rodata.__func__.7
                0x1000793c        0xf CMakeFiles/I2C.dir/C_/Users/zjxu/Pico-v1.5.1/pico-sdk/src/common/pico_time/time.c.obj
 *fill*         0x1000794b        0x1 
 .rodata.__func__.8
                0x1000794c        0xc CMakeFiles/I2C.dir/C_/Users/zjxu/Pico-v1.5.1/pico-sdk/src/common/pico_time/time.c.obj
 .rodata.__func__.9
                0x10007958       0x15 CMakeFiles/I2C.dir/C_/Users/zjxu/Pico-v1.5.1/pico-sdk/src/common/pico_time/time.c.obj
 *fill*         0x1000796d        0x3 
 .rodata.hardware_alarm_claim.str1.4
                0x10007970       0x22 CMakeFiles/I2C.dir/C_/Users/zjxu/Pico-v1.5.1/pico-sdk/src/rp2_common/hardware_timer/timer.c.obj
 *fill*         0x10007992        0x2 
 .rodata.hardware_alarm_set_target.str1.4
                0x10007994       0x6d CMakeFiles/I2C.dir/C_/Users/zjxu/Pico-v1.5.1/pico-sdk/src/rp2_common/hardware_timer/timer.c.obj
 *fill*         0x10007a01        0x3 
 .rodata.__func__.0
                0x10007a04       0x1a CMakeFiles/I2C.dir/C_/Users/zjxu/Pico-v1.5.1/pico-sdk/src/rp2_common/hardware_timer/timer.c.obj
 .rodata.ph_add_child_node.str1.4
                0x10007a1e       0x9e CMakeFiles/I2C.dir/C_/Users/zjxu/Pico-v1.5.1/pico-sdk/src/common/pico_util/pheap.c.obj
 *fill*         0x10007a1e        0x2 
 .rodata.ph_remove_any_head.str1.4
                0x10007a20       0x94 CMakeFiles/I2C.dir/C_/Users/zjxu/Pico-v1.5.1/pico-sdk/src/common/pico_util/pheap.c.obj
                                 0xa8 (size before relaxing)
 .rodata.ph_remove_and_free_node.str1.4
                0x10007ab4       0x1e CMakeFiles/I2C.dir/C_/Users/zjxu/Pico-v1.5.1/pico-sdk/src/common/pico_util/pheap.c.obj
                                 0x26 (size before relaxing)
 *fill*         0x10007ad2        0x2 
 .rodata.__func__.0
                0x10007ad4       0x18 CMakeFiles/I2C.dir/C_/Users/zjxu/Pico-v1.5.1/pico-sdk/src/common/pico_util/pheap.c.obj
 .rodata.__func__.1
                0x10007aec       0x13 CMakeFiles/I2C.dir/C_/Users/zjxu/Pico-v1.5.1/pico-sdk/src/common/pico_util/pheap.c.obj
 *fill*         0x10007aff        0x1 
 .rodata.__func__.2
                0x10007b00       0x12 CMakeFiles/I2C.dir/C_/Users/zjxu/Pico-v1.5.1/pico-sdk/src/common/pico_util/pheap.c.obj
 *fill*         0x10007b12        0x2 
 .rodata.__func__.3
                0x10007b14        0xc CMakeFiles/I2C.dir/C_/Users/zjxu/Pico-v1.5.1/pico-sdk/src/common/pico_util/pheap.c.obj
 .rodata.clock_configure.str1.4
                0x10007b20       0x5f CMakeFiles/I2C.dir/C_/Users/zjxu/Pico-v1.5.1/pico-sdk/src/rp2_common/hardware_clocks/clocks.c.obj
 *fill*         0x10007b7f        0x1 
 .rodata.__func__.1
                0x10007b80       0x10 CMakeFiles/I2C.dir/C_/Users/zjxu/Pico-v1.5.1/pico-sdk/src/rp2_common/hardware_clocks/clocks.c.obj
 .rodata.pll_init.str1.4
                0x10007b90      0x12c CMakeFiles/I2C.dir/C_/Users/zjxu/Pico-v1.5.1/pico-sdk/src/rp2_common/hardware_pll/pll.c.obj
 .rodata.__func__.0
                0x10007cbc        0x9 CMakeFiles/I2C.dir/C_/Users/zjxu/Pico-v1.5.1/pico-sdk/src/rp2_common/hardware_pll/pll.c.obj
 *fill*         0x10007cc5        0x3 
 .rodata.__assert_func.str1.4
                0x10007cc8       0x3f CMakeFiles/I2C.dir/C_/Users/zjxu/Pico-v1.5.1/pico-sdk/src/rp2_common/pico_runtime/runtime.c.obj
                                 0x43 (size before relaxing)
 *fill*         0x10007d07        0x1 
 .rodata.runtime_init.str1.4
                0x10007d08       0x69 CMakeFiles/I2C.dir/C_/Users/zjxu/Pico-v1.5.1/pico-sdk/src/rp2_common/pico_runtime/runtime.c.obj
 *fill*         0x10007d71        0x3 
 .rodata.panic.str1.4
                0x10007d74       0x12 CMakeFiles/I2C.dir/C_/Users/zjxu/Pico-v1.5.1/pico-sdk/src/rp2_common/pico_runtime/runtime.c.obj
 *fill*         0x10007d86        0x2 
 .rodata.__func__.2
                0x10007d88        0xd CMakeFiles/I2C.dir/C_/Users/zjxu/Pico-v1.5.1/pico-sdk/src/rp2_common/pico_runtime/runtime.c.obj
 *fill*         0x10007d95        0x3 
 .rodata._ftoa.str1.4
                0x10007d98       0x15 CMakeFiles/I2C.dir/C_/Users/zjxu/Pico-v1.5.1/pico-sdk/src/rp2_common/pico_printf/printf.c.obj
 *fill*         0x10007dad        0x3 
 .rodata._vsnprintf
                0x10007db0      0x1e0 CMakeFiles/I2C.dir/C_/Users/zjxu/Pico-v1.5.1/pico-sdk/src/rp2_common/pico_printf/printf.c.obj
 .rodata.pow10.0
                0x10007f90       0x50 CMakeFiles/I2C.dir/C_/Users/zjxu/Pico-v1.5.1/pico-sdk/src/rp2_common/pico_printf/printf.c.obj
 .rodata.__aeabi_double_init.str1.4
                0x10007fe0       0xa4 CMakeFiles/I2C.dir/C_/Users/zjxu/Pico-v1.5.1/pico-sdk/src/rp2_common/pico_double/double_init_rom.c.obj
 .rodata.__func__.0
                0x10008084       0x14 CMakeFiles/I2C.dir/C_/Users/zjxu/Pico-v1.5.1/pico-sdk/src/rp2_common/pico_double/double_init_rom.c.obj
 .rodata.__aeabi_float_init.str1.4
                0x10008098       0x82 CMakeFiles/I2C.dir/C_/Users/zjxu/Pico-v1.5.1/pico-sdk/src/rp2_common/pico_float/float_init_rom.c.obj
                                 0x86 (size before relaxing)
 *fill*         0x1000811a        0x2 
 .rodata.__func__.0
                0x1000811c       0x13 CMakeFiles/I2C.dir/C_/Users/zjxu/Pico-v1.5.1/pico-sdk/src/rp2_common/pico_float/float_init_rom.c.obj
 *fill*         0x1000812f        0x1 
 .rodata.str1.4
                0x10008130       0x38 CMakeFiles/I2C.dir/C_/Users/zjxu/Pico-v1.5.1/pico-sdk/src/rp2_common/pico_standard_link/binary_info.c.obj
 .rodata.__bi_44
                0x10008168        0xc CMakeFiles/I2C.dir/C_/Users/zjxu/Pico-v1.5.1/pico-sdk/src/rp2_common/pico_standard_link/binary_info.c.obj
 .rodata.__bi_75
                0x10008174        0xc CMakeFiles/I2C.dir/C_/Users/zjxu/Pico-v1.5.1/pico-sdk/src/rp2_common/pico_standard_link/binary_info.c.obj
 .rodata.__bi_81
                0x10008180        0xc CMakeFiles/I2C.dir/C_/Users/zjxu/Pico-v1.5.1/pico-sdk/src/rp2_common/pico_standard_link/binary_info.c.obj
 .rodata.stdout_serialize_begin.str1.4
                0x1000818c       0x69 CMakeFiles/I2C.dir/C_/Users/zjxu/Pico-v1.5.1/pico-sdk/src/rp2_common/pico_stdio/stdio.c.obj
 .rodata.__func__.3
                0x1000818c       0x15 CMakeFiles/I2C.dir/C_/Users/zjxu/Pico-v1.5.1/pico-sdk/src/rp2_common/pico_stdio/stdio.c.obj
 *fill*         0x100081a1        0x3 
 .rodata.crlf_str.2
                0x100081a4        0x2 CMakeFiles/I2C.dir/C_/Users/zjxu/Pico-v1.5.1/pico-sdk/src/rp2_common/pico_stdio/stdio.c.obj
 *fill*         0x100081a6        0x2 
 .rodata._resetd_driver
                0x100081a8       0x18 CMakeFiles/I2C.dir/C_/Users/zjxu/Pico-v1.5.1/pico-sdk/src/rp2_common/pico_stdio_usb/reset_interface.c.obj
 .rodata.low_priority_worker_irq.str1.4
                0x100081c0       0x69 CMakeFiles/I2C.dir/C_/Users/zjxu/Pico-v1.5.1/pico-sdk/src/rp2_common/pico_stdio_usb/stdio_usb.c.obj
 .rodata.stdio_usb_init.str1.4
                0x100081c0       0x4d CMakeFiles/I2C.dir/C_/Users/zjxu/Pico-v1.5.1/pico-sdk/src/rp2_common/pico_stdio_usb/stdio_usb.c.obj
                                 0x55 (size before relaxing)
 *fill*         0x1000820d        0x3 
 .rodata.str1.4
                0x10008210       0x13 CMakeFiles/I2C.dir/C_/Users/zjxu/Pico-v1.5.1/pico-sdk/src/rp2_common/pico_stdio_usb/stdio_usb.c.obj
 *fill*         0x10008223        0x1 
 .rodata.__bi_182.0
                0x10008224        0xc CMakeFiles/I2C.dir/C_/Users/zjxu/Pico-v1.5.1/pico-sdk/src/rp2_common/pico_stdio_usb/stdio_usb.c.obj
 .rodata.__func__.1
                0x10008230        0xf CMakeFiles/I2C.dir/C_/Users/zjxu/Pico-v1.5.1/pico-sdk/src/rp2_common/pico_stdio_usb/stdio_usb.c.obj
 *fill*         0x1000823f        0x1 
 .rodata.__func__.3
                0x10008240       0x15 CMakeFiles/I2C.dir/C_/Users/zjxu/Pico-v1.5.1/pico-sdk/src/rp2_common/pico_stdio_usb/stdio_usb.c.obj
 *fill*         0x10008255        0x3 
 .rodata.str1.4
                0x10008258       0x2a CMakeFiles/I2C.dir/C_/Users/zjxu/Pico-v1.5.1/pico-sdk/src/rp2_common/pico_stdio_usb/stdio_usb_descriptors.c.obj
 *fill*         0x10008282        0x2 
 .rodata.usbd_desc_cfg
                0x10008284       0x54 CMakeFiles/I2C.dir/C_/Users/zjxu/Pico-v1.5.1/pico-sdk/src/rp2_common/pico_stdio_usb/stdio_usb_descriptors.c.obj
 .rodata.usbd_desc_device
                0x100082d8       0x12 CMakeFiles/I2C.dir/C_/Users/zjxu/Pico-v1.5.1/pico-sdk/src/rp2_common/pico_stdio_usb/stdio_usb_descriptors.c.obj
 *fill*         0x100082ea        0x2 
 .rodata.usbd_desc_str
                0x100082ec       0x18 CMakeFiles/I2C.dir/C_/Users/zjxu/Pico-v1.5.1/pico-sdk/src/rp2_common/pico_stdio_usb/stdio_usb_descriptors.c.obj
 .rodata.pico_get_unique_board_id_string.str1.4
                0x10008304       0x55 CMakeFiles/I2C.dir/C_/Users/zjxu/Pico-v1.5.1/pico-sdk/src/rp2_common/pico_unique_id/unique_id.c.obj
 *fill*         0x10008359        0x3 
 .rodata.__func__.0
                0x1000835c       0x20 CMakeFiles/I2C.dir/C_/Users/zjxu/Pico-v1.5.1/pico-sdk/src/rp2_common/pico_unique_id/unique_id.c.obj
 .rodata.str1.4
                0x1000837c      0x162 CMakeFiles/I2C.dir/C_/Users/zjxu/Pico-v1.5.1/pico-sdk/src/rp2_common/hardware_flash/flash.c.obj
 *fill*         0x100084de        0x2 
 .rodata.__func__.0
                0x100084e0        0xd CMakeFiles/I2C.dir/C_/Users/zjxu/Pico-v1.5.1/pico-sdk/src/rp2_common/hardware_flash/flash.c.obj
 *fill*         0x100084ed        0x3 
 .rodata._hw_endpoint_alloc.str1.4
                0x100084f0       0xbd CMakeFiles/I2C.dir/C_/Users/zjxu/Pico-v1.5.1/pico-sdk/lib/tinyusb/src/portable/raspberrypi/rp2040/dcd_rp2040.c.obj
 *fill*         0x100085ad        0x3 
 .rodata.str1.4
                0x100085b0       0x14 CMakeFiles/I2C.dir/C_/Users/zjxu/Pico-v1.5.1/pico-sdk/lib/tinyusb/src/portable/raspberrypi/rp2040/dcd_rp2040.c.obj
 .rodata.dcd_int_enable.str1.4
                0x100085c4        0xc CMakeFiles/I2C.dir/C_/Users/zjxu/Pico-v1.5.1/pico-sdk/lib/tinyusb/src/portable/raspberrypi/rp2040/dcd_rp2040.c.obj
 .rodata.__func__.0
                0x100085d0        0xe CMakeFiles/I2C.dir/C_/Users/zjxu/Pico-v1.5.1/pico-sdk/lib/tinyusb/src/portable/raspberrypi/rp2040/dcd_rp2040.c.obj
 *fill*         0x100085de        0x2 
 .rodata.__func__.1
                0x100085e0        0xe CMakeFiles/I2C.dir/C_/Users/zjxu/Pico-v1.5.1/pico-sdk/lib/tinyusb/src/portable/raspberrypi/rp2040/dcd_rp2040.c.obj
 *fill*         0x100085ee        0x2 
 .rodata.__func__.3
                0x100085f0       0x10 CMakeFiles/I2C.dir/C_/Users/zjxu/Pico-v1.5.1/pico-sdk/lib/tinyusb/src/portable/raspberrypi/rp2040/dcd_rp2040.c.obj
 .rodata.__func__.5
                0x10008600        0xf CMakeFiles/I2C.dir/C_/Users/zjxu/Pico-v1.5.1/pico-sdk/lib/tinyusb/src/portable/raspberrypi/rp2040/dcd_rp2040.c.obj
 *fill*         0x1000860f        0x1 
 .rodata.__func__.6
                0x10008610       0x13 CMakeFiles/I2C.dir/C_/Users/zjxu/Pico-v1.5.1/pico-sdk/lib/tinyusb/src/portable/raspberrypi/rp2040/dcd_rp2040.c.obj
 *fill*         0x10008623        0x1 
 .rodata.__func__.7
                0x10008624        0x9 CMakeFiles/I2C.dir/C_/Users/zjxu/Pico-v1.5.1/pico-sdk/lib/tinyusb/src/portable/raspberrypi/rp2040/dcd_rp2040.c.obj
 *fill*         0x1000862d        0x3 
 .rodata.str1.4
                0x10008630       0xef CMakeFiles/I2C.dir/C_/Users/zjxu/Pico-v1.5.1/pico-sdk/lib/tinyusb/src/portable/raspberrypi/rp2040/rp2040_usb.c.obj
 *fill*         0x1000871f        0x1 
 .rodata.__func__.0
                0x10008720        0xf CMakeFiles/I2C.dir/C_/Users/zjxu/Pico-v1.5.1/pico-sdk/lib/tinyusb/src/portable/raspberrypi/rp2040/rp2040_usb.c.obj
 *fill*         0x1000872f        0x1 
 .rodata.process_get_descriptor
                0x10008730       0x40 CMakeFiles/I2C.dir/C_/Users/zjxu/Pico-v1.5.1/pico-sdk/lib/tinyusb/src/device/usbd.c.obj
 .rodata.process_control_request
                0x10008770       0x28 CMakeFiles/I2C.dir/C_/Users/zjxu/Pico-v1.5.1/pico-sdk/lib/tinyusb/src/device/usbd.c.obj
 .rodata.tud_task_ext
                0x10008798       0x24 CMakeFiles/I2C.dir/C_/Users/zjxu/Pico-v1.5.1/pico-sdk/lib/tinyusb/src/device/usbd.c.obj
 .rodata._usbd_driver
                0x100087bc       0x18 CMakeFiles/I2C.dir/C_/Users/zjxu/Pico-v1.5.1/pico-sdk/lib/tinyusb/src/device/usbd.c.obj
 .rodata.i2c_set_baudrate.str1.4
                0x100087d4       0x65 CMakeFiles/I2C.dir/C_/Users/zjxu/Pico-v1.5.1/pico-sdk/src/rp2_common/hardware_i2c/i2c.c.obj
 *fill*         0x10008839        0x3 
 .rodata.__func__.0
                0x1000883c       0x11 CMakeFiles/I2C.dir/C_/Users/zjxu/Pico-v1.5.1/pico-sdk/src/rp2_common/hardware_i2c/i2c.c.obj
                0x10008850                . = ALIGN (0x4)
 *fill*         0x1000884d        0x3 
 *(SORT_BY_ALIGNMENT(SORT_BY_NAME(.flashdata*)))
                0x10008850                . = ALIGN (0x4)

.ARM.extab
 *(.ARM.extab* .gnu.linkonce.armextab.*)
                0x10008850                __exidx_start = .

.ARM.exidx
 *(.ARM.exidx* .gnu.linkonce.armexidx.*)
                0x10008850                __exidx_end = .
                0x10008850                . = ALIGN (0x4)
                0x10008850                __binary_info_start = .

.binary_info    0x10008850       0x20
 *(.binary_info.keep.*)
 .binary_info.keep.__bi_ptr22
                0x10008850        0x4 CMakeFiles/I2C.dir/C_/Users/zjxu/Pico-v1.5.1/pico-sdk/src/rp2_common/pico_standard_link/binary_info.c.obj
 .binary_info.keep.__bi_ptr30
                0x10008854        0x4 CMakeFiles/I2C.dir/C_/Users/zjxu/Pico-v1.5.1/pico-sdk/src/rp2_common/pico_standard_link/binary_info.c.obj
 .binary_info.keep.__bi_ptr38
                0x10008858        0x4 CMakeFiles/I2C.dir/C_/Users/zjxu/Pico-v1.5.1/pico-sdk/src/rp2_common/pico_standard_link/binary_info.c.obj
 .binary_info.keep.__bi_ptr44
                0x1000885c        0x4 CMakeFiles/I2C.dir/C_/Users/zjxu/Pico-v1.5.1/pico-sdk/src/rp2_common/pico_standard_link/binary_info.c.obj
 .binary_info.keep.__bi_ptr50
                0x10008860        0x4 CMakeFiles/I2C.dir/C_/Users/zjxu/Pico-v1.5.1/pico-sdk/src/rp2_common/pico_standard_link/binary_info.c.obj
 .binary_info.keep.__bi_ptr75
                0x10008864        0x4 CMakeFiles/I2C.dir/C_/Users/zjxu/Pico-v1.5.1/pico-sdk/src/rp2_common/pico_standard_link/binary_info.c.obj
 .binary_info.keep.__bi_ptr81
                0x10008868        0x4 CMakeFiles/I2C.dir/C_/Users/zjxu/Pico-v1.5.1/pico-sdk/src/rp2_common/pico_standard_link/binary_info.c.obj
 *(.binary_info.*)
 .binary_info.__bi_ptr182
                0x1000886c        0x4 CMakeFiles/I2C.dir/C_/Users/zjxu/Pico-v1.5.1/pico-sdk/src/rp2_common/pico_stdio_usb/stdio_usb.c.obj
                0x10008870                __binary_info_end = .

.rel.dyn        0x10008870        0x0
 .rel.iplt      0x10008870        0x0 c:/progra~1/raspbe~1/picosd~1.1/gcc-ar~1/bin/../lib/gcc/arm-none-eabi/10.3.1/thumb/v6-m/nofp/crtbegin.o
                0x10008870                . = ALIGN (0x4)

.ram_vector_table
                0x20000000       0xc0
 *(.ram_vector_table)
 .ram_vector_table
                0x20000000       0xc0 CMakeFiles/I2C.dir/C_/Users/zjxu/Pico-v1.5.1/pico-sdk/src/rp2_common/pico_runtime/runtime.c.obj
                0x20000000                ram_vector_table

.data           0x200000c0      0xbf8 load address 0x10008870
                0x200000c0                __data_start__ = .
 *(vtable)
 *(.time_critical*)
 .time_critical.mutex_try_enter
                0x200000c0       0x46 CMakeFiles/I2C.dir/C_/Users/zjxu/Pico-v1.5.1/pico-sdk/src/common/pico_sync/mutex.c.obj
                0x200000c0                mutex_try_enter
 *fill*         0x20000106        0x2 
 .time_critical.mutex_enter_block_until
                0x20000108       0x8c CMakeFiles/I2C.dir/C_/Users/zjxu/Pico-v1.5.1/pico-sdk/src/common/pico_sync/mutex.c.obj
                0x20000108                mutex_enter_block_until
 .time_critical.mutex_try_enter_block_until
                0x20000194       0x34 CMakeFiles/I2C.dir/C_/Users/zjxu/Pico-v1.5.1/pico-sdk/src/common/pico_sync/mutex.c.obj
                0x20000194                mutex_try_enter_block_until
 .time_critical.mutex_enter_timeout_ms
                0x200001c8       0x68 CMakeFiles/I2C.dir/C_/Users/zjxu/Pico-v1.5.1/pico-sdk/src/common/pico_sync/mutex.c.obj
                0x200001c8                mutex_enter_timeout_ms
 .time_critical.mutex_exit
                0x20000230       0x4c CMakeFiles/I2C.dir/C_/Users/zjxu/Pico-v1.5.1/pico-sdk/src/common/pico_sync/mutex.c.obj
                0x20000230                mutex_exit
 .time_critical.flash_init_boot2_copyout
                0x2000027c       0x30 CMakeFiles/I2C.dir/C_/Users/zjxu/Pico-v1.5.1/pico-sdk/src/rp2_common/hardware_flash/flash.c.obj
 .time_critical.flash_enable_xip_via_boot2
                0x200002ac       0x10 CMakeFiles/I2C.dir/C_/Users/zjxu/Pico-v1.5.1/pico-sdk/src/rp2_common/hardware_flash/flash.c.obj
 .time_critical.flash_cs_force
                0x200002bc       0x28 CMakeFiles/I2C.dir/C_/Users/zjxu/Pico-v1.5.1/pico-sdk/src/rp2_common/hardware_flash/flash.c.obj
 .time_critical.flash_do_cmd
                0x200002e4       0xd8 CMakeFiles/I2C.dir/C_/Users/zjxu/Pico-v1.5.1/pico-sdk/src/rp2_common/hardware_flash/flash.c.obj
                0x200002e4                flash_do_cmd
 .time_critical.reset_non_control_endpoints
                0x200003bc       0x40 CMakeFiles/I2C.dir/C_/Users/zjxu/Pico-v1.5.1/pico-sdk/lib/tinyusb/src/portable/raspberrypi/rp2040/dcd_rp2040.c.obj
 .time_critical.hw_handle_buff_status
                0x200003fc       0xa4 CMakeFiles/I2C.dir/C_/Users/zjxu/Pico-v1.5.1/pico-sdk/lib/tinyusb/src/portable/raspberrypi/rp2040/dcd_rp2040.c.obj
 .time_critical.dcd_rp2040_irq
                0x200004a0      0x1cc CMakeFiles/I2C.dir/C_/Users/zjxu/Pico-v1.5.1/pico-sdk/lib/tinyusb/src/portable/raspberrypi/rp2040/dcd_rp2040.c.obj
 .time_critical.e15_is_bulkin_ep
                0x2000066c       0x2c CMakeFiles/I2C.dir/C_/Users/zjxu/Pico-v1.5.1/pico-sdk/lib/tinyusb/src/portable/raspberrypi/rp2040/rp2040_usb.c.obj
 .time_critical.e15_is_critical_frame_period
                0x20000698       0x30 CMakeFiles/I2C.dir/C_/Users/zjxu/Pico-v1.5.1/pico-sdk/lib/tinyusb/src/portable/raspberrypi/rp2040/rp2040_usb.c.obj
 .time_critical.prepare_ep_buffer
                0x200006c8       0x70 CMakeFiles/I2C.dir/C_/Users/zjxu/Pico-v1.5.1/pico-sdk/lib/tinyusb/src/portable/raspberrypi/rp2040/rp2040_usb.c.obj
 .time_critical.sync_ep_buffer
                0x20000738       0x80 CMakeFiles/I2C.dir/C_/Users/zjxu/Pico-v1.5.1/pico-sdk/lib/tinyusb/src/portable/raspberrypi/rp2040/rp2040_usb.c.obj
 .time_critical._hw_endpoint_xfer_sync
                0x200007b8       0x28 CMakeFiles/I2C.dir/C_/Users/zjxu/Pico-v1.5.1/pico-sdk/lib/tinyusb/src/portable/raspberrypi/rp2040/rp2040_usb.c.obj
 .time_critical.hw_endpoint_reset_transfer
                0x200007e0        0xc CMakeFiles/I2C.dir/C_/Users/zjxu/Pico-v1.5.1/pico-sdk/lib/tinyusb/src/portable/raspberrypi/rp2040/rp2040_usb.c.obj
                0x200007e0                hw_endpoint_reset_transfer
 .time_critical._hw_endpoint_buffer_control_update32
                0x200007ec       0x58 CMakeFiles/I2C.dir/C_/Users/zjxu/Pico-v1.5.1/pico-sdk/lib/tinyusb/src/portable/raspberrypi/rp2040/rp2040_usb.c.obj
                0x200007ec                _hw_endpoint_buffer_control_update32
 .time_critical.hw_endpoint_start_next_buffer
                0x20000844       0x88 CMakeFiles/I2C.dir/C_/Users/zjxu/Pico-v1.5.1/pico-sdk/lib/tinyusb/src/portable/raspberrypi/rp2040/rp2040_usb.c.obj
                0x20000844                hw_endpoint_start_next_buffer
 .time_critical.hw_endpoint_xfer_continue
                0x200008cc       0x50 CMakeFiles/I2C.dir/C_/Users/zjxu/Pico-v1.5.1/pico-sdk/lib/tinyusb/src/portable/raspberrypi/rp2040/rp2040_usb.c.obj
                0x200008cc                hw_endpoint_xfer_continue
 .time_critical.tinyusb
                0x2000091c      0x200 CMakeFiles/I2C.dir/C_/Users/zjxu/Pico-v1.5.1/pico-sdk/lib/tinyusb/src/device/usbd.c.obj
                0x2000091c                dcd_event_handler
 *(.text*)
 .text          0x20000b1c        0x4 c:/progra~1/raspbe~1/picosd~1.1/gcc-ar~1/bin/../lib/gcc/arm-none-eabi/10.3.1/thumb/v6-m/nofp\libgcc.a(_dvmd_tls.o)
                0x20000b1c                __aeabi_idiv0
                0x20000b1c                __aeabi_ldiv0
 .text.__stub   0x20000b20       0x90 linker stubs
                0x20000bb0                . = ALIGN (0x4)
 *(.rodata*)
                0x20000bb0                . = ALIGN (0x4)
 *(.data*)
 .data.striped_spin_lock_num
                0x20000bb0        0x1 CMakeFiles/I2C.dir/C_/Users/zjxu/Pico-v1.5.1/pico-sdk/src/rp2_common/hardware_sync/sync.c.obj
 *fill*         0x20000bb1        0x3 
 .data          0x20000bb4       0x48 CMakeFiles/I2C.dir/C_/Users/zjxu/Pico-v1.5.1/pico-sdk/src/rp2_common/hardware_irq/irq_handler_chain.S.obj
                0x20000bb4                irq_handler_chain_slots
                0x20000be4                irq_handler_chain_first_slot
                0x20000bee                irq_handler_chain_remove_tail
 .data.default_alarm_pool
                0x20000bfc       0x18 CMakeFiles/I2C.dir/C_/Users/zjxu/Pico-v1.5.1/pico-sdk/src/common/pico_time/time.c.obj
 .data.default_alarm_pool_heap
                0x20000c14       0x10 CMakeFiles/I2C.dir/C_/Users/zjxu/Pico-v1.5.1/pico-sdk/src/common/pico_time/time.c.obj
 *fill*         0x20000c24        0xc 
 .data.aeabi_bits_funcs
                0x20000c30       0x10 CMakeFiles/I2C.dir/C_/Users/zjxu/Pico-v1.5.1/pico-sdk/src/rp2_common/pico_bit_ops/bit_ops_aeabi.S.obj
                0x20000c30                aeabi_bits_funcs
                0x20000c40                aeabi_bits_funcs_end
 .data.aeabi_mem_funcs
                0x20000c40       0x10 CMakeFiles/I2C.dir/C_/Users/zjxu/Pico-v1.5.1/pico-sdk/src/rp2_common/pico_mem_ops/mem_ops_aeabi.S.obj
                0x20000c40                aeabi_mem_funcs
                0x20000c50                aeabi_mem_funcs_end
 .data.stdio_usb
                0x20000c50       0x18 CMakeFiles/I2C.dir/C_/Users/zjxu/Pico-v1.5.1/pico-sdk/src/rp2_common/pico_stdio_usb/stdio_usb.c.obj
                0x20000c50                stdio_usb
 .data.ep_dir_string
                0x20000c68        0x8 CMakeFiles/I2C.dir/C_/Users/zjxu/Pico-v1.5.1/pico-sdk/lib/tinyusb/src/portable/raspberrypi/rp2040/rp2040_usb.c.obj
                0x20000c68                ep_dir_string
 .data._usbd_qdef
                0x20000c70       0x1c CMakeFiles/I2C.dir/C_/Users/zjxu/Pico-v1.5.1/pico-sdk/lib/tinyusb/src/device/usbd.c.obj
                0x20000c70                _usbd_qdef
 .data._usbd_rhport
                0x20000c8c        0x1 CMakeFiles/I2C.dir/C_/Users/zjxu/Pico-v1.5.1/pico-sdk/lib/tinyusb/src/device/usbd.c.obj
 *fill*         0x20000c8d        0x3 
 .data.i2c0_inst
                0x20000c90        0x8 CMakeFiles/I2C.dir/C_/Users/zjxu/Pico-v1.5.1/pico-sdk/src/rp2_common/hardware_i2c/i2c.c.obj
                0x20000c90                i2c0_inst
                0x20000c98                . = ALIGN (0x4)
 *(.after_data.*)
                0x20000c98                . = ALIGN (0x4)
                0x20000c98                PROVIDE (__mutex_array_start = .)
 *(SORT_BY_NAME(.mutex_array.*))
 *(.mutex_array)
 .mutex_array   0x20000c98        0x8 CMakeFiles/I2C.dir/C_/Users/zjxu/Pico-v1.5.1/pico-sdk/src/rp2_common/pico_stdio/stdio.c.obj
                0x20000ca0                PROVIDE (__mutex_array_end = .)
                0x20000ca0                . = ALIGN (0x4)
                0x20000ca0                PROVIDE (__preinit_array_start = .)
 *(SORT_BY_NAME(.preinit_array.*))
 .preinit_array.00001
                0x20000ca0        0x4 CMakeFiles/I2C.dir/C_/Users/zjxu/Pico-v1.5.1/pico-sdk/src/rp2_common/pico_mem_ops/mem_ops_aeabi.S.obj
 .preinit_array.00010
                0x20000ca4        0x4 CMakeFiles/I2C.dir/C_/Users/zjxu/Pico-v1.5.1/pico-sdk/src/rp2_common/pico_bit_ops/bit_ops_aeabi.S.obj
 .preinit_array.00020
                0x20000ca8        0x4 CMakeFiles/I2C.dir/C_/Users/zjxu/Pico-v1.5.1/pico-sdk/src/rp2_common/pico_double/double_aeabi.S.obj
 .preinit_array.00020
                0x20000cac        0x4 CMakeFiles/I2C.dir/C_/Users/zjxu/Pico-v1.5.1/pico-sdk/src/rp2_common/pico_float/float_aeabi.S.obj
 *(.preinit_array)
                0x20000cb0                PROVIDE (__preinit_array_end = .)
                0x20000cb0                . = ALIGN (0x4)
                0x20000cb0                PROVIDE (__init_array_start = .)
 *(SORT_BY_NAME(.init_array.*))
 *(.init_array)
 .init_array    0x20000cb0        0x4 c:/progra~1/raspbe~1/picosd~1.1/gcc-ar~1/bin/../lib/gcc/arm-none-eabi/10.3.1/thumb/v6-m/nofp/crtbegin.o
 .init_array    0x20000cb4        0x4 CMakeFiles/I2C.dir/C_/Users/zjxu/Pico-v1.5.1/pico-sdk/src/rp2_common/pico_unique_id/unique_id.c.obj
                0x20000cb8                PROVIDE (__init_array_end = .)
                0x20000cb8                . = ALIGN (0x4)
                [!provide]                PROVIDE (__fini_array_start = .)
 *(SORT_BY_NAME(.fini_array.*))
 *(.fini_array)
                [!provide]                PROVIDE (__fini_array_end = .)
 *(.jcr)
                0x20000cb8                . = ALIGN (0x4)
                0x20000cb8                __data_end__ = .
                0x10008870                __etext = LOADADDR (.data)

.igot.plt       0x20000cb8        0x0 load address 0x10009468
 .igot.plt      0x20000cb8        0x0 c:/progra~1/raspbe~1/picosd~1.1/gcc-ar~1/bin/../lib/gcc/arm-none-eabi/10.3.1/thumb/v6-m/nofp/crtbegin.o

.uninitialized_data
                0x20000cb8        0x0 load address 0x10009468
                0x20000cb8                . = ALIGN (0x4)
 *(.uninitialized_data*)

.scratch_x      0x20040000        0x0 load address 0x10009468
                0x20040000                __scratch_x_start__ = .
 *(.scratch_x.*)
                0x20040000                . = ALIGN (0x4)
                0x20040000                __scratch_x_end__ = .
                0x10009468                __scratch_x_source__ = LOADADDR (.scratch_x)

.scratch_y      0x20041000        0x0 load address 0x10009468
                0x20041000                __scratch_y_start__ = .
 *(.scratch_y.*)
                0x20041000                . = ALIGN (0x4)
                0x20041000                __scratch_y_end__ = .
                0x10009468                __scratch_y_source__ = LOADADDR (.scratch_y)

.bss            0x20000cb8      0xd84
                0x20000cb8                . = ALIGN (0x4)
                0x20000cb8                __bss_start__ = .
 *(SORT_BY_ALIGNMENT(SORT_BY_NAME(.bss*)))
 .bss.default_alarm_pool_entries
                0x20000cb8      0x100 CMakeFiles/I2C.dir/C_/Users/zjxu/Pico-v1.5.1/pico-sdk/src/common/pico_time/time.c.obj
 .bss.last_avail_time.2
                0x20000db8        0x8 CMakeFiles/I2C.dir/C_/Users/zjxu/Pico-v1.5.1/pico-sdk/src/rp2_common/pico_stdio_usb/stdio_usb.c.obj
 .bss           0x20000dc0       0x1c c:/progra~1/raspbe~1/picosd~1.1/gcc-ar~1/bin/../lib/gcc/arm-none-eabi/10.3.1/thumb/v6-m/nofp/crtbegin.o
 .bss._app_driver
                0x20000ddc        0x4 CMakeFiles/I2C.dir/C_/Users/zjxu/Pico-v1.5.1/pico-sdk/lib/tinyusb/src/device/usbd.c.obj
 .bss._cdcd_itf
                0x20000de0      0x2c8 CMakeFiles/I2C.dir/C_/Users/zjxu/Pico-v1.5.1/pico-sdk/lib/tinyusb/src/class/cdc/cdc_device.c.obj
 .bss._ctrl_xfer
                0x200010a8       0x14 CMakeFiles/I2C.dir/C_/Users/zjxu/Pico-v1.5.1/pico-sdk/lib/tinyusb/src/device/usbd_control.c.obj
 .bss._ubsd_mutexdef
                0x200010bc        0x8 CMakeFiles/I2C.dir/C_/Users/zjxu/Pico-v1.5.1/pico-sdk/lib/tinyusb/src/device/usbd.c.obj
 .bss._usbd_ctrl_buf
                0x200010c4       0x40 CMakeFiles/I2C.dir/C_/Users/zjxu/Pico-v1.5.1/pico-sdk/lib/tinyusb/src/device/usbd_control.c.obj
 .bss._usbd_dev
                0x20001104       0x53 CMakeFiles/I2C.dir/C_/Users/zjxu/Pico-v1.5.1/pico-sdk/lib/tinyusb/src/device/usbd.c.obj
 *fill*         0x20001157        0x1 
 .bss._usbd_mutex
                0x20001158        0x4 CMakeFiles/I2C.dir/C_/Users/zjxu/Pico-v1.5.1/pico-sdk/lib/tinyusb/src/device/usbd.c.obj
 .bss._usbd_q   0x2000115c        0x4 CMakeFiles/I2C.dir/C_/Users/zjxu/Pico-v1.5.1/pico-sdk/lib/tinyusb/src/device/usbd.c.obj
 .bss._usbd_qdef_buf
                0x20001160       0xc0 CMakeFiles/I2C.dir/C_/Users/zjxu/Pico-v1.5.1/pico-sdk/lib/tinyusb/src/device/usbd.c.obj
                0x20001160                _usbd_qdef_buf
 .bss.alarm_callbacks
                0x20001220       0x10 CMakeFiles/I2C.dir/C_/Users/zjxu/Pico-v1.5.1/pico-sdk/src/rp2_common/hardware_timer/timer.c.obj
 .bss.boot2_copyout
                0x20001230      0x100 CMakeFiles/I2C.dir/C_/Users/zjxu/Pico-v1.5.1/pico-sdk/src/rp2_common/hardware_flash/flash.c.obj
 .bss.chars_available_callback
                0x20001330        0x4 CMakeFiles/I2C.dir/C_/Users/zjxu/Pico-v1.5.1/pico-sdk/src/rp2_common/pico_stdio_usb/stdio_usb.c.obj
 .bss.chars_available_param
                0x20001334        0x4 CMakeFiles/I2C.dir/C_/Users/zjxu/Pico-v1.5.1/pico-sdk/src/rp2_common/pico_stdio_usb/stdio_usb.c.obj
 .bss.claimed   0x20001338        0x4 CMakeFiles/I2C.dir/C_/Users/zjxu/Pico-v1.5.1/pico-sdk/src/rp2_common/hardware_sync/sync.c.obj
 .bss.configured_freq
                0x2000133c       0x28 CMakeFiles/I2C.dir/C_/Users/zjxu/Pico-v1.5.1/pico-sdk/src/rp2_common/hardware_clocks/clocks.c.obj
 .bss.default_alarm_pool_entry_ids_high
                0x20001364       0x10 CMakeFiles/I2C.dir/C_/Users/zjxu/Pico-v1.5.1/pico-sdk/src/common/pico_time/time.c.obj
 .bss.default_alarm_pool_heap_nodes
                0x20001374       0x30 CMakeFiles/I2C.dir/C_/Users/zjxu/Pico-v1.5.1/pico-sdk/src/common/pico_time/time.c.obj
 .bss.desc_str.0