Archive member included to satisfy reference by file (symbol)

c:/progra~1/raspbe~1/picosd~1.1/gcc-ar~1/bin/../lib/gcc/arm-none-eabi/10.3.1/thumb/v6-m/nofp\libgcc.a(_dvmd_tls.o)
                              CMakeFiles/uart.dir/C_/Users/zjxu/Pico-v1.5.1/pico-sdk/src/rp2_common/pico_divider/divider.S.obj (__aeabi_idiv0)
c:/progra~1/raspbe~1/picosd~1.1/gcc-ar~1/bin/../lib/gcc/arm-none-eabi/10.3.1/../../../../arm-none-eabi/lib/thumb/v6-m/nofp\libg.a(lib_a-calloc.o)
                              CMakeFiles/uart.dir/C_/Users/zjxu/Pico-v1.5.1/pico-sdk/src/rp2_common/pico_malloc/pico_malloc.c.obj (calloc)
c:/progra~1/raspbe~1/picosd~1.1/gcc-ar~1/bin/../lib/gcc/arm-none-eabi/10.3.1/../../../../arm-none-eabi/lib/thumb/v6-m/nofp\libg.a(lib_a-callocr.o)
                              c:/progra~1/raspbe~1/picosd~1.1/gcc-ar~1/bin/../lib/gcc/arm-none-eabi/10.3.1/../../../../arm-none-eabi/lib/thumb/v6-m/nofp\libg.a(lib_a-calloc.o) (_calloc_r)
c:/progra~1/raspbe~1/picosd~1.1/gcc-ar~1/bin/../lib/gcc/arm-none-eabi/10.3.1/../../../../arm-none-eabi/lib/thumb/v6-m/nofp\libg.a(lib_a-errno.o)
                              c:/progra~1/raspbe~1/picosd~1.1/gcc-ar~1/bin/../lib/gcc/arm-none-eabi/10.3.1/../../../../arm-none-eabi/lib/thumb/v6-m/nofp\libg.a(lib_a-callocr.o) (__errno)
c:/progra~1/raspbe~1/picosd~1.1/gcc-ar~1/bin/../lib/gcc/arm-none-eabi/10.3.1/../../../../arm-none-eabi/lib/thumb/v6-m/nofp\libg.a(lib_a-impure.o)
                              c:/progra~1/raspbe~1/picosd~1.1/gcc-ar~1/bin/../lib/gcc/arm-none-eabi/10.3.1/../../../../arm-none-eabi/lib/thumb/v6-m/nofp\libg.a(lib_a-calloc.o) (_impure_ptr)
c:/progra~1/raspbe~1/picosd~1.1/gcc-ar~1/bin/../lib/gcc/arm-none-eabi/10.3.1/../../../../arm-none-eabi/lib/thumb/v6-m/nofp\libg.a(lib_a-init.o)
                              c:/progra~1/raspbe~1/picosd~1.1/gcc-ar~1/bin/../lib/gcc/arm-none-eabi/10.3.1/../../../../arm-none-eabi/lib/thumb/v6-m/nofp/crt0.o (__libc_init_array)
c:/progra~1/raspbe~1/picosd~1.1/gcc-ar~1/bin/../lib/gcc/arm-none-eabi/10.3.1/../../../../arm-none-eabi/lib/thumb/v6-m/nofp\libg.a(lib_a-malloc.o)
                              CMakeFiles/uart.dir/C_/Users/zjxu/Pico-v1.5.1/pico-sdk/src/rp2_common/pico_malloc/pico_malloc.c.obj (malloc)
c:/progra~1/raspbe~1/picosd~1.1/gcc-ar~1/bin/../lib/gcc/arm-none-eabi/10.3.1/../../../../arm-none-eabi/lib/thumb/v6-m/nofp\libg.a(lib_a-mallocr.o)
                              c:/progra~1/raspbe~1/picosd~1.1/gcc-ar~1/bin/../lib/gcc/arm-none-eabi/10.3.1/../../../../arm-none-eabi/lib/thumb/v6-m/nofp\libg.a(lib_a-callocr.o) (_malloc_r)
c:/progra~1/raspbe~1/picosd~1.1/gcc-ar~1/bin/../lib/gcc/arm-none-eabi/10.3.1/../../../../arm-none-eabi/lib/thumb/v6-m/nofp\libg.a(lib_a-mlock.o)
                              c:/progra~1/raspbe~1/picosd~1.1/gcc-ar~1/bin/../lib/gcc/arm-none-eabi/10.3.1/../../../../arm-none-eabi/lib/thumb/v6-m/nofp\libg.a(lib_a-mallocr.o) (__malloc_lock)
c:/progra~1/raspbe~1/picosd~1.1/gcc-ar~1/bin/../lib/gcc/arm-none-eabi/10.3.1/../../../../arm-none-eabi/lib/thumb/v6-m/nofp\libg.a(lib_a-realloc.o)
                              CMakeFiles/uart.dir/C_/Users/zjxu/Pico-v1.5.1/pico-sdk/src/rp2_common/pico_malloc/pico_malloc.c.obj (realloc)
c:/progra~1/raspbe~1/picosd~1.1/gcc-ar~1/bin/../lib/gcc/arm-none-eabi/10.3.1/../../../../arm-none-eabi/lib/thumb/v6-m/nofp\libg.a(lib_a-reallocr.o)
                              c:/progra~1/raspbe~1/picosd~1.1/gcc-ar~1/bin/../lib/gcc/arm-none-eabi/10.3.1/../../../../arm-none-eabi/lib/thumb/v6-m/nofp\libg.a(lib_a-realloc.o) (_realloc_r)
c:/progra~1/raspbe~1/picosd~1.1/gcc-ar~1/bin/../lib/gcc/arm-none-eabi/10.3.1/../../../../arm-none-eabi/lib/thumb/v6-m/nofp\libg.a(lib_a-sbrkr.o)
                              c:/progra~1/raspbe~1/picosd~1.1/gcc-ar~1/bin/../lib/gcc/arm-none-eabi/10.3.1/../../../../arm-none-eabi/lib/thumb/v6-m/nofp\libg.a(lib_a-mallocr.o) (_sbrk_r)
c:/progra~1/raspbe~1/picosd~1.1/gcc-ar~1/bin/../lib/gcc/arm-none-eabi/10.3.1/../../../../arm-none-eabi/lib/thumb/v6-m/nofp\libg.a(lib_a-strlen-stub.o)
                              CMakeFiles/uart.dir/C_/Users/zjxu/Pico-v1.5.1/pico-sdk/src/rp2_common/pico_stdio/stdio.c.obj (strlen)
c:/progra~1/raspbe~1/picosd~1.1/gcc-ar~1/bin/../lib/gcc/arm-none-eabi/10.3.1/../../../../arm-none-eabi/lib/thumb/v6-m/nofp\libg.a(lib_a-freer.o)
                              c:/progra~1/raspbe~1/picosd~1.1/gcc-ar~1/bin/../lib/gcc/arm-none-eabi/10.3.1/../../../../arm-none-eabi/lib/thumb/v6-m/nofp\libg.a(lib_a-malloc.o) (_free_r)
c:/progra~1/raspbe~1/picosd~1.1/gcc-ar~1/bin/../lib/gcc/arm-none-eabi/10.3.1/../../../../arm-none-eabi/lib/thumb/v6-m/nofp\libg.a(lib_a-lock.o)
                              c:/progra~1/raspbe~1/picosd~1.1/gcc-ar~1/bin/../lib/gcc/arm-none-eabi/10.3.1/../../../../arm-none-eabi/lib/thumb/v6-m/nofp\libg.a(lib_a-mlock.o) (__retarget_lock_acquire_recursive)
c:/progra~1/raspbe~1/picosd~1.1/gcc-ar~1/bin/../lib/gcc/arm-none-eabi/10.3.1/../../../../arm-none-eabi/lib/thumb/v6-m/nofp\libg.a(lib_a-memmove.o)
[...]
Memory Configuration

Name             Origin             Length             Attributes
FLASH            0x10000000         0x00200000         xr
RAM              0x20000000         0x00040000         xrw
SCRATCH_X        0x20040000         0x00001000         xrw
SCRATCH_Y        0x20041000         0x00001000         xrw
*default*        0x00000000         0xffffffff

Linker script and memory map

LOAD c:/progra~1/raspbe~1/picosd~1.1/gcc-ar~1/bin/../lib/gcc/arm-none-eabi/10.3.1/thumb/v6-m/nofp/crti.o
LOAD c:/progra~1/raspbe~1/picosd~1.1/gcc-ar~1/bin/../lib/gcc/arm-none-eabi/10.3.1/thumb/v6-m/nofp/crtbegin.o
LOAD c:/progra~1/raspbe~1/picosd~1.1/gcc-ar~1/bin/../lib/gcc/arm-none-eabi/10.3.1/../../../../arm-none-eabi/lib/thumb/v6-m/nofp/crt0.o

.flash_begin    0x10000000        0x0
                0x10000000                __flash_binary_start = .

.boot2          0x10000000      0x100
                0x10000000                __boot2_start__ = .
 *(.boot2)
 .boot2         0x10000000      0x100 C:\Users\zjxu\AppData\Local\Temp\cc8QbhMe.o
                0x10000100                __boot2_end__ = .
                0x00000001                ASSERT (((__boot2_end__ - __boot2_start__) == 0x100), ERROR: Pico second stage bootloader must be 256 bytes in size)

.text           0x10000100     0x4c58
                0x10000100                __logical_binary_start = .
 *(.vectors)
 .vectors       0x10000100       0xd4 CMakeFiles/uart.dir/C_/Users/zjxu/Pico-v1.5.1/pico-sdk/src/rp2_common/pico_standard_link/crt0.S.obj
                0x10000100                __VECTOR_TABLE
                0x10000100                __vectors
                0x100001c0                isr_invalid
                0x100001c0                __default_isrs_start
                0x100001c2                isr_nmi
                0x100001c4                isr_hardfault
                0x100001c6                isr_svcall
                0x100001c8                isr_pendsv
                0x100001ca                isr_systick
                0x100001cc                isr_irq23
                0x100001cc                isr_irq18
                0x100001cc                isr_irq11
                0x100001cc                isr_irq28
                0x100001cc                isr_irq19
                0x100001cc                isr_irq0
                0x100001cc                isr_irq6
                0x100001cc                isr_irq5
                0x100001cc                isr_irq12
                0x100001cc                isr_irq22
                0x100001cc                isr_irq31
                0x100001cc                isr_irq17
                0x100001cc                isr_irq27
                0x100001cc                isr_irq30
                0x100001cc                isr_irq2
                0x100001cc                isr_irq10
                0x100001cc                isr_irq8
                0x100001cc                isr_irq24
                0x100001cc                isr_irq1
                0x100001cc                isr_irq7
                0x100001cc                isr_irq21
                0x100001cc                isr_irq20
                0x100001cc                isr_irq15
                0x100001cc                isr_irq25
                0x100001cc                isr_irq13
                0x100001cc                __unhandled_user_irq
                0x100001cc                isr_irq4
                0x100001cc                isr_irq16
                0x100001cc                isr_irq29
                0x100001cc                isr_irq26
                0x100001cc                __default_isrs_end
                0x100001cc                isr_irq3
                0x100001cc                isr_irq14
                0x100001cc                isr_irq9
                0x100001d2                unhandled_user_irq_num_in_r0
 *(.binary_info_header)
 .binary_info_header
                0x100001d4       0x14 CMakeFiles/uart.dir/C_/Users/zjxu/Pico-v1.5.1/pico-sdk/src/rp2_common/pico_standard_link/crt0.S.obj
                0x100001e8                __binary_info_header_end = .
 *(.reset)
 .reset         0x100001e8       0xa0 CMakeFiles/uart.dir/C_/Users/zjxu/Pico-v1.5.1/pico-sdk/src/rp2_common/pico_standard_link/crt0.S.obj
                0x100001e8                _entry_point
 .reset         0x10000288       0x30 CMakeFiles/uart.dir/C_/Users/zjxu/Pico-v1.5.1/pico-sdk/src/rp2_common/pico_standard_link/binary_info.c.obj
 *(.init)
 .init          0x100002b8        0x4 c:/progra~1/raspbe~1/picosd~1.1/gcc-ar~1/bin/../lib/gcc/arm-none-eabi/10.3.1/thumb/v6-m/nofp/crti.o
                0x100002b8                _init
 *(EXCLUDE_FILE(*libm.a: *libc.a:*lib_a-mem*.o *libgcc.a:) .text*)
 .text          0x100002bc       0x48 c:/progra~1/raspbe~1/picosd~1.1/gcc-ar~1/bin/../lib/gcc/arm-none-eabi/10.3.1/thumb/v6-m/nofp/crtbegin.o
 .text.drawchar
                0x10000304       0x54 CMakeFiles/uart.dir/uart.c.obj
                0x10000304                drawchar
 .text.drawstring
                0x10000358       0x26 CMakeFiles/uart.dir/uart.c.obj
                0x10000358                drawstring
 *fill*         0x1000037e        0x2 
 .text.on_uart_rx
                0x10000380       0xe8 CMakeFiles/uart.dir/uart.c.obj
                0x10000380                on_uart_rx
 .text.setup_uart
                0x10000468       0x70 CMakeFiles/uart.dir/uart.c.obj
                0x10000468                setup_uart
 .text.setup_gpio
                0x100004d8       0x24 CMakeFiles/uart.dir/uart.c.obj
                0x100004d8                setup_gpio
 .text.setup_i2c
                0x100004fc       0x30 CMakeFiles/uart.dir/uart.c.obj
                0x100004fc                setup_i2c
 .text.main     0x1000052c       0x30 CMakeFiles/uart.dir/uart.c.obj
                0x1000052c                main
 .text.ssd1306_command
                0x1000055c       0x28 CMakeFiles/uart.dir/ssd1306.c.obj
                0x1000055c                ssd1306_command
 .text.ssd1306_update
                0x10000584       0x50 CMakeFiles/uart.dir/ssd1306.c.obj
                0x10000584                ssd1306_update
 .text.ssd1306_drawPixel
                0x100005d4       0x44 CMakeFiles/uart.dir/ssd1306.c.obj
                0x100005d4                ssd1306_drawPixel
 .text.ssd1306_clear
                0x10000618       0x1c CMakeFiles/uart.dir/ssd1306.c.obj
                0x10000618                ssd1306_clear
 .text.ssd1306_setup
                0x10000634       0xa8 CMakeFiles/uart.dir/ssd1306.c.obj
                0x10000634                ssd1306_setup
 .text.gpio_set_function
                0x100006dc       0x30 CMakeFiles/uart.dir/C_/Users/zjxu/Pico-v1.5.1/pico-sdk/src/rp2_common/hardware_gpio/gpio.c.obj
                0x100006dc                gpio_set_function
 .text.gpio_init
                0x1000070c       0x16 CMakeFiles/uart.dir/C_/Users/zjxu/Pico-v1.5.1/pico-sdk/src/rp2_common/hardware_gpio/gpio.c.obj
                0x1000070c                gpio_init
 *fill*         0x10000722        0x2 
 .text.running_on_fpga
                0x10000724       0x14 CMakeFiles/uart.dir/C_/Users/zjxu/Pico-v1.5.1/pico-sdk/src/rp2_common/pico_platform/platform.c.obj
                0x10000724                running_on_fpga
 .text.hw_claim_lock
                0x10000738       0x18 CMakeFiles/uart.dir/C_/Users/zjxu/Pico-v1.5.1/pico-sdk/src/rp2_common/hardware_claim/claim.c.obj
                0x10000738                hw_claim_lock
 .text.hw_claim_unlock
                0x10000750       0x14 CMakeFiles/uart.dir/C_/Users/zjxu/Pico-v1.5.1/pico-sdk/src/rp2_common/hardware_claim/claim.c.obj
                0x10000750                hw_claim_unlock
 .text.hw_claim_or_assert
                0x10000764       0x32 CMakeFiles/uart.dir/C_/Users/zjxu/Pico-v1.5.1/pico-sdk/src/rp2_common/hardware_claim/claim.c.obj
                0x10000764                hw_claim_or_assert
 *fill*         0x10000796        0x2 
 .text.spin_locks_reset
                0x10000798       0x20 CMakeFiles/uart.dir/C_/Users/zjxu/Pico-v1.5.1/pico-sdk/src/rp2_common/hardware_sync/sync.c.obj
                0x10000798                spin_locks_reset
 .text.next_striped_spin_lock_num
                0x100007b8       0x1c CMakeFiles/uart.dir/C_/Users/zjxu/Pico-v1.5.1/pico-sdk/src/rp2_common/hardware_sync/sync.c.obj
                0x100007b8                next_striped_spin_lock_num
 .text.set_raw_irq_handler_and_unlock
                0x100007d4       0x28 CMakeFiles/uart.dir/C_/Users/zjxu/Pico-v1.5.1/pico-sdk/src/rp2_common/hardware_irq/irq.c.obj
 .text.make_branch
                0x100007fc       0x48 CMakeFiles/uart.dir/C_/Users/zjxu/Pico-v1.5.1/pico-sdk/src/rp2_common/hardware_irq/irq.c.obj
 .text.insert_branch_and_link
                0x10000844       0x40 CMakeFiles/uart.dir/C_/Users/zjxu/Pico-v1.5.1/pico-sdk/src/rp2_common/hardware_irq/irq.c.obj
 .text.irq_is_enabled
                0x10000884       0x18 CMakeFiles/uart.dir/C_/Users/zjxu/Pico-v1.5.1/pico-sdk/src/rp2_common/hardware_irq/irq.c.obj
                0x10000884                irq_is_enabled
 .text.irq_set_mask_enabled
                0x1000089c       0x20 CMakeFiles/uart.dir/C_/Users/zjxu/Pico-v1.5.1/pico-sdk/src/rp2_common/hardware_irq/irq.c.obj
                0x1000089c                irq_set_mask_enabled
 .text.irq_set_enabled
                0x100008bc        0xe CMakeFiles/uart.dir/C_/Users/zjxu/Pico-v1.5.1/pico-sdk/src/rp2_common/hardware_irq/irq.c.obj
                0x100008bc                irq_set_enabled
 *fill*         0x100008ca        0x2 
 .text.irq_get_vtable_handler
                0x100008cc       0x10 CMakeFiles/uart.dir/C_/Users/zjxu/Pico-v1.5.1/pico-sdk/src/rp2_common/hardware_irq/irq.c.obj
                0x100008cc                irq_get_vtable_handler
 .text.irq_set_exclusive_handler
                0x100008dc       0x54 CMakeFiles/uart.dir/C_/Users/zjxu/Pico-v1.5.1/pico-sdk/src/rp2_common/hardware_irq/irq.c.obj
                0x100008dc                irq_set_exclusive_handler
 .text.irq_remove_handler
                0x10000930      0x1ac CMakeFiles/uart.dir/C_/Users/zjxu/Pico-v1.5.1/pico-sdk/src/rp2_common/hardware_irq/irq.c.obj
                0x10000930                irq_remove_handler
 .text.irq_add_tail_to_free_list
                0x10000adc       0xf0 CMakeFiles/uart.dir/C_/Users/zjxu/Pico-v1.5.1/pico-sdk/src/rp2_common/hardware_irq/irq.c.obj
                0x10000adc                irq_add_tail_to_free_list
 .text.irq_init_priorities
                0x10000bcc       0x1c CMakeFiles/uart.dir/C_/Users/zjxu/Pico-v1.5.1/pico-sdk/src/rp2_common/hardware_irq/irq.c.obj
                0x10000bcc                irq_init_priorities
 .text.lock_init
                0x10000be8       0x10 CMakeFiles/uart.dir/C_/Users/zjxu/Pico-v1.5.1/pico-sdk/src/common/pico_sync/lock_core.c.obj
                0x10000be8                lock_init
 .text.mutex_init
                0x10000bf8       0x1a CMakeFiles/uart.dir/C_/Users/zjxu/Pico-v1.5.1/pico-sdk/src/common/pico_sync/mutex.c.obj
                0x10000bf8                mutex_init
 .text.recursive_mutex_init
                0x10000c12       0x1e CMakeFiles/uart.dir/C_/Users/zjxu/Pico-v1.5.1/pico-sdk/src/common/pico_sync/mutex.c.obj
                0x10000c12                recursive_mutex_init
 .text.alarm_pool_post_alloc_init
                0x10000c30       0x40 CMakeFiles/uart.dir/C_/Users/zjxu/Pico-v1.5.1/pico-sdk/src/common/pico_time/time.c.obj
 .text.sleep_until_callback
                0x10000c70       0x30 CMakeFiles/uart.dir/C_/Users/zjxu/Pico-v1.5.1/pico-sdk/src/common/pico_time/time.c.obj
 .text.timer_pool_entry_comparator
                0x10000ca0       0x7c CMakeFiles/uart.dir/C_/Users/zjxu/Pico-v1.5.1/pico-sdk/src/common/pico_time/time.c.obj
                0x10000ca0                timer_pool_entry_comparator
 .text.ph_add_child_node
                0x10000d1c       0xa4 CMakeFiles/uart.dir/C_/Users/zjxu/Pico-v1.5.1/pico-sdk/src/common/pico_time/time.c.obj
 .text.ph_merge_nodes
                0x10000dc0       0x3e CMakeFiles/uart.dir/C_/Users/zjxu/Pico-v1.5.1/pico-sdk/src/common/pico_time/time.c.obj
 *fill*         0x10000dfe        0x2 
 .text.add_alarm_under_lock
                0x10000e00      0x174 CMakeFiles/uart.dir/C_/Users/zjxu/Pico-v1.5.1/pico-sdk/src/common/pico_time/time.c.obj
 .text.alarm_pool_alarm_callback
                0x10000f74      0x33c CMakeFiles/uart.dir/C_/Users/zjxu/Pico-v1.5.1/pico-sdk/src/common/pico_time/time.c.obj
 .text.alarm_pool_init_default
                0x100012b0       0x40 CMakeFiles/uart.dir/C_/Users/zjxu/Pico-v1.5.1/pico-sdk/src/common/pico_time/time.c.obj
                0x100012b0                alarm_pool_init_default
 .text.alarm_pool_get_default
                0x100012f0       0x2c CMakeFiles/uart.dir/C_/Users/zjxu/Pico-v1.5.1/pico-sdk/src/common/pico_time/time.c.obj
                0x100012f0                alarm_pool_get_default
 .text.alarm_pool_add_alarm_at
                0x1000131c      0x168 CMakeFiles/uart.dir/C_/Users/zjxu/Pico-v1.5.1/pico-sdk/src/common/pico_time/time.c.obj
                0x1000131c                alarm_pool_add_alarm_at
 .text.alarm_pool_cancel_alarm
                0x10001484       0xf8 CMakeFiles/uart.dir/C_/Users/zjxu/Pico-v1.5.1/pico-sdk/src/common/pico_time/time.c.obj
                0x10001484                alarm_pool_cancel_alarm
 .text.sleep_until
                0x1000157c       0xfc CMakeFiles/uart.dir/C_/Users/zjxu/Pico-v1.5.1/pico-sdk/src/common/pico_time/time.c.obj
                0x1000157c                sleep_until
 .text.sleep_us
                0x10001678       0x58 CMakeFiles/uart.dir/C_/Users/zjxu/Pico-v1.5.1/pico-sdk/src/common/pico_time/time.c.obj
                0x10001678                sleep_us
 .text.sleep_ms
                0x100016d0       0x14 CMakeFiles/uart.dir/C_/Users/zjxu/Pico-v1.5.1/pico-sdk/src/common/pico_time/time.c.obj
                0x100016d0                sleep_ms
 .text.best_effort_wfe_or_timeout
                0x100016e4       0xac CMakeFiles/uart.dir/C_/Users/zjxu/Pico-v1.5.1/pico-sdk/src/common/pico_time/time.c.obj
                0x100016e4                best_effort_wfe_or_timeout
 .text.hardware_alarm_irq_handler
                0x10001790       0x90 CMakeFiles/uart.dir/C_/Users/zjxu/Pico-v1.5.1/pico-sdk/src/rp2_common/hardware_timer/timer.c.obj
 .text.hardware_alarm_claim
                0x10001820       0x18 CMakeFiles/uart.dir/C_/Users/zjxu/Pico-v1.5.1/pico-sdk/src/rp2_common/hardware_timer/timer.c.obj
                0x10001820                hardware_alarm_claim
 .text.time_us_64
                0x10001838       0x18 CMakeFiles/uart.dir/C_/Users/zjxu/Pico-v1.5.1/pico-sdk/src/rp2_common/hardware_timer/timer.c.obj
                0x10001838                time_us_64
 .text.busy_wait_until
                0x10001850       0x28 CMakeFiles/uart.dir/C_/Users/zjxu/Pico-v1.5.1/pico-sdk/src/rp2_common/hardware_timer/timer.c.obj
                0x10001850                busy_wait_until
 .text.busy_wait_us
                0x10001878       0x48 CMakeFiles/uart.dir/C_/Users/zjxu/Pico-v1.5.1/pico-sdk/src/rp2_common/hardware_timer/timer.c.obj
                0x10001878                busy_wait_us
 .text.hardware_alarm_set_callback
                0x100018c0       0x90 CMakeFiles/uart.dir/C_/Users/zjxu/Pico-v1.5.1/pico-sdk/src/rp2_common/hardware_timer/timer.c.obj
                0x100018c0                hardware_alarm_set_callback
 .text.hardware_alarm_set_target
                0x10001950       0xe8 CMakeFiles/uart.dir/C_/Users/zjxu/Pico-v1.5.1/pico-sdk/src/rp2_common/hardware_timer/timer.c.obj
                0x10001950                hardware_alarm_set_target
 .text.hardware_alarm_cancel
                0x10001a38       0x40 CMakeFiles/uart.dir/C_/Users/zjxu/Pico-v1.5.1/pico-sdk/src/rp2_common/hardware_timer/timer.c.obj
                0x10001a38                hardware_alarm_cancel
 .text.ph_add_child_node
                0x10001a78       0xa4 CMakeFiles/uart.dir/C_/Users/zjxu/Pico-v1.5.1/pico-sdk/src/common/pico_util/pheap.c.obj
 .text.ph_merge_nodes
                0x10001b1c       0x3e CMakeFiles/uart.dir/C_/Users/zjxu/Pico-v1.5.1/pico-sdk/src/common/pico_util/pheap.c.obj
 *fill*         0x10001b5a        0x2 
 .text.ph_clear
                0x10001b5c       0x70 CMakeFiles/uart.dir/C_/Users/zjxu/Pico-v1.5.1/pico-sdk/src/common/pico_util/pheap.c.obj
                0x10001b5c                ph_clear
 .text.ph_post_alloc_init
                0x10001bcc        0xe CMakeFiles/uart.dir/C_/Users/zjxu/Pico-v1.5.1/pico-sdk/src/common/pico_util/pheap.c.obj
                0x10001bcc                ph_post_alloc_init
 *fill*         0x10001bda        0x2 
 .text.ph_merge_two_pass
                0x10001bdc       0xa8 CMakeFiles/uart.dir/C_/Users/zjxu/Pico-v1.5.1/pico-sdk/src/common/pico_util/pheap.c.obj
                0x10001bdc                ph_merge_two_pass
 .text.ph_remove_any_head
                0x10001c84      0x128 CMakeFiles/uart.dir/C_/Users/zjxu/Pico-v1.5.1/pico-sdk/src/common/pico_util/pheap.c.obj
 .text.ph_remove_head
                0x10001dac       0x14 CMakeFiles/uart.dir/C_/Users/zjxu/Pico-v1.5.1/pico-sdk/src/common/pico_util/pheap.c.obj
                0x10001dac                ph_remove_head
 .text.ph_remove_and_free_node
                0x10001dc0       0xf8 CMakeFiles/uart.dir/C_/Users/zjxu/Pico-v1.5.1/pico-sdk/src/common/pico_util/pheap.c.obj
                0x10001dc0                ph_remove_and_free_node
 .text.uart_disable_before_lcr_write
                0x10001eb8       0x48 CMakeFiles/uart.dir/C_/Users/zjxu/Pico-v1.5.1/pico-sdk/src/rp2_common/hardware_uart/uart.c.obj
 .text.uart_write_lcr_bits_masked
                0x10001f00       0x22 CMakeFiles/uart.dir/C_/Users/zjxu/Pico-v1.5.1/pico-sdk/src/rp2_common/hardware_uart/uart.c.obj
 *fill*         0x10001f22        0x2 
 .text.uart_set_baudrate
                0x10001f24       0x5c CMakeFiles/uart.dir/C_/Users/zjxu/Pico-v1.5.1/pico-sdk/src/rp2_common/hardware_uart/uart.c.obj
                0x10001f24                uart_set_baudrate
 .text.uart_set_format
                0x10001f80       0x2c CMakeFiles/uart.dir/C_/Users/zjxu/Pico-v1.5.1/pico-sdk/src/rp2_common/hardware_uart/uart.c.obj
                0x10001f80                uart_set_format
 .text.uart_set_fifo_enabled
                0x10001fac       0x10 CMakeFiles/uart.dir/C_/Users/zjxu/Pico-v1.5.1/pico-sdk/src/rp2_common/hardware_uart/uart.c.obj
                0x10001fac                uart_set_fifo_enabled
 .text.uart_set_translate_crlf
                0x10001fbc       0x28 CMakeFiles/uart.dir/C_/Users/zjxu/Pico-v1.5.1/pico-sdk/src/rp2_common/hardware_uart/uart.c.obj
                0x10001fbc                uart_set_translate_crlf
 .text.uart_init
                0x10001fe4       0x80 CMakeFiles/uart.dir/C_/Users/zjxu/Pico-v1.5.1/pico-sdk/src/rp2_common/hardware_uart/uart.c.obj
                0x10001fe4                uart_init
 .text.clock_configure
                0x10002064      0x108 CMakeFiles/uart.dir/C_/Users/zjxu/Pico-v1.5.1/pico-sdk/src/rp2_common/hardware_clocks/clocks.c.obj
                0x10002064                clock_configure
 .text.clocks_init
                0x1000216c      0x100 CMakeFiles/uart.dir/C_/Users/zjxu/Pico-v1.5.1/pico-sdk/src/rp2_common/hardware_clocks/clocks.c.obj
                0x1000216c                clocks_init
 .text.clock_get_hz
                0x1000226c        0xc CMakeFiles/uart.dir/C_/Users/zjxu/Pico-v1.5.1/pico-sdk/src/rp2_common/hardware_clocks/clocks.c.obj
                0x1000226c                clock_get_hz
 .text.pll_init
                0x10002278      0x120 CMakeFiles/uart.dir/C_/Users/zjxu/Pico-v1.5.1/pico-sdk/src/rp2_common/hardware_pll/pll.c.obj
                0x10002278                pll_init
 .text.watchdog_start_tick
                0x10002398       0x10 CMakeFiles/uart.dir/C_/Users/zjxu/Pico-v1.5.1/pico-sdk/src/rp2_common/hardware_watchdog/watchdog.c.obj
                0x10002398                watchdog_start_tick
 .text.xosc_init
                0x100023a8       0x28 CMakeFiles/uart.dir/C_/Users/zjxu/Pico-v1.5.1/pico-sdk/src/rp2_common/hardware_xosc/xosc.c.obj
                0x100023a8                xosc_init
 .text._exit    0x100023d0        0x4 CMakeFiles/uart.dir/C_/Users/zjxu/Pico-v1.5.1/pico-sdk/src/rp2_common/pico_runtime/runtime.c.obj
                0x100023d0                _exit
 .text.exit     0x100023d4        0x6 CMakeFiles/uart.dir/C_/Users/zjxu/Pico-v1.5.1/pico-sdk/src/rp2_common/pico_runtime/runtime.c.obj
                0x100023d4                exit
 *fill*         0x100023da        0x2 
 .text.__assert_func
                0x100023dc       0x3c CMakeFiles/uart.dir/C_/Users/zjxu/Pico-v1.5.1/pico-sdk/src/rp2_common/pico_runtime/runtime.c.obj
                0x100023dc                __assert_func
 .text.runtime_init
                0x10002418       0xf8 CMakeFiles/uart.dir/C_/Users/zjxu/Pico-v1.5.1/pico-sdk/src/rp2_common/pico_runtime/runtime.c.obj
                0x10002418                runtime_init
 .text.panic    0x10002510       0x30 CMakeFiles/uart.dir/C_/Users/zjxu/Pico-v1.5.1/pico-sdk/src/rp2_common/pico_runtime/runtime.c.obj
                0x10002510                panic
 .text._out_null
                0x10002540        0x2 CMakeFiles/uart.dir/C_/Users/zjxu/Pico-v1.5.1/pico-sdk/src/rp2_common/pico_printf/printf.c.obj
 .text._out_fct
                0x10002542        0xe CMakeFiles/uart.dir/C_/Users/zjxu/Pico-v1.5.1/pico-sdk/src/rp2_common/pico_printf/printf.c.obj
 .text._atoi    0x10002550       0x24 CMakeFiles/uart.dir/C_/Users/zjxu/Pico-v1.5.1/pico-sdk/src/rp2_common/pico_printf/printf.c.obj
 .text._out_rev
                0x10002574       0xae CMakeFiles/uart.dir/C_/Users/zjxu/Pico-v1.5.1/pico-sdk/src/rp2_common/pico_printf/printf.c.obj
 .text._ntoa_format
                0x10002622      0x112 CMakeFiles/uart.dir/C_/Users/zjxu/Pico-v1.5.1/pico-sdk/src/rp2_common/pico_printf/printf.c.obj
 .text._ntoa_long
                0x10002734       0xbc CMakeFiles/uart.dir/C_/Users/zjxu/Pico-v1.5.1/pico-sdk/src/rp2_common/pico_printf/printf.c.obj
 .text._ntoa_long_long
                0x100027f0       0xe2 CMakeFiles/uart.dir/C_/Users/zjxu/Pico-v1.5.1/pico-sdk/src/rp2_common/pico_printf/printf.c.obj
 *fill*         0x100028d2        0x2 
 .text._etoa    0x100028d4      0x414 CMakeFiles/uart.dir/C_/Users/zjxu/Pico-v1.5.1/pico-sdk/src/rp2_common/pico_printf/printf.c.obj
 .text._ftoa    0x10002ce8      0x354 CMakeFiles/uart.dir/C_/Users/zjxu/Pico-v1.5.1/pico-sdk/src/rp2_common/pico_printf/printf.c.obj
 .text._vsnprintf
                0x1000303c      0x624 CMakeFiles/uart.dir/C_/Users/zjxu/Pico-v1.5.1/pico-sdk/src/rp2_common/pico_printf/printf.c.obj
 .text.vfctprintf
                0x10003660       0x20 CMakeFiles/uart.dir/C_/Users/zjxu/Pico-v1.5.1/pico-sdk/src/rp2_common/pico_printf/printf.c.obj
                0x10003660                vfctprintf
 .text          0x10003680       0x10 CMakeFiles/uart.dir/C_/Users/zjxu/Pico-v1.5.1/pico-sdk/src/rp2_common/pico_bit_ops/bit_ops_aeabi.S.obj
 .text.rom_func_lookup
                0x10003690       0x10 CMakeFiles/uart.dir/C_/Users/zjxu/Pico-v1.5.1/pico-sdk/src/rp2_common/pico_bootrom/bootrom.c.obj
                0x10003690                rom_func_lookup
 .text.rom_data_lookup
                0x100036a0       0x10 CMakeFiles/uart.dir/C_/Users/zjxu/Pico-v1.5.1/pico-sdk/src/rp2_common/pico_bootrom/bootrom.c.obj
                0x100036a0                rom_data_lookup
 .text.rom_funcs_lookup
                0x100036b0       0x36 CMakeFiles/uart.dir/C_/Users/zjxu/Pico-v1.5.1/pico-sdk/src/rp2_common/pico_bootrom/bootrom.c.obj
                0x100036b0                rom_funcs_lookup
 *fill*         0x100036e6        0x2 
 .text.__wrap___aeabi_idiv
                0x100036e8       0x50 CMakeFiles/uart.dir/C_/Users/zjxu/Pico-v1.5.1/pico-sdk/src/rp2_common/pico_divider/divider.S.obj
                0x100036e8                __wrap___aeabi_idivmod
                0x100036e8                divmod_s32s32
                0x100036e8                div_s32s32
                0x100036e8                __wrap___aeabi_idiv
                0x100036f0                divmod_s32s32_unsafe
                0x1000371c                divmod_s32s32_savestate
 .text.__wrap___aeabi_uidiv
                0x10003738       0x4c CMakeFiles/uart.dir/C_/Users/zjxu/Pico-v1.5.1/pico-sdk/src/rp2_common/pico_divider/divider.S.obj
                0x10003738                __wrap___aeabi_uidiv
                0x10003738                __wrap___aeabi_uidivmod
                0x10003738                div_u32u32
                0x10003738                divmod_u32u32
                0x10003740                divmod_u32u32_unsafe
                0x10003768                divmod_u32u32_savestate
 .text.__wrap___aeabi_ldiv
                0x10003784      0x424 CMakeFiles/uart.dir/C_/Users/zjxu/Pico-v1.5.1/pico-sdk/src/rp2_common/pico_divider/divider.S.obj
                0x10003784                div_s64s64
                0x10003784                divmod_s64s64
                0x10003784                __wrap___aeabi_ldivmod
                0x100037b4                divmod_u64u64
                0x100037b4                div_u64u64
                0x100037b4                __wrap___aeabi_uldivmod
                0x100037c4                divmod_u64u64_savestate
                0x100037e4                divmod_s64s64_unsafe
                0x1000386c                divmod_u64u64_unsafe
 .text.__wrap___aeabi_darithmetic
                0x10003ba8       0x80 CMakeFiles/uart.dir/C_/Users/zjxu/Pico-v1.5.1/pico-sdk/src/rp2_common/pico_double/double_aeabi.S.obj
                0x10003ba8                __wrap___aeabi_drsub
                0x10003bae                __wrap___aeabi_dsub
                0x10003bc0                __wrap___aeabi_dadd
                0x10003bd2                __wrap___aeabi_ddiv
                0x10003c0e                __wrap___aeabi_dmul
 .text.__wrap___aeabi_cdcmple
                0x10003c28       0x6c CMakeFiles/uart.dir/C_/Users/zjxu/Pico-v1.5.1/pico-sdk/src/rp2_common/pico_double/double_aeabi.S.obj
                0x10003c28                __wrap___aeabi_cdrcmple
                0x10003c38                __wrap___aeabi_cdcmpeq
                0x10003c38                __wrap___aeabi_cdcmple
 .text.__wrap___aeabi_dcmplt
                0x10003c94        0xc CMakeFiles/uart.dir/C_/Users/zjxu/Pico-v1.5.1/pico-sdk/src/rp2_common/pico_double/double_aeabi.S.obj
                0x10003c94                __wrap___aeabi_dcmplt
 .text.__wrap___aeabi_dcmple
                0x10003ca0       0x10 CMakeFiles/uart.dir/C_/Users/zjxu/Pico-v1.5.1/pico-sdk/src/rp2_common/pico_double/double_aeabi.S.obj
                0x10003ca0                __wrap___aeabi_dcmple
 .text.__wrap___aeabi_dcmpge
                0x10003cb0       0x10 CMakeFiles/uart.dir/C_/Users/zjxu/Pico-v1.5.1/pico-sdk/src/rp2_common/pico_double/double_aeabi.S.obj
                0x10003cb0                __wrap___aeabi_dcmpge
 .text.__wrap___aeabi_dcmpgt
                0x10003cc0        0xa CMakeFiles/uart.dir/C_/Users/zjxu/Pico-v1.5.1/pico-sdk/src/rp2_common/pico_double/double_aeabi.S.obj
                0x10003cc0                __wrap___aeabi_dcmpgt
 .text.__wrap___aeabi_dcmpun
                0x10003cca       0x1c CMakeFiles/uart.dir/C_/Users/zjxu/Pico-v1.5.1/pico-sdk/src/rp2_common/pico_double/double_aeabi.S.obj
                0x10003cca                __wrap___aeabi_dcmpun
 *fill*         0x10003ce6        0x2 
 .text.__wrap___aeabi_i2d
                0x10003ce8       0x38 CMakeFiles/uart.dir/C_/Users/zjxu/Pico-v1.5.1/pico-sdk/src/rp2_common/pico_double/double_aeabi.S.obj
                0x10003ce8                __wrap___aeabi_ui2d
                0x10003cf0                __wrap___aeabi_i2d
 .text.__wrap___aeabi_d2iz
                0x10003d20       0x48 CMakeFiles/uart.dir/C_/Users/zjxu/Pico-v1.5.1/pico-sdk/src/rp2_common/pico_double/double_aeabi.S.obj
                0x10003d20                double2int_z
                0x10003d20                __wrap___aeabi_d2iz
 .text.__wrap___aeabi_d2uiz
                0x10003d68       0x18 CMakeFiles/uart.dir/C_/Users/zjxu/Pico-v1.5.1/pico-sdk/src/rp2_common/pico_double/double_aeabi.S.obj
                0x10003d68                __wrap___aeabi_d2uiz
                0x10003d68                double2uint
 .text.__aeabi_double_init
                0x10003d80       0xc8 CMakeFiles/uart.dir/C_/Users/zjxu/Pico-v1.5.1/pico-sdk/src/rp2_common/pico_double/double_init_rom.c.obj
                0x10003d80                __aeabi_double_init
 .text.double_table_shim_on_use_helper
                0x10003e48       0x34 CMakeFiles/uart.dir/C_/Users/zjxu/Pico-v1.5.1/pico-sdk/src/rp2_common/pico_double/double_v1_rom_shim.S.obj
                0x10003e48                double_table_shim_on_use_helper
 .text.__wrap___aeabi_dsub
                0x10003e7c       0x10 CMakeFiles/uart.dir/C_/Users/zjxu/Pico-v1.5.1/pico-sdk/src/rp2_common/pico_double/double_v1_rom_shim.S.obj
                0x10003e7c                drsub_shim
                0x10003e82                dsub_shim
 .text.dadd_shim
                0x10003e8c      0x15c CMakeFiles/uart.dir/C_/Users/zjxu/Pico-v1.5.1/pico-sdk/src/rp2_common/pico_double/double_v1_rom_shim.S.obj
                0x10003e8c                dadd_shim
 .text.dmul_shim
                0x10003fe8      0x15c CMakeFiles/uart.dir/C_/Users/zjxu/Pico-v1.5.1/pico-sdk/src/rp2_common/pico_double/double_v1_rom_shim.S.obj
                0x10003fe8                dmul_shim
 .text.ddiv_shim
                0x10004144      0x1b0 CMakeFiles/uart.dir/C_/Users/zjxu/Pico-v1.5.1/pico-sdk/src/rp2_common/pico_double/double_v1_rom_shim.S.obj
                0x10004144                ddiv_shim
 .text.double2uint_shim
                0x100042f4        0xe CMakeFiles/uart.dir/C_/Users/zjxu/Pico-v1.5.1/pico-sdk/src/rp2_common/pico_double/double_v1_rom_shim.S.obj
                0x100042f4                double2uint_shim
                0x100042f6                double2ufix_shim
 *fill*         0x10004302        0x2 
 .text.double2uint64_shim
                0x10004304       0x70 CMakeFiles/uart.dir/C_/Users/zjxu/Pico-v1.5.1/pico-sdk/src/rp2_common/pico_double/double_v1_rom_shim.S.obj
                0x10004304                double2uint64_shim
                0x10004306                double2ufix64_shim
                0x10004326                d2fix_a
 .text.dunpacks
                0x10004374       0x3c CMakeFiles/uart.dir/C_/Users/zjxu/Pico-v1.5.1/pico-sdk/src/rp2_common/pico_double/double_v1_rom_shim.S.obj
                0x10004374                dunpacks
 .text.__aeabi_lmul
                0x100043b0       0x32 CMakeFiles/uart.dir/C_/Users/zjxu/Pico-v1.5.1/pico-sdk/src/rp2_common/pico_int64_ops/pico_int64_ops_aeabi.S.obj
                0x100043b0                __wrap___aeabi_lmul
 *fill*         0x100043e2        0x2 
 .text.__aeabi_float_init
                0x100043e4       0xfc CMakeFiles/uart.dir/C_/Users/zjxu/Pico-v1.5.1/pico-sdk/src/rp2_common/pico_float/float_init_rom.c.obj
                0x100043e4                __aeabi_float_init
 .text.float_table_shim_on_use_helper
                0x100044e0       0x34 CMakeFiles/uart.dir/C_/Users/zjxu/Pico-v1.5.1/pico-sdk/src/rp2_common/pico_float/float_v1_rom_shim.S.obj
                0x100044e0                float_table_shim_on_use_helper
 .text          0x10004514       0x10 CMakeFiles/uart.dir/C_/Users/zjxu/Pico-v1.5.1/pico-sdk/src/rp2_common/pico_mem_ops/mem_ops_aeabi.S.obj
                0x10004514                __aeabi_mem_init
 .text.memset   0x10004524        0xc CMakeFiles/uart.dir/C_/Users/zjxu/Pico-v1.5.1/pico-sdk/src/rp2_common/pico_mem_ops/mem_ops_aeabi.S.obj
                0x10004524                __wrap_memset
 .text.memcpy   0x10004530        0xc CMakeFiles/uart.dir/C_/Users/zjxu/Pico-v1.5.1/pico-sdk/src/rp2_common/pico_mem_ops/mem_ops_aeabi.S.obj
                0x10004530                __wrap_memcpy
                0x10004530                __wrap___aeabi_memcpy
 .text.stdio_out_chars_no_crlf
                0x1000453c        0xe CMakeFiles/uart.dir/C_/Users/zjxu/Pico-v1.5.1/pico-sdk/src/rp2_common/pico_stdio/stdio.c.obj
 *fill*         0x1000454a        0x2 
 .text.stdio_out_chars_crlf
                0x1000454c       0x80 CMakeFiles/uart.dir/C_/Users/zjxu/Pico-v1.5.1/pico-sdk/src/rp2_common/pico_stdio/stdio.c.obj
 .text.stdio_stack_buffer_flush
                0x100045cc       0x44 CMakeFiles/uart.dir/C_/Users/zjxu/Pico-v1.5.1/pico-sdk/src/rp2_common/pico_stdio/stdio.c.obj
 .text.stdio_buffered_printer
                0x10004610       0x20 CMakeFiles/uart.dir/C_/Users/zjxu/Pico-v1.5.1/pico-sdk/src/rp2_common/pico_stdio/stdio.c.obj
 .text.stdout_serialize_begin
                0x10004630       0x5c CMakeFiles/uart.dir/C_/Users/zjxu/Pico-v1.5.1/pico-sdk/src/rp2_common/pico_stdio/stdio.c.obj
                0x10004630                stdout_serialize_begin
 .text.stdout_serialize_end
                0x1000468c       0x10 CMakeFiles/uart.dir/C_/Users/zjxu/Pico-v1.5.1/pico-sdk/src/rp2_common/pico_stdio/stdio.c.obj
                0x1000468c                stdout_serialize_end
 .text.stdio_put_string
                0x1000469c       0x98 CMakeFiles/uart.dir/C_/Users/zjxu/Pico-v1.5.1/pico-sdk/src/rp2_common/pico_stdio/stdio.c.obj
 .text.stdio_set_driver_enabled
                0x10004734       0x2c CMakeFiles/uart.dir/C_/Users/zjxu/Pico-v1.5.1/pico-sdk/src/rp2_common/pico_stdio/stdio.c.obj
                0x10004734                stdio_set_driver_enabled
 .text.stdio_flush
                0x10004760       0x20 CMakeFiles/uart.dir/C_/Users/zjxu/Pico-v1.5.1/pico-sdk/src/rp2_common/pico_stdio/stdio.c.obj
                0x10004760                stdio_flush
 .text.__wrap_puts
                0x10004780       0x1e CMakeFiles/uart.dir/C_/Users/zjxu/Pico-v1.5.1/pico-sdk/src/rp2_common/pico_stdio/stdio.c.obj
                0x10004780                __wrap_puts
 *fill*         0x1000479e        0x2 
 .text.__wrap_vprintf
                0x100047a0       0x40 CMakeFiles/uart.dir/C_/Users/zjxu/Pico-v1.5.1/pico-sdk/src/rp2_common/pico_stdio/stdio.c.obj
                0x100047a0                __wrap_vprintf
 .text.__wrap_printf
                0x100047e0       0x18 CMakeFiles/uart.dir/C_/Users/zjxu/Pico-v1.5.1/pico-sdk/src/rp2_common/pico_stdio/stdio.c.obj
                0x100047e0                __wrap_printf
 .text.stdio_init_all
                0x100047f8        0xa CMakeFiles/uart.dir/C_/Users/zjxu/Pico-v1.5.1/pico-sdk/src/rp2_common/pico_stdio/stdio.c.obj
                0x100047f8                stdio_init_all
 *fill*         0x10004802        0x2 
 .text.stdio_uart_out_chars
                0x10004804       0x74 CMakeFiles/uart.dir/C_/Users/zjxu/Pico-v1.5.1/pico-sdk/src/rp2_common/pico_stdio_uart/stdio_uart.c.obj
 .text.stdio_uart_in_chars
                0x10004878       0x80 CMakeFiles/uart.dir/C_/Users/zjxu/Pico-v1.5.1/pico-sdk/src/rp2_common/pico_stdio_uart/stdio_uart.c.obj
                0x10004878                stdio_uart_in_chars
 .text.on_uart_rx
                0x100048f8       0x28 CMakeFiles/uart.dir/C_/Users/zjxu/Pico-v1.5.1/pico-sdk/src/rp2_common/pico_stdio_uart/stdio_uart.c.obj
 .text.stdio_uart_set_chars_available_callback
                0x10004920       0x8c CMakeFiles/uart.dir/C_/Users/zjxu/Pico-v1.5.1/pico-sdk/src/rp2_common/pico_stdio_uart/stdio_uart.c.obj
 .text.stdio_uart_init_full
                0x100049ac       0x44 CMakeFiles/uart.dir/C_/Users/zjxu/Pico-v1.5.1/pico-sdk/src/rp2_common/pico_stdio_uart/stdio_uart.c.obj
                0x100049ac                stdio_uart_init_full
 .text.stdio_uart_init
                0x100049f0       0x28 CMakeFiles/uart.dir/C_/Users/zjxu/Pico-v1.5.1/pico-sdk/src/rp2_common/pico_stdio_uart/stdio_uart.c.obj
                0x100049f0                stdio_uart_init
 .text.i2c_write_blocking_internal
                0x10004a18      0x140 CMakeFiles/uart.dir/C_/Users/zjxu/Pico-v1.5.1/pico-sdk/src/rp2_common/hardware_i2c/i2c.c.obj
 .text.i2c_set_baudrate
                0x10004b58       0xf0 CMakeFiles/uart.dir/C_/Users/zjxu/Pico-v1.5.1/pico-sdk/src/rp2_common/hardware_i2c/i2c.c.obj
                0x10004b58                i2c_set_baudrate
 .text.i2c_init
                0x10004c48       0x58 CMakeFiles/uart.dir/C_/Users/zjxu/Pico-v1.5.1/pico-sdk/src/rp2_common/hardware_i2c/i2c.c.obj
                0x10004c48                i2c_init
 .text.i2c_write_blocking
                0x10004ca0       0x18 CMakeFiles/uart.dir/C_/Users/zjxu/Pico-v1.5.1/pico-sdk/src/rp2_common/hardware_i2c/i2c.c.obj
                0x10004ca0                i2c_write_blocking
 .text.strlen   0x10004cb8       0x5c c:/progra~1/raspbe~1/picosd~1.1/gcc-ar~1/bin/../lib/gcc/arm-none-eabi/10.3.1/../../../../arm-none-eabi/lib/thumb/v6-m/nofp\libg.a(lib_a-strlen-stub.o)
                0x10004cb8                strlen
 *(.fini)
 .fini          0x10004d14        0x4 c:/progra~1/raspbe~1/picosd~1.1/gcc-ar~1/bin/../lib/gcc/arm-none-eabi/10.3.1/thumb/v6-m/nofp/crti.o
                0x10004d14                _fini
 .fini.__stub   0x10004d18       0x40 linker stubs
 *crtbegin.o(.ctors)
 *crtbegin?.o(.ctors)
 *(EXCLUDE_FILE(*crtend.o *crtend?.o) .ctors)
 *(SORT_BY_NAME(.ctors.*))
 *(.ctors)
 *crtbegin.o(.dtors)
 *crtbegin?.o(.dtors)
 *(EXCLUDE_FILE(*crtend.o *crtend?.o) .dtors)
 *(SORT_BY_NAME(.dtors.*))
 *(.dtors)
 *(.eh_frame*)
 .eh_frame      0x10004d58        0x0 c:/progra~1/raspbe~1/picosd~1.1/gcc-ar~1/bin/../lib/gcc/arm-none-eabi/10.3.1/thumb/v6-m/nofp/crtbegin.o
                0x10004d58                . = ALIGN (0x4)

.glue_7         0x10004d58        0x0
 .glue_7        0x10004d58        0x0 linker stubs

.glue_7t        0x10004d58        0x0
 .glue_7t       0x10004d58        0x0 linker stubs

.vfp11_veneer   0x10004d58        0x0
 .vfp11_veneer  0x10004d58        0x0 linker stubs

.v4_bx          0x10004d58        0x0
 .v4_bx         0x10004d58        0x0 linker stubs

.iplt           0x10004d58        0x0
 .iplt          0x10004d58        0x0 c:/progra~1/raspbe~1/picosd~1.1/gcc-ar~1/bin/../lib/gcc/arm-none-eabi/10.3.1/thumb/v6-m/nofp/crtbegin.o

.rodata         0x10004d58     0x11f8
 *(EXCLUDE_FILE(*libm.a: *libc.a:*lib_a-mem*.o *libgcc.a:) .rodata*)
 .rodata.ASCII  0x10004d58      0x1e0 CMakeFiles/uart.dir/uart.c.obj
 .rodata.make_branch.str1.4
                0x10004f38       0x75 CMakeFiles/uart.dir/C_/Users/zjxu/Pico-v1.5.1/pico-sdk/src/rp2_common/hardware_irq/irq.c.obj
 *fill*         0x10004fad        0x3 
 .rodata.insert_branch_and_link.str1.4
                0x10004fb0       0x10 CMakeFiles/uart.dir/C_/Users/zjxu/Pico-v1.5.1/pico-sdk/src/rp2_common/hardware_irq/irq.c.obj
 .rodata.irq_set_exclusive_handler.str1.4
                0x10004fc0       0x36 CMakeFiles/uart.dir/C_/Users/zjxu/Pico-v1.5.1/pico-sdk/src/rp2_common/hardware_irq/irq.c.obj
 *fill*         0x10004ff6        0x2 
 .rodata.irq_add_shared_handler.str1.4
                0x10004ff8       0xd9 CMakeFiles/uart.dir/C_/Users/zjxu/Pico-v1.5.1/pico-sdk/src/rp2_common/hardware_irq/irq.c.obj
 *fill*         0x100050d1        0x3 
 .rodata.irq_remove_handler.str1.4
                0x100050d4       0x3a CMakeFiles/uart.dir/C_/Users/zjxu/Pico-v1.5.1/pico-sdk/src/rp2_common/hardware_irq/irq.c.obj
 *fill*         0x1000510e        0x2 
 .rodata.irq_add_tail_to_free_list.str1.4
                0x10005110       0x3a CMakeFiles/uart.dir/C_/Users/zjxu/Pico-v1.5.1/pico-sdk/src/rp2_common/hardware_irq/irq.c.obj
 *fill*         0x1000514a        0x2 
 .rodata.__func__.0
                0x1000514c       0x1a CMakeFiles/uart.dir/C_/Users/zjxu/Pico-v1.5.1/pico-sdk/src/rp2_common/hardware_irq/irq.c.obj
 *fill*         0x10005166        0x2 
 .rodata.__func__.1
                0x10005168       0x17 CMakeFiles/uart.dir/C_/Users/zjxu/Pico-v1.5.1/pico-sdk/src/rp2_common/hardware_irq/irq.c.obj
 *fill*         0x1000517f        0x1 
 .rodata.__func__.2
                0x10005180       0x13 CMakeFiles/uart.dir/C_/Users/zjxu/Pico-v1.5.1/pico-sdk/src/rp2_common/hardware_irq/irq.c.obj
 *fill*         0x10005193        0x1 
 .rodata.__func__.3
                0x10005194        0xc CMakeFiles/uart.dir/C_/Users/zjxu/Pico-v1.5.1/pico-sdk/src/rp2_common/hardware_irq/irq.c.obj
 .rodata.__func__.4
                0x100051a0        0xf CMakeFiles/uart.dir/C_/Users/zjxu/Pico-v1.5.1/pico-sdk/src/rp2_common/hardware_irq/irq.c.obj
 *fill*         0x100051af        0x1 
 .rodata.__func__.6
                0x100051b0       0x1a CMakeFiles/uart.dir/C_/Users/zjxu/Pico-v1.5.1/pico-sdk/src/rp2_common/hardware_irq/irq.c.obj
 *fill*         0x100051ca        0x2 
 .rodata.str1.4
                0x100051cc       0xfd CMakeFiles/uart.dir/C_/Users/zjxu/Pico-v1.5.1/pico-sdk/src/common/pico_sync/mutex.c.obj
 *fill*         0x100052c9        0x3 
 .rodata.__func__.1
                0x100052cc        0xb CMakeFiles/uart.dir/C_/Users/zjxu/Pico-v1.5.1/pico-sdk/src/common/pico_sync/mutex.c.obj
 *fill*         0x100052d7        0x1 
 .rodata.__func__.3
                0x100052d8       0x18 CMakeFiles/uart.dir/C_/Users/zjxu/Pico-v1.5.1/pico-sdk/src/common/pico_sync/mutex.c.obj
 .rodata.repeating_timer_callback.str1.4
                0x100052f0       0x53 CMakeFiles/uart.dir/C_/Users/zjxu/Pico-v1.5.1/pico-sdk/src/common/pico_time/time.c.obj
 *fill*         0x10005343        0x1 
 .rodata.timer_pool_entry_comparator.str1.4
                0x10005344       0x22 CMakeFiles/uart.dir/C_/Users/zjxu/Pico-v1.5.1/pico-sdk/src/common/pico_time/time.c.obj
 *fill*         0x10005366        0x2 
 .rodata.ph_add_child_node.str1.4
                0x10005368       0x9e CMakeFiles/uart.dir/C_/Users/zjxu/Pico-v1.5.1/pico-sdk/src/common/pico_time/time.c.obj
 *fill*         0x10005406        0x2 
 .rodata.add_alarm_under_lock.str1.4
                0x10005408       0x28 CMakeFiles/uart.dir/C_/Users/zjxu/Pico-v1.5.1/pico-sdk/src/common/pico_time/time.c.obj
                                 0x2b (size before relaxing)
 .rodata.alarm_pool_alarm_callback.str1.4
                0x10005430       0x98 CMakeFiles/uart.dir/C_/Users/zjxu/Pico-v1.5.1/pico-sdk/src/common/pico_time/time.c.obj
                                0x104 (size before relaxing)
 .rodata.alarm_pool_get_default.str1.4
                0x100054c8       0x21 CMakeFiles/uart.dir/C_/Users/zjxu/Pico-v1.5.1/pico-sdk/src/common/pico_time/time.c.obj
 *fill*         0x100054e9        0x3 
 .rodata.alarm_pool_cancel_alarm.str1.4
                0x100054ec       0x27 CMakeFiles/uart.dir/C_/Users/zjxu/Pico-v1.5.1/pico-sdk/src/common/pico_time/time.c.obj
 *fill*         0x10005513        0x1 
 .rodata.sleep_until.str1.4
                0x10005514       0x4d CMakeFiles/uart.dir/C_/Users/zjxu/Pico-v1.5.1/pico-sdk/src/common/pico_time/time.c.obj
 *fill*         0x10005561        0x3 
 .rodata.__func__.1
                0x10005564       0x18 CMakeFiles/uart.dir/C_/Users/zjxu/Pico-v1.5.1/pico-sdk/src/common/pico_time/time.c.obj
 .rodata.__func__.10
                0x1000557c       0x15 CMakeFiles/uart.dir/C_/Users/zjxu/Pico-v1.5.1/pico-sdk/src/common/pico_time/time.c.obj
 *fill*         0x10005591        0x3 
 .rodata.__func__.11
                0x10005594       0x1a CMakeFiles/uart.dir/C_/Users/zjxu/Pico-v1.5.1/pico-sdk/src/common/pico_time/time.c.obj
 *fill*         0x100055ae        0x2 
 .rodata.__func__.12
                0x100055b0        0xa CMakeFiles/uart.dir/C_/Users/zjxu/Pico-v1.5.1/pico-sdk/src/common/pico_time/time.c.obj
 *fill*         0x100055ba        0x2 
 .rodata.__func__.3
                0x100055bc       0x17 CMakeFiles/uart.dir/C_/Users/zjxu/Pico-v1.5.1/pico-sdk/src/common/pico_time/time.c.obj
 *fill*         0x100055d3        0x1 
 .rodata.__func__.4
                0x100055d4       0x12 CMakeFiles/uart.dir/C_/Users/zjxu/Pico-v1.5.1/pico-sdk/src/common/pico_time/time.c.obj
 *fill*         0x100055e6        0x2 
 .rodata.__func__.5
                0x100055e8        0xd CMakeFiles/uart.dir/C_/Users/zjxu/Pico-v1.5.1/pico-sdk/src/common/pico_time/time.c.obj
 *fill*         0x100055f5        0x3 
 .rodata.__func__.6
                0x100055f8       0x12 CMakeFiles/uart.dir/C_/Users/zjxu/Pico-v1.5.1/pico-sdk/src/common/pico_time/time.c.obj
 *fill*         0x1000560a        0x2 
 .rodata.__func__.7
                0x1000560c        0xf CMakeFiles/uart.dir/C_/Users/zjxu/Pico-v1.5.1/pico-sdk/src/common/pico_time/time.c.obj
 *fill*         0x1000561b        0x1 
 .rodata.__func__.8
                0x1000561c        0xc CMakeFiles/uart.dir/C_/Users/zjxu/Pico-v1.5.1/pico-sdk/src/common/pico_time/time.c.obj
 .rodata.__func__.9
                0x10005628       0x15 CMakeFiles/uart.dir/C_/Users/zjxu/Pico-v1.5.1/pico-sdk/src/common/pico_time/time.c.obj
 *fill*         0x1000563d        0x3 
 .rodata.hardware_alarm_claim.str1.4
                0x10005640       0x22 CMakeFiles/uart.dir/C_/Users/zjxu/Pico-v1.5.1/pico-sdk/src/rp2_common/hardware_timer/timer.c.obj
 .rodata.busy_wait_us.str1.4
                0x10005662       0x69 CMakeFiles/uart.dir/C_/Users/zjxu/Pico-v1.5.1/pico-sdk/src/rp2_common/hardware_timer/timer.c.obj
 *fill*         0x10005662        0x2 
 .rodata.hardware_alarm_set_target.str1.4
                0x10005664       0x6d CMakeFiles/uart.dir/C_/Users/zjxu/Pico-v1.5.1/pico-sdk/src/rp2_common/hardware_timer/timer.c.obj
 *fill*         0x100056d1        0x3 
 .rodata.__func__.0
                0x100056d4       0x1a CMakeFiles/uart.dir/C_/Users/zjxu/Pico-v1.5.1/pico-sdk/src/rp2_common/hardware_timer/timer.c.obj
 *fill*         0x100056ee        0x2 
 .rodata.__func__.1
                0x100056f0       0x15 CMakeFiles/uart.dir/C_/Users/zjxu/Pico-v1.5.1/pico-sdk/src/rp2_common/hardware_timer/timer.c.obj
 .rodata.ph_add_child_node.str1.4
                0x10005705       0x9e CMakeFiles/uart.dir/C_/Users/zjxu/Pico-v1.5.1/pico-sdk/src/common/pico_util/pheap.c.obj
 *fill*         0x10005705        0x3 
 .rodata.ph_remove_any_head.str1.4
                0x10005708       0x94 CMakeFiles/uart.dir/C_/Users/zjxu/Pico-v1.5.1/pico-sdk/src/common/pico_util/pheap.c.obj
                                 0xa8 (size before relaxing)
 .rodata.ph_remove_and_free_node.str1.4
                0x1000579c       0x1e CMakeFiles/uart.dir/C_/Users/zjxu/Pico-v1.5.1/pico-sdk/src/common/pico_util/pheap.c.obj
                                 0x26 (size before relaxing)
 *fill*         0x100057ba        0x2 
 .rodata.__func__.0
                0x100057bc       0x18 CMakeFiles/uart.dir/C_/Users/zjxu/Pico-v1.5.1/pico-sdk/src/common/pico_util/pheap.c.obj
 .rodata.__func__.1
                0x100057d4       0x13 CMakeFiles/uart.dir/C_/Users/zjxu/Pico-v1.5.1/pico-sdk/src/common/pico_util/pheap.c.obj
 *fill*         0x100057e7        0x1 
 .rodata.__func__.2
                0x100057e8       0x12 CMakeFiles/uart.dir/C_/Users/zjxu/Pico-v1.5.1/pico-sdk/src/common/pico_util/pheap.c.obj
 *fill*         0x100057fa        0x2 
 .rodata.__func__.3
                0x100057fc        0xc CMakeFiles/uart.dir/C_/Users/zjxu/Pico-v1.5.1/pico-sdk/src/common/pico_util/pheap.c.obj
 .rodata.clock_configure.str1.4
                0x10005808       0x5f CMakeFiles/uart.dir/C_/Users/zjxu/Pico-v1.5.1/pico-sdk/src/rp2_common/hardware_clocks/clocks.c.obj
 *fill*         0x10005867        0x1 
 .rodata.__func__.1
                0x10005868       0x10 CMakeFiles/uart.dir/C_/Users/zjxu/Pico-v1.5.1/pico-sdk/src/rp2_common/hardware_clocks/clocks.c.obj
 .rodata.pll_init.str1.4
                0x10005878      0x12c CMakeFiles/uart.dir/C_/Users/zjxu/Pico-v1.5.1/pico-sdk/src/rp2_common/hardware_pll/pll.c.obj
 .rodata.__func__.0
                0x100059a4        0x9 CMakeFiles/uart.dir/C_/Users/zjxu/Pico-v1.5.1/pico-sdk/src/rp2_common/hardware_pll/pll.c.obj
 *fill*         0x100059ad        0x3 
 .rodata.__assert_func.str1.4
                0x100059b0       0x3f CMakeFiles/uart.dir/C_/Users/zjxu/Pico-v1.5.1/pico-sdk/src/rp2_common/pico_runtime/runtime.c.obj
                                 0x43 (size before relaxing)
 *fill*         0x100059ef        0x1 
 .rodata.runtime_init.str1.4
                0x100059f0       0x69 CMakeFiles/uart.dir/C_/Users/zjxu/Pico-v1.5.1/pico-sdk/src/rp2_common/pico_runtime/runtime.c.obj
 *fill*         0x10005a59        0x3 
 .rodata.panic.str1.4
                0x10005a5c       0x12 CMakeFiles/uart.dir/C_/Users/zjxu/Pico-v1.5.1/pico-sdk/src/rp2_common/pico_runtime/runtime.c.obj
 *fill*         0x10005a6e        0x2 
 .rodata.__func__.2
                0x10005a70        0xd CMakeFiles/uart.dir/C_/Users/zjxu/Pico-v1.5.1/pico-sdk/src/rp2_common/pico_runtime/runtime.c.obj
 *fill*         0x10005a7d        0x3 
 .rodata._ftoa.str1.4
                0x10005a80       0x15 CMakeFiles/uart.dir/C_/Users/zjxu/Pico-v1.5.1/pico-sdk/src/rp2_common/pico_printf/printf.c.obj
 *fill*         0x10005a95        0x3 
 .rodata._vsnprintf
                0x10005a98      0x1e0 CMakeFiles/uart.dir/C_/Users/zjxu/Pico-v1.5.1/pico-sdk/src/rp2_common/pico_printf/printf.c.obj
 .rodata.pow10.0
                0x10005c78       0x50 CMakeFiles/uart.dir/C_/Users/zjxu/Pico-v1.5.1/pico-sdk/src/rp2_common/pico_printf/printf.c.obj
 .rodata.__aeabi_double_init.str1.4
                0x10005cc8       0xa4 CMakeFiles/uart.dir/C_/Users/zjxu/Pico-v1.5.1/pico-sdk/src/rp2_common/pico_double/double_init_rom.c.obj
 .rodata.__func__.0
                0x10005d6c       0x14 CMakeFiles/uart.dir/C_/Users/zjxu/Pico-v1.5.1/pico-sdk/src/rp2_common/pico_double/double_init_rom.c.obj
 .rodata.__aeabi_float_init.str1.4
                0x10005d80       0x82 CMakeFiles/uart.dir/C_/Users/zjxu/Pico-v1.5.1/pico-sdk/src/rp2_common/pico_float/float_init_rom.c.obj
                                 0x86 (size before relaxing)
 *fill*         0x10005e02        0x2 
 .rodata.__func__.0
                0x10005e04       0x13 CMakeFiles/uart.dir/C_/Users/zjxu/Pico-v1.5.1/pico-sdk/src/rp2_common/pico_float/float_init_rom.c.obj
 *fill*         0x10005e17        0x1 
 .rodata.str1.4
                0x10005e18       0x3c CMakeFiles/uart.dir/C_/Users/zjxu/Pico-v1.5.1/pico-sdk/src/rp2_common/pico_standard_link/binary_info.c.obj
 .rodata.__bi_44
                0x10005e54        0xc CMakeFiles/uart.dir/C_/Users/zjxu/Pico-v1.5.1/pico-sdk/src/rp2_common/pico_standard_link/binary_info.c.obj
 .rodata.__bi_75
                0x10005e60        0xc CMakeFiles/uart.dir/C_/Users/zjxu/Pico-v1.5.1/pico-sdk/src/rp2_common/pico_standard_link/binary_info.c.obj
 .rodata.__bi_81
                0x10005e6c        0xc CMakeFiles/uart.dir/C_/Users/zjxu/Pico-v1.5.1/pico-sdk/src/rp2_common/pico_standard_link/binary_info.c.obj
 .rodata.stdout_serialize_begin.str1.4
                0x10005e78       0x69 CMakeFiles/uart.dir/C_/Users/zjxu/Pico-v1.5.1/pico-sdk/src/rp2_common/pico_stdio/stdio.c.obj
 .rodata.__func__.3
                0x10005e78       0x15 CMakeFiles/uart.dir/C_/Users/zjxu/Pico-v1.5.1/pico-sdk/src/rp2_common/pico_stdio/stdio.c.obj
 *fill*         0x10005e8d        0x3 
 .rodata.crlf_str.2
                0x10005e90        0x2 CMakeFiles/uart.dir/C_/Users/zjxu/Pico-v1.5.1/pico-sdk/src/rp2_common/pico_stdio/stdio.c.obj
 *fill*         0x10005e92        0x2 
 .rodata.str1.4
                0x10005e94       0x2c CMakeFiles/uart.dir/C_/Users/zjxu/Pico-v1.5.1/pico-sdk/src/rp2_common/pico_stdio_uart/stdio_uart.c.obj
 .rodata.__bi_33.4
                0x10005ec0        0xc CMakeFiles/uart.dir/C_/Users/zjxu/Pico-v1.5.1/pico-sdk/src/rp2_common/pico_stdio_uart/stdio_uart.c.obj
 .rodata.__bi_34.5
                0x10005ecc        0x8 CMakeFiles/uart.dir/C_/Users/zjxu/Pico-v1.5.1/pico-sdk/src/rp2_common/pico_stdio_uart/stdio_uart.c.obj
 .rodata.i2c_set_baudrate.str1.4
                0x10005ed4       0x65 CMakeFiles/uart.dir/C_/Users/zjxu/Pico-v1.5.1/pico-sdk/src/rp2_common/hardware_i2c/i2c.c.obj
 *fill*         0x10005f39        0x3 
 .rodata.__func__.0
                0x10005f3c       0x11 CMakeFiles/uart.dir/C_/Users/zjxu/Pico-v1.5.1/pico-sdk/src/rp2_common/hardware_i2c/i2c.c.obj
                0x10005f50                . = ALIGN (0x4)
 *fill*         0x10005f4d        0x3 
 *(SORT_BY_ALIGNMENT(SORT_BY_NAME(.flashdata*)))
                0x10005f50                . = ALIGN (0x4)

.ARM.extab
 *(.ARM.extab* .gnu.linkonce.armextab.*)
                0x10005f50                __exidx_start = .

.ARM.exidx
 *(.ARM.exidx* .gnu.linkonce.armexidx.*)
                0x10005f50                __exidx_end = .
                0x10005f50                . = ALIGN (0x4)
                0x10005f50                __binary_info_start = .

.binary_info    0x10005f50       0x24
 *(.binary_info.keep.*)
 .binary_info.keep.__bi_ptr22
                0x10005f50        0x4 CMakeFiles/uart.dir/C_/Users/zjxu/Pico-v1.5.1/pico-sdk/src/rp2_common/pico_standard_link/binary_info.c.obj
 .binary_info.keep.__bi_ptr30
                0x10005f54        0x4 CMakeFiles/uart.dir/C_/Users/zjxu/Pico-v1.5.1/pico-sdk/src/rp2_common/pico_standard_link/binary_info.c.obj
 .binary_info.keep.__bi_ptr38
                0x10005f58        0x4 CMakeFiles/uart.dir/C_/Users/zjxu/Pico-v1.5.1/pico-sdk/src/rp2_common/pico_standard_link/binary_info.c.obj
 .binary_info.keep.__bi_ptr44
                0x10005f5c        0x4 CMakeFiles/uart.dir/C_/Users/zjxu/Pico-v1.5.1/pico-sdk/src/rp2_common/pico_standard_link/binary_info.c.obj
 .binary_info.keep.__bi_ptr50
                0x10005f60        0x4 CMakeFiles/uart.dir/C_/Users/zjxu/Pico-v1.5.1/pico-sdk/src/rp2_common/pico_standard_link/binary_info.c.obj
 .binary_info.keep.__bi_ptr75
                0x10005f64        0x4 CMakeFiles/uart.dir/C_/Users/zjxu/Pico-v1.5.1/pico-sdk/src/rp2_common/pico_standard_link/binary_info.c.obj
 .binary_info.keep.__bi_ptr81
                0x10005f68        0x4 CMakeFiles/uart.dir/C_/Users/zjxu/Pico-v1.5.1/pico-sdk/src/rp2_common/pico_standard_link/binary_info.c.obj
 *(.binary_info.*)
 .binary_info.__bi_ptr33
                0x10005f6c        0x4 CMakeFiles/uart.dir/C_/Users/zjxu/Pico-v1.5.1/pico-sdk/src/rp2_common/pico_stdio_uart/stdio_uart.c.obj
 .binary_info.__bi_ptr34
                0x10005f70        0x4 CMakeFiles/uart.dir/C_/Users/zjxu/Pico-v1.5.1/pico-sdk/src/rp2_common/pico_stdio_uart/stdio_uart.c.obj
                0x10005f74                __binary_info_end = .

.rel.dyn        0x10005f74        0x0
 .rel.iplt      0x10005f74        0x0 c:/progra~1/raspbe~1/picosd~1.1/gcc-ar~1/bin/../lib/gcc/arm-none-eabi/10.3.1/thumb/v6-m/nofp/crtbegin.o
                0x10005f74                . = ALIGN (0x4)

.ram_vector_table
                0x20000000       0xc0
 *(.ram_vector_table)
 .ram_vector_table
                0x20000000       0xc0 CMakeFiles/uart.dir/C_/Users/zjxu/Pico-v1.5.1/pico-sdk/src/rp2_common/pico_runtime/runtime.c.obj
                0x20000000                ram_vector_table

.data           0x200000c0      0x24c load address 0x10005f74
                0x200000c0                __data_start__ = .
 *(vtable)
 *(.time_critical*)
 .time_critical.mutex_try_enter
                0x200000c0       0x46 CMakeFiles/uart.dir/C_/Users/zjxu/Pico-v1.5.1/pico-sdk/src/common/pico_sync/mutex.c.obj
                0x200000c0                mutex_try_enter
 *fill*         0x20000106        0x2 
 .time_critical.mutex_enter_block_until
                0x20000108       0x8c CMakeFiles/uart.dir/C_/Users/zjxu/Pico-v1.5.1/pico-sdk/src/common/pico_sync/mutex.c.obj
                0x20000108                mutex_enter_block_until
 .time_critical.mutex_try_enter_block_until
                0x20000194       0x34 CMakeFiles/uart.dir/C_/Users/zjxu/Pico-v1.5.1/pico-sdk/src/common/pico_sync/mutex.c.obj
                0x20000194                mutex_try_enter_block_until
 .time_critical.mutex_exit
                0x200001c8       0x4c CMakeFiles/uart.dir/C_/Users/zjxu/Pico-v1.5.1/pico-sdk/src/common/pico_sync/mutex.c.obj
                0x200001c8                mutex_exit
 *(.text*)
 .text          0x20000214        0x4 c:/progra~1/raspbe~1/picosd~1.1/gcc-ar~1/bin/../lib/gcc/arm-none-eabi/10.3.1/thumb/v6-m/nofp\libgcc.a(_dvmd_tls.o)
                0x20000214                __aeabi_idiv0
                0x20000214                __aeabi_ldiv0
 .text.__stub   0x20000218       0x20 linker stubs
                0x20000238                . = ALIGN (0x4)
 *(.rodata*)
                0x20000238                . = ALIGN (0x4)
 *(.data*)
 .data.SSD1306_ADDRESS
                0x20000238        0x1 CMakeFiles/uart.dir/ssd1306.c.obj
                0x20000238                SSD1306_ADDRESS
 .data.striped_spin_lock_num
                0x20000239        0x1 CMakeFiles/uart.dir/C_/Users/zjxu/Pico-v1.5.1/pico-sdk/src/rp2_common/hardware_sync/sync.c.obj
 *fill*         0x2000023a        0x2 
 .data          0x2000023c       0x48 CMakeFiles/uart.dir/C_/Users/zjxu/Pico-v1.5.1/pico-sdk/src/rp2_common/hardware_irq/irq_handler_chain.S.obj
                0x2000023c                irq_handler_chain_slots
                0x2000026c                irq_handler_chain_first_slot
                0x20000276                irq_handler_chain_remove_tail
 .data.default_alarm_pool
                0x20000284       0x18 CMakeFiles/uart.dir/C_/Users/zjxu/Pico-v1.5.1/pico-sdk/src/common/pico_time/time.c.obj
 .data.default_alarm_pool_heap
                0x2000029c       0x10 CMakeFiles/uart.dir/C_/Users/zjxu/Pico-v1.5.1/pico-sdk/src/common/pico_time/time.c.obj
 *fill*         0x200002ac        0x4 
 .data.aeabi_bits_funcs
                0x200002b0       0x10 CMakeFiles/uart.dir/C_/Users/zjxu/Pico-v1.5.1/pico-sdk/src/rp2_common/pico_bit_ops/bit_ops_aeabi.S.obj
                0x200002b0                aeabi_bits_funcs
                0x200002c0                aeabi_bits_funcs_end
 .data.aeabi_mem_funcs
                0x200002c0       0x10 CMakeFiles/uart.dir/C_/Users/zjxu/Pico-v1.5.1/pico-sdk/src/rp2_common/pico_mem_ops/mem_ops_aeabi.S.obj
                0x200002c0                aeabi_mem_funcs
                0x200002d0                aeabi_mem_funcs_end
 .data.stdio_uart
                0x200002d0       0x18 CMakeFiles/uart.dir/C_/Users/zjxu/Pico-v1.5.1/pico-sdk/src/rp2_common/pico_stdio_uart/stdio_uart.c.obj
                0x200002d0                stdio_uart
 .data.i2c0_inst
                0x200002e8        0x8 CMakeFiles/uart.dir/C_/Users/zjxu/Pico-v1.5.1/pico-sdk/src/rp2_common/hardware_i2c/i2c.c.obj
                0x200002e8                i2c0_inst
                0x200002f0                . = ALIGN (0x4)
 *(.after_data.*)
                0x200002f0                . = ALIGN (0x4)
                0x200002f0                PROVIDE (__mutex_array_start = .)
 *(SORT_BY_NAME(.mutex_array.*))
 *(.mutex_array)
 .mutex_array   0x200002f0        0x8 CMakeFiles/uart.dir/C_/Users/zjxu/Pico-v1.5.1/pico-sdk/src/rp2_common/pico_stdio/stdio.c.obj
                0x200002f8                PROVIDE (__mutex_array_end = .)
                0x200002f8                . = ALIGN (0x4)
                0x200002f8                PROVIDE (__preinit_array_start = .)
 *(SORT_BY_NAME(.preinit_array.*))
 .preinit_array.00001
                0x200002f8        0x4 CMakeFiles/uart.dir/C_/Users/zjxu/Pico-v1.5.1/pico-sdk/src/rp2_common/pico_mem_ops/mem_ops_aeabi.S.obj
 .preinit_array.00010
                0x200002fc        0x4 CMakeFiles/uart.dir/C_/Users/zjxu/Pico-v1.5.1/pico-sdk/src/rp2_common/pico_bit_ops/bit_ops_aeabi.S.obj
 .preinit_array.00020
                0x20000300        0x4 CMakeFiles/uart.dir/C_/Users/zjxu/Pico-v1.5.1/pico-sdk/src/rp2_common/pico_double/double_aeabi.S.obj
 .preinit_array.00020
                0x20000304        0x4 CMakeFiles/uart.dir/C_/Users/zjxu/Pico-v1.5.1/pico-sdk/src/rp2_common/pico_float/float_aeabi.S.obj
 *(.preinit_array)
                0x20000308                PROVIDE (__preinit_array_end = .)
                0x20000308                . = ALIGN (0x4)
                0x20000308                PROVIDE (__init_array_start = .)
 *(SORT_BY_NAME(.init_array.*))
 *(.init_array)
 .init_array    0x20000308        0x4 c:/progra~1/raspbe~1/picosd~1.1/gcc-ar~1/bin/../lib/gcc/arm-none-eabi/10.3.1/thumb/v6-m/nofp/crtbegin.o
                0x2000030c                PROVIDE (__init_array_end = .)
                0x2000030c                . = ALIGN (0x4)
                [!provide]                PROVIDE (__fini_array_start = .)
 *(SORT_BY_NAME(.fini_array.*))
 *(.fini_array)
                [!provide]                PROVIDE (__fini_array_end = .)
 *(.jcr)
                0x2000030c                . = ALIGN (0x4)
                0x2000030c                __data_end__ = .
                0x10005f74                __etext = LOADADDR (.data)

.igot.plt       0x2000030c        0x0 load address 0x100061c0
 .igot.plt      0x2000030c        0x0 c:/progra~1/raspbe~1/picosd~1.1/gcc-ar~1/bin/../lib/gcc/arm-none-eabi/10.3.1/thumb/v6-m/nofp/crtbegin.o

.uninitialized_data
                0x2000030c        0x0 load address 0x100061c0
                0x2000030c                . = ALIGN (0x4)
 *(.uninitialized_data*)

.scratch_x      0x20040000        0x0 load address 0x100061c0
                0x20040000                __scratch_x_start__ = .
 *(.scratch_x.*)
                0x20040000                . = ALIGN (0x4)
                0x20040000                __scratch_x_end__ = .
                0x100061c0                __scratch_x_source__ = LOADADDR (.scratch_x)

.scratch_y      0x20041000        0x0 load address 0x100061c0
                0x20041000                __scratch_y_start__ = .
 *(.scratch_y.*)
                0x20041000                . = ALIGN (0x4)
                0x20041000                __scratch_y_end__ = .
                0x100061c0                __scratch_y_source__ = LOADADDR (.scratch_y)

.bss            0x20000310      0x648
                0x20000310                . = ALIGN (0x4)
                0x20000310                __bss_start__ = .
 *(SORT_BY_ALIGNMENT(SORT_BY_NAME(.bss*)))
 .bss.default_alarm_pool_entries
                0x20000310      0x100 CMakeFiles/uart.dir/C_/Users/zjxu/Pico-v1.5.1/pico-sdk/src/common/pico_time/time.c.obj
 .bss           0x20000410       0x1c c:/progra~1/raspbe~1/picosd~1.1/gcc-ar~1/bin/../lib/gcc/arm-none-eabi/10.3.1/thumb/v6-m/nofp/crtbegin.o
 .bss.alarm_callbacks
                0x2000042c       0x10 CMakeFiles/uart.dir/C_/Users/zjxu/Pico-v1.5.1/pico-sdk/src/rp2_common/hardware_timer/timer.c.obj
 .bss.chars_available_callback
                0x2000043c        0x4 CMakeFiles/uart.dir/C_/Users/zjxu/Pico-v1.5.1/pico-sdk/src/rp2_common/pico_stdio_uart/stdio_uart.c.obj
 .bss.chars_available_param
                0x20000440        0x4 CMakeFiles/uart.dir/C_/Users/zjxu/Pico-v1.5.1/pico-sdk/src/rp2_common/pico_stdio_uart/stdio_uart.c.obj
 .bss.chars_rxed
                0x20000444        0x4 CMakeFiles/uart.dir/uart.c.obj
 .bss.configured_freq
                0x20000448       0x28 CMakeFiles/uart.dir/C_/Users/zjxu/Pico-v1.5.1/pico-sdk/src/rp2_common/hardware_clocks/clocks.c.obj
 .bss.default_alarm_pool_entry_ids_high
                0x20000470       0x10 CMakeFiles/uart.dir/C_/Users/zjxu/Pico-v1.5.1/pico-sdk/src/common/pico_time/time.c.obj
 .bss.default_alarm_pool_heap_nodes
                0x20000480       0x30 CMakeFiles/uart.dir/C_/Users/zjxu/Pico-v1.5.1/pico-sdk/src/common/pico_time/time.c.obj
 .bss.drivers   0x200004b0        0x4 CMakeFiles/uart.dir/C_/Users/zjxu/Pico-v1.5.1/pico-sdk/src/rp2_common/pico_stdio/stdio.c.obj
 .bss.filter    0x200004b4        0x4 CMakeFiles/uart.dir/C_/Users/zjxu/Pico-v1.5.1/pico-sdk/src/rp2_common/pico_stdio/stdio.c.obj
 .bss.message_index
                0x200004b8        0x4 CMakeFiles/uart.dir/uart.c.obj
 .bss.message_stored
                0x200004bc       0x64 CMakeFiles/uart.dir/uart.c.obj
 .bss.pools     0x20000520       0x10 CMakeFiles/uart.dir/C_/Users/zjxu/Pico-v1.5.1/pico-sdk/src/common/pico_time/time.c.obj
 .bss.sd_table  0x20000530      0x100 CMakeFiles/uart.dir/C_/Users/zjxu/Pico-v1.5.1/pico-sdk/src/rp2_common/pico_double/double_init_rom.c.obj
                0x20000530                sd_table
 .bss.sf_clz_func
                0x20000630        0x4 CMakeFiles/uart.dir/C_/Users/zjxu/Pico-v1.5.1/pico-sdk/src/rp2_common/pico_double/double_init_rom.c.obj
                0x20000630                sf_clz_func
 .bss.sf_table  0x20000634      0x100 CMakeFiles/uart.dir/C_/Users/zjxu/Pico-v1.5.1/pico-sdk/src/rp2_common/pico_float/float_init_rom.c.obj
                0x20000634                sf_table
 .bss.sleep_notifier
                0x20000734        0x4 CMakeFiles/uart.dir/C_/Users/zjxu/Pico-v1.5.1/pico-sdk/src/common/pico_time/time.c.obj
 .bss.ssd1306_buffer
                0x20000738      0x201 CMakeFiles/uart.dir/ssd1306.c.obj
                0x20000738                ssd1306_buffer
 *fill*         0x20000939        0x3 
 .bss.target_hi
                0x2000093c       0x10 CMakeFiles/uart.dir/C_/Users/zjxu/Pico-v1.5.1/pico-sdk/src/rp2_common/hardware_timer/timer.c.obj
 .bss.uart_char_to_line_feed
                0x2000094c        0x4 CMakeFiles/uart.dir/C_/Users/zjxu/Pico-v1.5.1/pico-sdk/src/rp2_common/hardware_uart/uart.c.obj
                0x2000094c                uart_char_to_line_feed
 .bss.uart_instance
                0x20000950        0x4 CMakeFiles/uart.dir/C_/Users/zjxu/Pico-v1.5.1/pico-sdk/src/rp2_common/pico_stdio_uart/stdio_uart.c.obj
 .bss.claimed   0x20000954        0x1 CMakeFiles/uart.dir/C_/Users/zjxu/Pico-v1.5.1/pico-sdk/src/rp2_common/hardware_timer/timer.c.obj
 .bss.irq_hander_chain_free_slot_head
                0x20000955        0x1 CMakeFiles/uart.dir/C_/Users/zjxu/Pico-v1.5.1/pico-sdk/src/rp2_common/hardware_irq/irq.c.obj
 .bss.timer_callbacks_pending
                0x20000956        0x1 CMakeFiles/uart.dir/C_/Users/zjxu/Pico-v1.5.1/pico-sdk/src/rp2_common/hardware_timer/timer.c.obj
 *(COMMON)
                0x20000958                . = ALIGN (0x4)
 *fill*         0x20000957        0x1 
                0x20000958                __bss_end__ = .

.heap           0x20000958      0x800
                0x20000958                __end__ = .
                0x20000958                end = __end__
 *(.heap*)
 .heap          0x20000958      0x800 CMakeFiles/uart.dir/C_/Users/zjxu/Pico-v1.5.1/pico-sdk/src/rp2_common/pico_standard_link/crt0.S.obj
                0x20001158                __HeapLimit = .

.stack1_dummy   0x20040000        0x0
 *(.stack1*)

.stack_dummy    0x20041000      0x800
 *(.stack*)
 .stack         0x20041000      0x800 CMakeFiles/uart.dir/C_/Users/zjxu/Pico-v1.5.1/pico-sdk/src/rp2_common/pico_standard_link/crt0.S.obj

.flash_end      0x100061c0        0x0
                0x100061c0                PROVIDE (__flash_binary_end = .)
                0x20040000                __StackLimit = (ORIGIN (RAM) + LENGTH (RAM))
                0x20041000                __StackOneTop = (ORIGIN (SCRATCH_X) + LENGTH (SCRATCH_X))
                0x20042000                __StackTop = (ORIGIN (SCRATCH_Y) + LENGTH (SCRATCH_Y))
                0x20041000                __StackOneBottom = (__StackOneTop - SIZEOF (.stack1_dummy))
                0x20041800                __StackBottom = (__StackTop - SIZEOF (.stack_dummy))
                0x20042000                PROVIDE (__stack = __StackTop)
                0x00000001                ASSERT ((__StackLimit >= __HeapLimit), region RAM overflowed)
                0x00000001                ASSERT (((__binary_info_header_end - __logical_binary_start) <= 0x100), Binary info must be in first 256 bytes of the binary)
LOAD CMakeFiles/uart.dir/uart.c.obj
LOAD CMakeFiles/uart.dir/ssd1306.c.obj
LOAD CMakeFiles/uart.dir/C_/Users/zjxu/Pico-v1.5.1/pico-sdk/src/rp2_common/pico_stdlib/stdlib.c.obj
LOAD CMakeFiles/uart.dir/C_/Users/zjxu/Pico-v1.5.1/pico-sdk/src/rp2_common/hardware_gpio/gpio.c.obj
LOAD CMakeFiles/uart.dir/C_/Users/zjxu/Pico-v1.5.1/pico-sdk/src/rp2_common/pico_platform/platform.c.obj
LOAD CMakeFiles/uart.dir/C_/Users/zjxu/Pico-v1.5.1/pico-sdk/src/rp2_common/hardware_claim/claim.c.obj
LOAD CMakeFiles/uart.dir/C_/Users/zjxu/Pico-v1.5.1/pico-sdk/src/rp2_common/hardware_sync/sync.c.obj
LOAD CMakeFiles/uart.dir/C_/Users/zjxu/Pico-v1.5.1/pico-sdk/src/rp2_common/hardware_irq/irq.c.obj
LOAD CMakeFiles/uart.dir/C_/Users/zjxu/Pico-v1.5.1/pico-sdk/src/rp2_common/hardware_irq/irq_handler_chain.S.obj
LOAD CMakeFiles/uart.dir/C_/Users/zjxu/Pico-v1.5.1/pico-sdk/src/common/pico_sync/sem.c.obj
LOAD CMakeFiles/uart.dir/C_/Users/zjxu/Pico-v1.5.1/pico-sdk/src/common/pico_sync/lock_core.c.obj
LOAD CMakeFiles/uart.dir/C_/Users/zjxu/Pico-v1.5.1/pico-sdk/src/common/pico_sync/mutex.c.obj
LOAD CMakeFiles/uart.dir/C_/Users/zjxu/Pico-v1.5.1/pico-sdk/src/common/pico_sync/critical_section.c.obj
LOAD CMakeFiles/uart.dir/C_/Users/zjxu/Pico-v1.5.1/pico-sdk/src/common/pico_time/time.c.obj
LOAD CMakeFiles/uart.dir/C_/Users/zjxu/Pico-v1.5.1/pico-sdk/src/common/pico_time/timeout_helper.c.obj
LOAD CMakeFiles/uart.dir/C_/Users/zjxu/Pico-v1.5.1/pico-sdk/src/rp2_common/hardware_timer/timer.c.obj
LOAD CMakeFiles/uart.dir/C_/Users/zjxu/Pico-v1.5.1/pico-sdk/src/common/pico_util/datetime.c.obj
LOAD CMakeFiles/uart.dir/C_/Users/zjxu/Pico-v1.5.1/pico-sdk/src/common/pico_util/pheap.c.obj
LOAD CMakeFiles/uart.dir/C_/Users/zjxu/Pico-v1.5.1/pico-sdk/src/common/pico_util/queue.c.obj
LOAD CMakeFiles/uart.dir/C_/Users/zjxu/Pico-v1.5.1/pico-sdk/src/rp2_common/hardware_uart/uart.c.obj
LOAD CMakeFiles/uart.dir/C_/Users/zjxu/Pico-v1.5.1/pico-sdk/src/rp2_common/hardware_clocks/clocks.c.obj
LOAD CMakeFiles/uart.dir/C_/Users/zjxu/Pico-v1.5.1/pico-sdk/src/rp2_common/hardware_pll/pll.c.obj
LOAD CMakeFiles/uart.dir/C_/Users/zjxu/Pico-v1.5.1/pico-sdk/src/rp2_common/hardware_vreg/vreg.c.obj
LOAD CMakeFiles/uart.dir/C_/Users/zjxu/Pico-v1.5.1/pico-sdk/src/rp2_common/hardware_watchdog/watchdog.c.obj
LOAD CMakeFiles/uart.dir/C_/Users/zjxu/Pico-v1.5.1/pico-sdk/src/rp2_common/hardware_xosc/xosc.c.obj
LOAD CMakeFiles/uart.dir/C_/Users/zjxu/Pico-v1.5.1/pico-sdk/src/rp2_common/hardware_divider/divider.S.obj
LOAD CMakeFiles/uart.dir/C_/Users/zjxu/Pico-v1.5.1/pico-sdk/src/rp2_common/pico_runtime/runtime.c.obj
LOAD CMakeFiles/uart.dir/C_/Users/zjxu/Pico-v1.5.1/pico-sdk/src/rp2_common/pico_printf/printf.c.obj
LOAD CMakeFiles/uart.dir/C_/Users/zjxu/Pico-v1.5.1/pico-sdk/src/rp2_common/pico_bit_ops/bit_ops_aeabi.S.obj
LOAD CMakeFiles/uart.dir/C_/Users/zjxu/Pico-v1.5.1/pico-sdk/src/rp2_common/pico_bootrom/bootrom.c.obj
LOAD CMakeFiles/uart.dir/C_/Users/zjxu/Pico-v1.5.1/pico-sdk/src/rp2_common/pico_divider/divider.S.obj
LOAD CMakeFiles/uart.dir/C_/Users/zjxu/Pico-v1.5.1/pico-sdk/src/rp2_common/pico_double/double_aeabi.S.obj
LOAD CMakeFiles/uart.dir/C_/Users/zjxu/Pico-v1.5.1/pico-sdk/src/rp2_common/pico_double/double_init_rom.c.obj
LOAD CMakeFiles/uart.dir/C_/Users/zjxu/Pico-v1.5.1/pico-sdk/src/rp2_common/pico_double/double_math.c.obj
LOAD CMakeFiles/uart.dir/C_/Users/zjxu/Pico-v1.5.1/pico-sdk/src/rp2_common/pico_double/double_v1_rom_shim.S.obj
LOAD CMakeFiles/uart.dir/C_/Users/zjxu/Pico-v1.5.1/pico-sdk/src/rp2_common/pico_int64_ops/pico_int64_ops_aeabi.S.obj
LOAD CMakeFiles/uart.dir/C_/Users/zjxu/Pico-v1.5.1/pico-sdk/src/rp2_common/pico_float/float_aeabi.S.obj
LOAD CMakeFiles/uart.dir/C_/Users/zjxu/Pico-v1.5.1/pico-sdk/src/rp2_common/pico_float/float_init_rom.c.obj
LOAD CMakeFiles/uart.dir/C_/Users/zjxu/Pico-v1.5.1/pico-sdk/src/rp2_common/pico_float/float_math.c.obj
LOAD CMakeFiles/uart.dir/C_/Users/zjxu/Pico-v1.5.1/pico-sdk/src/rp2_common/pico_float/float_v1_rom_shim.S.obj
LOAD CMakeFiles/uart.dir/C_/Users/zjxu/Pico-v1.5.1/pico-sdk/src/rp2_common/pico_malloc/pico_malloc.c.obj
LOAD CMakeFiles/uart.dir/C_/Users/zjxu/Pico-v1.5.1/pico-sdk/src/rp2_common/pico_mem_ops/mem_ops_aeabi.S.obj
LOAD CMakeFiles/uart.dir/C_/Users/zjxu/Pico-v1.5.1/pico-sdk/src/rp2_common/pico_standard_link/crt0.S.obj
LOAD CMakeFiles/uart.dir/C_/Users/zjxu/Pico-v1.5.1/pico-sdk/src/rp2_common/pico_standard_link/new_delete.cpp.obj
LOAD CMakeFiles/uart.dir/C_/Users/zjxu/Pico-v1.5.1/pico-sdk/src/rp2_common/pico_standard_link/binary_info.c.obj
LOAD CMakeFiles/uart.dir/C_/Users/zjxu/Pico-v1.5.1/pico-sdk/src/rp2_common/pico_stdio/stdio.c.obj
LOAD CMakeFiles/uart.dir/C_/Users/zjxu/Pico-v1.5.1/pico-sdk/src/rp2_common/pico_stdio_uart/stdio_uart.c.obj
LOAD CMakeFiles/uart.dir/C_/Users/zjxu/Pico-v1.5.1/pico-sdk/src/rp2_common/hardware_i2c/i2c.c.obj
LOAD C:\Users\zjxu\AppData\Local\Temp\cc8QbhMe.o
LOAD c:/progra~1/raspbe~1/picosd~1.1/gcc-ar~1/bin/../lib/gcc/arm-none-eabi/10.3.1/../../../../arm-none-eabi/lib/thumb/v6-m/nofp\libstdc++.a
LOAD c:/progra~1/raspbe~1/picosd~1.1/gcc-ar~1/bin/../lib/gcc/arm-none-eabi/10.3.1/../../../../arm-none-eabi/lib/thumb/v6-m/nofp\libm.a
START GROUP
LOAD c:/progra~1/raspbe~1/picosd~1.1/gcc-ar~1/bin/../lib/gcc/arm-none-eabi/10.3.1/thumb/v6-m/nofp\libgcc.a
LOAD c:/progra~1/raspbe~1/picosd~1.1/gcc-ar~1/bin/../lib/gcc/arm-none-eabi/10.3.1/../../../../arm-none-eabi/lib/thumb/v6-m/nofp\libg.a
LOAD c:/progra~1/raspbe~1/picosd~1.1/gcc-ar~1/bin/../lib/gcc/arm-none-eabi/10.3.1/../../../../arm-none-eabi/lib/thumb/v6-m/nofp\libc.a
END GROUP
START GROUP
LOAD c:/progra~1/raspbe~1/picosd~1.1/gcc-ar~1/bin/../lib/gcc/arm-none-eabi/10.3.1/thumb/v6-m/nofp\libgcc.a
LOAD c:/progra~1/raspbe~1/picosd~1.1/gcc-ar~1/bin/../lib/gcc/arm-none-eabi/10.3.1/../../../../arm-none-eabi/lib/thumb/v6-m/nofp\libc.a
LOAD c:/progra~1/raspbe~1/picosd~1.1/gcc-ar~1/bin/../lib/gcc/arm-none-eabi/10.3.1/../../../../arm-none-eabi/lib/thumb/v6-m/nofp\libnosys.a
END GROUP
LOAD c:/progra~1/raspbe~1/picosd~1.1/gcc-ar~1/bin/../lib/gcc/arm-none-eabi/10.3.1/thumb/v6-m/nofp/crtend.o
LOAD c:/progra~1/raspbe~1/picosd~1.1/gcc-ar~1/bin/../lib/gcc/arm-none-eabi/10.3.1/thumb/v6-m/nofp/crtn.o
OUTPUT(uart.elf elf32-littlearm)
LOAD linker stubs

.ARM.attributes
                0x00000000       0x28
 .ARM.attributes
                0x00000000       0x1e c:/progra~1/raspbe~1/picosd~1.1/gcc-ar~1/bin/../lib/gcc/arm-none-eabi/10.3.1/thumb/v6-m/nofp/crti.o
 .ARM.attributes
                0x0000001e       0x2c c:/progra~1/raspbe~1/picosd~1.1/gcc-ar~1/bin/../lib/gcc/arm-none-eabi/10.3.1/thumb/v6-m/nofp/crtbegin.o
 .ARM.attributes
                0x0000004a       0x2c CMakeFiles/uart.dir/uart.c.obj
 .ARM.attributes
                0x00000076       0x2c CMakeFiles/uart.dir/ssd1306.c.obj
 .ARM.attributes
                0x000000a2       0x2c CMakeFiles/uart.dir/C_/Users/zjxu/Pico-v1.5.1/pico-sdk/src/rp2_common/hardware_gpio/gpio.c.obj
 .ARM.attributes
                0x000000ce       0x2c CMakeFiles/uart.dir/C_/Users/zjxu/Pico-v1.5.1/pico-sdk/src/rp2_common/pico_platform/platform.c.obj
 .ARM.attributes
                0x000000fa       0x2c CMakeFiles/uart.dir/C_/Users/zjxu/Pico-v1.5.1/pico-sdk/src/rp2_common/hardware_claim/claim.c.obj
 .ARM.attributes
                0x00000126       0x2c CMakeFiles/uart.dir/C_/Users/zjxu/Pico-v1.5.1/pico-sdk/src/rp2_common/hardware_sync/sync.c.obj
 .ARM.attributes
                0x00000152       0x2c CMakeFiles/uart.dir/C_/Users/zjxu/Pico-v1.5.1/pico-sdk/src/rp2_common/hardware_irq/irq.c.obj
 .ARM.attributes
                0x0000017e       0x22 CMakeFiles/uart.dir/C_/Users/zjxu/Pico-v1.5.1/pico-sdk/src/rp2_common/hardware_irq/irq_handler_chain.S.obj
 .ARM.attributes
                0x000001a0       0x2c CMakeFiles/uart.dir/C_/Users/zjxu/Pico-v1.5.1/pico-sdk/src/common/pico_sync/lock_core.c.obj
 .ARM.attributes
                0x000001cc       0x2c CMakeFiles/uart.dir/C_/Users/zjxu/Pico-v1.5.1/pico-sdk/src/common/pico_sync/mutex.c.obj
 .ARM.attributes
                0x000001f8       0x2c CMakeFiles/uart.dir/C_/Users/zjxu/Pico-v1.5.1/pico-sdk/src/common/pico_time/time.c.obj
 .ARM.attributes
                0x00000224       0x2c CMakeFiles/uart.dir/C_/Users/zjxu/Pico-v1.5.1/pico-sdk/src/rp2_common/hardware_timer/timer.c.obj
 .ARM.attributes
                0x00000250       0x2c CMakeFiles/uart.dir/C_/Users/zjxu/Pico-v1.5.1/pico-sdk/src/common/pico_util/pheap.c.obj
 .ARM.attributes
                0x0000027c       0x2c CMakeFiles/uart.dir/C_/Users/zjxu/Pico-v1.5.1/pico-sdk/src/rp2_common/hardware_uart/uart.c.obj
 .ARM.attributes
                0x000002a8       0x2c CMakeFiles/uart.dir/C_/Users/zjxu/Pico-v1.5.1/pico-sdk/src/rp2_common/hardware_clocks/clocks.c.obj
 .ARM.attributes
                0x000002d4       0x2c CMakeFiles/uart.dir/C_/Users/zjxu/Pico-v1.5.1/pico-sdk/src/rp2_common/hardware_pll/pll.c.obj
 .ARM.attributes
                0x00000300       0x2c CMakeFiles/uart.dir/C_/Users/zjxu/Pico-v1.5.1/pico-sdk/src/rp2_common/hardware_watchdog/watchdog.c.obj
 .ARM.attributes
                0x0000032c       0x2c CMakeFiles/uart.dir/C_/Users/zjxu/Pico-v1.5.1/pico-sdk/src/rp2_common/hardware_xosc/xosc.c.obj
 .ARM.attributes
                0x00000358       0x2c CMakeFiles/uart.dir/C_/Users/zjxu/Pico-v1.5.1/pico-sdk/src/rp2_common/pico_runtime/runtime.c.obj
 .ARM.attributes
                0x00000384       0x2c CMakeFiles/uart.dir/C_/Users/zjxu/Pico-v1.5.1/pico-sdk/src/rp2_common/pico_printf/printf.c.obj
 .ARM.attributes
                0x000003b0       0x22 CMakeFiles/uart.dir/C_/Users/zjxu/Pico-v1.5.1/pico-sdk/src/rp2_common/pico_bit_ops/bit_ops_aeabi.S.obj
 .ARM.attributes
                0x000003d2       0x2c CMakeFiles/uart.dir/C_/Users/zjxu/Pico-v1.5.1/pico-sdk/src/rp2_common/pico_bootrom/bootrom.c.obj
 .ARM.attributes
                0x000003fe       0x22 CMakeFiles/uart.dir/C_/Users/zjxu/Pico-v1.5.1/pico-sdk/src/rp2_common/pico_divider/divider.S.obj
 .ARM.attributes
                0x00000420       0x22 CMakeFiles/uart.dir/C_/Users/zjxu/Pico-v1.5.1/pico-sdk/src/rp2_common/pico_double/double_aeabi.S.obj
 .ARM.attributes
                0x00000442       0x2c CMakeFiles/uart.dir/C_/Users/zjxu/Pico-v1.5.1/pico-sdk/src/rp2_common/pico_double/double_init_rom.c.obj
 .ARM.attributes
                0x0000046e       0x22 CMakeFiles/uart.dir/C_/Users/zjxu/Pico-v1.5.1/pico-sdk/src/rp2_common/pico_double/double_v1_rom_shim.S.obj
 .ARM.attributes
                0x00000490       0x22 CMakeFiles/uart.dir/C_/Users/zjxu/Pico-v1.5.1/pico-sdk/src/rp2_common/pico_int64_ops/pico_int64_ops_aeabi.S.obj
 .ARM.attributes
                0x000004b2       0x22 CMakeFiles/uart.dir/C_/Users/zjxu/Pico-v1.5.1/pico-sdk/src/rp2_common/pico_float/float_aeabi.S.obj
 .ARM.attributes
                0x000004d4       0x2c CMakeFiles/uart.dir/C_/Users/zjxu/Pico-v1.5.1/pico-sdk/src/rp2_common/pico_float/float_init_rom.c.obj
 .ARM.attributes
                0x00000500       0x22 CMakeFiles/uart.dir/C_/Users/zjxu/Pico-v1.5.1/pico-sdk/src/rp2_common/pico_float/float_v1_rom_shim.S.obj
 .ARM.attributes
                0x00000522       0x22 CMakeFiles/uart.dir/C_/Users/zjxu/Pico-v1.5.1/pico-sdk/src/rp2_common/pico_mem_ops/mem_ops_aeabi.S.obj
 .ARM.attributes
                0x00000544       0x22 CMakeFiles/uart.dir/C_/Users/zjxu/Pico-v1.5.1/pico-sdk/src/rp2_common/pico_standard_link/crt0.S.obj
 .ARM.attributes
                0x00000566       0x2c CMakeFiles/uart.dir/C_/Users/zjxu/Pico-v1.5.1/pico-sdk/src/rp2_common/pico_standard_link/binary_info.c.obj
 .ARM.attributes
                0x00000592       0x2c CMakeFiles/uart.dir/C_/Users/zjxu/Pico-v1.5.1/pico-sdk/src/rp2_common/pico_stdio/stdio.c.obj
 .ARM.attributes
                0x000005be       0x2c CMakeFiles/uart.dir/C_/Users/zjxu/Pico-v1.5.1/pico-sdk/src/rp2_common/pico_stdio_uart/stdio_uart.c.obj
 .ARM.attributes
                0x000005ea       0x2c CMakeFiles/uart.dir/C_/Users/zjxu/Pico-v1.5.1/pico-sdk/src/rp2_common/hardware_i2c/i2c.c.obj
 .ARM.attributes
                0x00000616       0x22 C:\Users\zjxu\AppData\Local\Temp\cc8QbhMe.o
 .ARM.attributes
                0x00000638       0x1e c:/progra~1/raspbe~1/picosd~1.1/gcc-ar~1/bin/../lib/gcc/arm-none-eabi/10.3.1/thumb/v6-m/nofp\libgcc.a(_dvmd_tls.o)
 .ARM.attributes
                0x00000656       0x2c c:/progra~1/raspbe~1/picosd~1.1/gcc-ar~1/bin/../lib/gcc/arm-none-eabi/10.3.1/../../../../arm-none-eabi/lib/thumb/v6-m/nofp\libg.a(lib_a-strlen-stub.o)

.comment        0x00000000       0x49
 .comment       0x00000000       0x49 CMakeFiles/uart.dir/uart.c.obj
                                 0x4a (size before relaxing)
 .comment       0x00000049       0x4a CMakeFiles/uart.dir/ssd1306.c.obj
 .comment       0x00000049       0x4a CMakeFiles/uart.dir/C_/Users/zjxu/Pico-v1.5.1/pico-sdk/src/rp2_common/hardware_gpio/gpio.c.obj
 .comment       0x00000049       0x4a CMakeFiles/uart.dir/C_/Users/zjxu/Pico-v1.5.1/pico-sdk/src/rp2_common/pico_platform/platform.c.obj
 .comment       0x00000049       0x4a CMakeFiles/uart.dir/C_/Users/zjxu/Pico-v1.5.1/pico-sdk/src/rp2_common/hardware_claim/claim.c.obj
 .comment       0x00000049       0x4a CMakeFiles/uart.dir/C_/Users/zjxu/Pico-v1.5.1/pico-sdk/src/rp2_common/hardware_sync/sync.c.obj
 .comment       0x00000049       0x4a CMakeFiles/uart.dir/C_/Users/zjxu/Pico-v1.5.1/pico-sdk/src/rp2_common/hardware_irq/irq.c.obj
 .comment       0x00000049       0x4a CMakeFiles/uart.dir/C_/Users/zjxu/Pico-v1.5.1/pico-sdk/src/common/pico_sync/lock_core.c.obj
 .comment       0x00000049       0x4a CMakeFiles/uart.dir/C_/Users/zjxu/Pico-v1.5.1/pico-sdk/src/common/pico_sync/mutex.c.obj
 .comment       0x00000049       0x4a CMakeFiles/uart.dir/C_/Users/zjxu/Pico-v1.5.1/pico-sdk/src/common/pico_time/time.c.obj
 .comment       0x00000049       0x4a CMakeFiles/uart.dir/C_/Users/zjxu/Pico-v1.5.1/pico-sdk/src/rp2_common/hardware_timer/timer.c.obj
 .comment       0x00000049       0x4a CMakeFiles/uart.dir/C_/Users/zjxu/Pico-v1.5.1/pico-sdk/src/common/pico_util/pheap.c.obj
 .comment       0x00000049       0x4a CMakeFiles/uart.dir/C_/Users/zjxu/Pico-v1.5.1/pico-sdk/src/rp2_common/hardware_uart/uart.c.obj
 .comment       0x00000049       0x4a CMakeFiles/uart.dir/C_/Users/zjxu/Pico-v1.5.1/pico-sdk/src/rp2_common/hardware_clocks/clocks.c.obj
 .comment       0x00000049       0x4a CMakeFiles/uart.dir/C_/Users/zjxu/Pico-v1.5.1/pico-sdk/src/rp2_common/hardware_pll/pll.c.obj
 .comment       0x00000049       0x4a CMakeFiles/uart.dir/C_/Users/zjxu/Pico-v1.5.1/pico-sdk/src/rp2_common/hardware_watchdog/watchdog.c.obj
 .comment       0x00000049       0x4a CMakeFiles/uart.dir/C_/Users/zjxu/Pico-v1.5.1/pico-sdk/src/rp2_common/hardware_xosc/xosc.c.obj
 .comment       0x00000049       0x4a CMakeFiles/uart.dir/C_/Users/zjxu/Pico-v1.5.1/pico-sdk/src/rp2_common/pico_runtime/runtime.c.obj
 .comment       0x00000049       0x4a CMakeFiles/uart.dir/C_/Users/zjxu/Pico-v1.5.1/pico-sdk/src/rp2_common/pico_printf/printf.c.obj
 .comment       0x00000049       0x4a CMakeFiles/uart.dir/C_/Users/zjxu/Pico-v1.5.1/pico-sdk/src/rp2_common/pico_bootrom/bootrom.c.obj
 .comment       0x00000049       0x4a CMakeFiles/uart.dir/C_/Users/zjxu/Pico-v1.5.1/pico-sdk/src/rp2_common/pico_double/double_init_rom.c.obj
 .comment       0x00000049       0x4a CMakeFiles/uart.dir/C_/Users/zjxu/Pico-v1.5.1/pico-sdk/src/rp2_common/pico_float/float_init_rom.c.obj
 .comment       0x00000049       0x4a CMakeFiles/uart.dir/C_/Users/zjxu/Pico-v1.5.1/pico-sdk/src/rp2_common/pico_standard_link/binary_info.c.obj
 .comment       0x00000049       0x4a CMakeFiles/uart.dir/C_/Users/zjxu/Pico-v1.5.1/pico-sdk/src/rp2_common/pico_stdio/stdio.c.obj
 .comment       0x00000049       0x4a CMakeFiles/uart.dir/C_/Users/zjxu/Pico-v1.5.1/pico-sdk/src/rp2_common/pico_stdio_uart/stdio_uart.c.obj
 .comment       0x00000049       0x4a CMakeFiles/uart.dir/C_/Users/zjxu/Pico-v1.5.1/pico-sdk/src/rp2_common/hardware_i2c/i2c.c.obj

.debug_info     0x00000000    0x1888f
 .debug_info    0x00000000     0x1557 CMakeFiles/uart.dir/uart.c.obj
 .debug_info    0x00001557      0x7c8 CMakeFiles/uart.dir/ssd1306.c.obj
 .debug_info    0x00001d1f     0x187e CMakeFiles/uart.dir/C_/Users/zjxu/Pico-v1.5.1/pico-sdk/src/rp2_common/hardware_gpio/gpio.c.obj
 .debug_info    0x0000359d      0x1e3 CMakeFiles/uart.dir/C_/Users/zjxu/Pico-v1.5.1/pico-sdk/src/rp2_common/pico_platform/platform.c.obj
 .debug_info    0x00003780      0x6be CMakeFiles/uart.dir/C_/Users/zjxu/Pico-v1.5.1/pico-sdk/src/rp2_common/hardware_claim/claim.c.obj
 .debug_info    0x00003e3e      0x58e CMakeFiles/uart.dir/C_/Users/zjxu/Pico-v1.5.1/pico-sdk/src/rp2_common/hardware_sync/sync.c.obj
 .debug_info    0x000043cc     0x1c9e CMakeFiles/uart.dir/C_/Users/zjxu/Pico-v1.5.1/pico-sdk/src/rp2_common/hardware_irq/irq.c.obj
 .debug_info    0x0000606a      0x1a4 CMakeFiles/uart.dir/C_/Users/zjxu/Pico-v1.5.1/pico-sdk/src/common/pico_sync/lock_core.c.obj
 .debug_info    0x0000620e     0x20d5 CMakeFiles/uart.dir/C_/Users/zjxu/Pico-v1.5.1/pico-sdk/src/common/pico_sync/mutex.c.obj
 .debug_info    0x000082e3     0x4068 CMakeFiles/uart.dir/C_/Users/zjxu/Pico-v1.5.1/pico-sdk/src/common/pico_time/time.c.obj
 .debug_info    0x0000c34b     0x13f0 CMakeFiles/uart.dir/C_/Users/zjxu/Pico-v1.5.1/pico-sdk/src/rp2_common/hardware_timer/timer.c.obj
 .debug_info    0x0000d73b     0x123b CMakeFiles/uart.dir/C_/Users/zjxu/Pico-v1.5.1/pico-sdk/src/common/pico_util/pheap.c.obj
 .debug_info    0x0000e976      0xdd2 CMakeFiles/uart.dir/C_/Users/zjxu/Pico-v1.5.1/pico-sdk/src/rp2_common/hardware_uart/uart.c.obj
 .debug_info    0x0000f748      0xfcf CMakeFiles/uart.dir/C_/Users/zjxu/Pico-v1.5.1/pico-sdk/src/rp2_common/hardware_clocks/clocks.c.obj
 .debug_info    0x00010717      0x51b CMakeFiles/uart.dir/C_/Users/zjxu/Pico-v1.5.1/pico-sdk/src/rp2_common/hardware_pll/pll.c.obj
 .debug_info    0x00010c32      0x4ee CMakeFiles/uart.dir/C_/Users/zjxu/Pico-v1.5.1/pico-sdk/src/rp2_common/hardware_watchdog/watchdog.c.obj
 .debug_info    0x00011120      0x1d8 CMakeFiles/uart.dir/C_/Users/zjxu/Pico-v1.5.1/pico-sdk/src/rp2_common/hardware_xosc/xosc.c.obj
 .debug_info    0x000112f8     0x1053 CMakeFiles/uart.dir/C_/Users/zjxu/Pico-v1.5.1/pico-sdk/src/rp2_common/pico_runtime/runtime.c.obj
 .debug_info    0x0001234b     0x1a5f CMakeFiles/uart.dir/C_/Users/zjxu/Pico-v1.5.1/pico-sdk/src/rp2_common/pico_printf/printf.c.obj
 .debug_info    0x00013daa       0x22 CMakeFiles/uart.dir/C_/Users/zjxu/Pico-v1.5.1/pico-sdk/src/rp2_common/pico_bit_ops/bit_ops_aeabi.S.obj
 .debug_info    0x00013dcc      0x27c CMakeFiles/uart.dir/C_/Users/zjxu/Pico-v1.5.1/pico-sdk/src/rp2_common/pico_bootrom/bootrom.c.obj
 .debug_info    0x00014048       0x22 CMakeFiles/uart.dir/C_/Users/zjxu/Pico-v1.5.1/pico-sdk/src/rp2_common/pico_divider/divider.S.obj
 .debug_info    0x0001406a       0x22 CMakeFiles/uart.dir/C_/Users/zjxu/Pico-v1.5.1/pico-sdk/src/rp2_common/pico_double/double_aeabi.S.obj
 .debug_info    0x0001408c      0x2d1 CMakeFiles/uart.dir/C_/Users/zjxu/Pico-v1.5.1/pico-sdk/src/rp2_common/pico_double/double_init_rom.c.obj
 .debug_info    0x0001435d       0x22 CMakeFiles/uart.dir/C_/Users/zjxu/Pico-v1.5.1/pico-sdk/src/rp2_common/pico_double/double_v1_rom_shim.S.obj
 .debug_info    0x0001437f       0x26 CMakeFiles/uart.dir/C_/Users/zjxu/Pico-v1.5.1/pico-sdk/src/rp2_common/pico_int64_ops/pico_int64_ops_aeabi.S.obj
 .debug_info    0x000143a5       0x22 CMakeFiles/uart.dir/C_/Users/zjxu/Pico-v1.5.1/pico-sdk/src/rp2_common/pico_float/float_aeabi.S.obj
 .debug_info    0x000143c7      0x2eb CMakeFiles/uart.dir/C_/Users/zjxu/Pico-v1.5.1/pico-sdk/src/rp2_common/pico_float/float_init_rom.c.obj
 .debug_info    0x000146b2       0x22 CMakeFiles/uart.dir/C_/Users/zjxu/Pico-v1.5.1/pico-sdk/src/rp2_common/pico_float/float_v1_rom_shim.S.obj
 .debug_info    0x000146d4       0x22 CMakeFiles/uart.dir/C_/Users/zjxu/Pico-v1.5.1/pico-sdk/src/rp2_common/pico_mem_ops/mem_ops_aeabi.S.obj
 .debug_info    0x000146f6       0x22 CMakeFiles/uart.dir/C_/Users/zjxu/Pico-v1.5.1/pico-sdk/src/rp2_common/pico_standard_link/crt0.S.obj
 .debug_info    0x00014718      0x2fb CMakeFiles/uart.dir/C_/Users/zjxu/Pico-v1.5.1/pico-sdk/src/rp2_common/pico_standard_link/binary_info.c.obj
 .debug_info    0x00014a13     0x1827 CMakeFiles/uart.dir/C_/Users/zjxu/Pico-v1.5.1/pico-sdk/src/rp2_common/pico_stdio/stdio.c.obj
 .debug_info    0x0001623a     0x104f CMakeFiles/uart.dir/C_/Users/zjxu/Pico-v1.5.1/pico-sdk/src/rp2_common/pico_stdio_uart/stdio_uart.c.obj
 .debug_info    0x00017289     0x1606 CMakeFiles/uart.dir/C_/Users/zjxu/Pico-v1.5.1/pico-sdk/src/rp2_common/hardware_i2c/i2c.c.obj

.debug_abbrev   0x00000000     0x4ae6
 .debug_abbrev  0x00000000      0x41d CMakeFiles/uart.dir/uart.c.obj
 .debug_abbrev  0x0000041d      0x1ac CMakeFiles/uart.dir/ssd1306.c.obj
 .debug_abbrev  0x000005c9      0x379 CMakeFiles/uart.dir/C_/Users/zjxu/Pico-v1.5.1/pico-sdk/src/rp2_common/hardware_gpio/gpio.c.obj
 .debug_abbrev  0x00000942       0xeb CMakeFiles/uart.dir/C_/Users/zjxu/Pico-v1.5.1/pico-sdk/src/rp2_common/pico_platform/platform.c.obj
 .debug_abbrev  0x00000a2d      0x2e9 CMakeFiles/uart.dir/C_/Users/zjxu/Pico-v1.5.1/pico-sdk/src/rp2_common/hardware_claim/claim.c.obj
 .debug_abbrev  0x00000d16      0x21b CMakeFiles/uart.dir/C_/Users/zjxu/Pico-v1.5.1/pico-sdk/src/rp2_common/hardware_sync/sync.c.obj
 .debug_abbrev  0x00000f31      0x4e7 CMakeFiles/uart.dir/C_/Users/zjxu/Pico-v1.5.1/pico-sdk/src/rp2_common/hardware_irq/irq.c.obj
 .debug_abbrev  0x00001418      0x116 CMakeFiles/uart.dir/C_/Users/zjxu/Pico-v1.5.1/pico-sdk/src/common/pico_sync/lock_core.c.obj
 .debug_abbrev  0x0000152e      0x397 CMakeFiles/uart.dir/C_/Users/zjxu/Pico-v1.5.1/pico-sdk/src/common/pico_sync/mutex.c.obj
 .debug_abbrev  0x000018c5      0x571 CMakeFiles/uart.dir/C_/Users/zjxu/Pico-v1.5.1/pico-sdk/src/common/pico_time/time.c.obj
 .debug_abbrev  0x00001e36      0x3b8 CMakeFiles/uart.dir/C_/Users/zjxu/Pico-v1.5.1/pico-sdk/src/rp2_common/hardware_timer/timer.c.obj
 .debug_abbrev  0x000021ee      0x297 CMakeFiles/uart.dir/C_/Users/zjxu/Pico-v1.5.1/pico-sdk/src/common/pico_util/pheap.c.obj
 .debug_abbrev  0x00002485      0x31c CMakeFiles/uart.dir/C_/Users/zjxu/Pico-v1.5.1/pico-sdk/src/rp2_common/hardware_uart/uart.c.obj
 .debug_abbrev  0x000027a1      0x3c7 CMakeFiles/uart.dir/C_/Users/zjxu/Pico-v1.5.1/pico-sdk/src/rp2_common/hardware_clocks/clocks.c.obj
 .debug_abbrev  0x00002b68      0x1ea CMakeFiles/uart.dir/C_/Users/zjxu/Pico-v1.5.1/pico-sdk/src/rp2_common/hardware_pll/pll.c.obj
 .debug_abbrev  0x00002d52      0x1a8 CMakeFiles/uart.dir/C_/Users/zjxu/Pico-v1.5.1/pico-sdk/src/rp2_common/hardware_watchdog/watchdog.c.obj
 .debug_abbrev  0x00002efa      0x109 CMakeFiles/uart.dir/C_/Users/zjxu/Pico-v1.5.1/pico-sdk/src/rp2_common/hardware_xosc/xosc.c.obj
 .debug_abbrev  0x00003003      0x4cb CMakeFiles/uart.dir/C_/Users/zjxu/Pico-v1.5.1/pico-sdk/src/rp2_common/pico_runtime/runtime.c.obj
 .debug_abbrev  0x000034ce      0x384 CMakeFiles/uart.dir/C_/Users/zjxu/Pico-v1.5.1/pico-sdk/src/rp2_common/pico_printf/printf.c.obj
 .debug_abbrev  0x00003852       0x12 CMakeFiles/uart.dir/C_/Users/zjxu/Pico-v1.5.1/pico-sdk/src/rp2_common/pico_bit_ops/bit_ops_aeabi.S.obj
 .debug_abbrev  0x00003864      0x13b CMakeFiles/uart.dir/C_/Users/zjxu/Pico-v1.5.1/pico-sdk/src/rp2_common/pico_bootrom/bootrom.c.obj
 .debug_abbrev  0x0000399f       0x12 CMakeFiles/uart.dir/C_/Users/zjxu/Pico-v1.5.1/pico-sdk/src/rp2_common/pico_divider/divider.S.obj
 .debug_abbrev  0x000039b1       0x12 CMakeFiles/uart.dir/C_/Users/zjxu/Pico-v1.5.1/pico-sdk/src/rp2_common/pico_double/double_aeabi.S.obj
 .debug_abbrev  0x000039c3      0x179 CMakeFiles/uart.dir/C_/Users/zjxu/Pico-v1.5.1/pico-sdk/src/rp2_common/pico_double/double_init_rom.c.obj
 .debug_abbrev  0x00003b3c       0x12 CMakeFiles/uart.dir/C_/Users/zjxu/Pico-v1.5.1/pico-sdk/src/rp2_common/pico_double/double_v1_rom_shim.S.obj
 .debug_abbrev  0x00003b4e       0x14 CMakeFiles/uart.dir/C_/Users/zjxu/Pico-v1.5.1/pico-sdk/src/rp2_common/pico_int64_ops/pico_int64_ops_aeabi.S.obj
 .debug_abbrev  0x00003b62       0x12 CMakeFiles/uart.dir/C_/Users/zjxu/Pico-v1.5.1/pico-sdk/src/rp2_common/pico_float/float_aeabi.S.obj
 .debug_abbrev  0x00003b74      0x18c CMakeFiles/uart.dir/C_/Users/zjxu/Pico-v1.5.1/pico-sdk/src/rp2_common/pico_float/float_init_rom.c.obj
 .debug_abbrev  0x00003d00       0x12 CMakeFiles/uart.dir/C_/Users/zjxu/Pico-v1.5.1/pico-sdk/src/rp2_common/pico_float/float_v1_rom_shim.S.obj
 .debug_abbrev  0x00003d12       0x12 CMakeFiles/uart.dir/C_/Users/zjxu/Pico-v1.5.1/pico-sdk/src/rp2_common/pico_mem_ops/mem_ops_aeabi.S.obj
 .debug_abbrev  0x00003d24       0x12 CMakeFiles/uart.dir/C_/Users/zjxu/Pico-v1.5.1/pico-sdk/src/rp2_common/pico_standard_link/crt0.S.obj
 .debug_abbrev  0x00003d36       0xad CMakeFiles/uart.dir/C_/Users/zjxu/Pico-v1.5.1/pico-sdk/src/rp2_common/pico_standard_link/binary_info.c.obj
 .debug_abbrev  0x00003de3      0x4a5 CMakeFiles/uart.dir/C_/Users/zjxu/Pico-v1.5.1/pico-sdk/src/rp2_common/pico_stdio/stdio.c.obj
 .debug_abbrev  0x00004288      0x3e8 CMakeFiles/uart.dir/C_/Users/zjxu/Pico-v1.5.1/pico-sdk/src/rp2_common/pico_stdio_uart/stdio_uart.c.obj
 .debug_abbrev  0x00004670      0x476 CMakeFiles/uart.dir/C_/Users/zjxu/Pico-v1.5.1/pico-sdk/src/rp2_common/hardware_i2c/i2c.c.obj

.debug_loc      0x00000000    0x10693
 .debug_loc     0x00000000      0x71b CMakeFiles/uart.dir/uart.c.obj
 .debug_loc     0x0000071b       0xf9 CMakeFiles/uart.dir/ssd1306.c.obj
 .debug_loc     0x00000814     0x1237 CMakeFiles/uart.dir/C_/Users/zjxu/Pico-v1.5.1/pico-sdk/src/rp2_common/hardware_gpio/gpio.c.obj
 .debug_loc     0x00001a4b       0xe9 CMakeFiles/uart.dir/C_/Users/zjxu/Pico-v1.5.1/pico-sdk/src/rp2_common/pico_platform/platform.c.obj
 .debug_loc     0x00001b34      0x45f CMakeFiles/uart.dir/C_/Users/zjxu/Pico-v1.5.1/pico-sdk/src/rp2_common/hardware_claim/claim.c.obj
 .debug_loc     0x00001f93      0x233 CMakeFiles/uart.dir/C_/Users/zjxu/Pico-v1.5.1/pico-sdk/src/rp2_common/hardware_sync/sync.c.obj
 .debug_loc     0x000021c6     0x13f5 CMakeFiles/uart.dir/C_/Users/zjxu/Pico-v1.5.1/pico-sdk/src/rp2_common/hardware_irq/irq.c.obj
 .debug_loc     0x000035bb       0x60 CMakeFiles/uart.dir/C_/Users/zjxu/Pico-v1.5.1/pico-sdk/src/common/pico_sync/lock_core.c.obj
 .debug_loc     0x0000361b     0x152e CMakeFiles/uart.dir/C_/Users/zjxu/Pico-v1.5.1/pico-sdk/src/common/pico_sync/mutex.c.obj
 .debug_loc     0x00004b49     0x31e5 CMakeFiles/uart.dir/C_/Users/zjxu/Pico-v1.5.1/pico-sdk/src/common/pico_time/time.c.obj
 .debug_loc     0x00007d2e      0xacb CMakeFiles/uart.dir/C_/Users/zjxu/Pico-v1.5.1/pico-sdk/src/rp2_common/hardware_timer/timer.c.obj
 .debug_loc     0x000087f9     0x1446 CMakeFiles/uart.dir/C_/Users/zjxu/Pico-v1.5.1/pico-sdk/src/common/pico_util/pheap.c.obj
 .debug_loc     0x00009c3f      0x83b CMakeFiles/uart.dir/C_/Users/zjxu/Pico-v1.5.1/pico-sdk/src/rp2_common/hardware_uart/uart.c.obj
 .debug_loc     0x0000a47a      0x832 CMakeFiles/uart.dir/C_/Users/zjxu/Pico-v1.5.1/pico-sdk/src/rp2_common/hardware_clocks/clocks.c.obj
 .debug_loc     0x0000acac      0x310 CMakeFiles/uart.dir/C_/Users/zjxu/Pico-v1.5.1/pico-sdk/src/rp2_common/hardware_pll/pll.c.obj
 .debug_loc     0x0000afbc      0x2ec CMakeFiles/uart.dir/C_/Users/zjxu/Pico-v1.5.1/pico-sdk/src/rp2_common/hardware_watchdog/watchdog.c.obj
 .debug_loc     0x0000b2a8       0x71 CMakeFiles/uart.dir/C_/Users/zjxu/Pico-v1.5.1/pico-sdk/src/rp2_common/hardware_xosc/xosc.c.obj